I/block   (18717): com.gameloft.android.ANMP.GloftDMHM ** BLOCKED java/net/URL.openConnection()Ljava/net/URLConnection; from com/gameloft/android/ANMP/GloftDMHM/GLUtils/HTTP.run()V
I/block   (18717): com.gameloft.android.ANMP.GloftDMHM ** BLOCKED java/net/URL.openConnection()Ljava/net/URLConnection; from com/gameloft/android/ANMP/GloftDMHM/GLUtils/l.run()V
I/block   (18817): com.gameloft.android.ANMP.GloftDMHM ** BLOCKED java/net/URL.openConnection()Ljava/net/URLConnection; from com/gameloft/android/ANMP/GloftDMHM/GLUtils/HTTP.run()V
I/block   (18817): com.gameloft.android.ANMP.GloftDMHM ** BLOCKED java/net/URL.openConnection()Ljava/net/URLConnection; from com/gameloft/android/ANMP/GloftDMHM/GLUtils/l.run()V
I/block   (18928): com.gameloft.android.ANMP.GloftDMHM ** BLOCKED java/net/URL.openConnection()Ljava/net/URLConnection; from com/gameloft/android/ANMP/GloftDMHM/GLUtils/HTTP.run()V
I/block   (18928): com.gameloft.android.ANMP.GloftDMHM ** BLOCKED java/net/URL.openConnection()Ljava/net/URLConnection; from com/gameloft/android/ANMP/GloftDMHM/GLUtils/l.run()V
I/block   ( 3278): com.cleanmaster.mguard ** BLOCKED java/net/URL.openConnection()Ljava/net/URLConnection; from com/cleanmaster/kinfoc/base/i.b(Lcom/cleanmaster/kinfoc/k;Ljava/lang/String;Lcom/cleanmaster/kinfoc/f;)Z
I/block   (18175): com.walmart.android ** BLOCKED org/apache/http/client/HttpClient.execute(Lorg/apache/http/client/methods/HttpUriRequest;)Lorg/apache/http/HttpResponse; from com/walmartlabs/analytics/anivia/AniviaEventSender.sendEvents(Lorg/codehaus/jackson/node/ArrayNode;)Z
I/block   (19093): com.activision.callofduty.heroes ** BLOCKED org/apache/http/impl/client/DefaultHttpClient.execute(Lorg/apache/http/client/methods/HttpUriRequest;)Lorg/apache/http/HttpResponse; from com/inmobi/adtracker/androidsdk/impl/net/NetworkInterface.i()V
I/block   (19093): com.activision.callofduty.heroes ** BLOCKED org/apache/http/impl/client/DefaultHttpClient.execute(Lorg/apache/http/client/methods/HttpUriRequest;)Lorg/apache/http/HttpResponse; from com/inmobi/adtracker/androidsdk/impl/net/NetworkInterface.i()V
I/block   (19093): com.activision.callofduty.heroes ** BLOCKED org/apache/http/impl/client/DefaultHttpClient.execute(Lorg/apache/http/client/methods/HttpUriRequest;)Lorg/apache/http/HttpResponse; from com/inmobi/adtracker/androidsdk/impl/net/NetworkInterface.i()V
I/block   ( 3278): com.cleanmaster.mguard ** BLOCKED java/net/URL.openConnection()Ljava/net/URLConnection; from com/cleanmaster/kinfoc/base/i.b(Lcom/cleanmaster/kinfoc/k;Ljava/lang/String;Lcom/cleanmaster/kinfoc/f;)Z
I/block   (19986): com.walmart.android ** BLOCKED org/apache/http/client/HttpClient.execute(Lorg/apache/http/client/methods/HttpUriRequest;)Lorg/apache/http/HttpResponse; from RLSDK/b$a.a([Ljava/util/ArrayList;)Ljava/lang/Void;
I/block   (20480): com.cleanmaster.mguard ** BLOCKED java/net/URL.openConnection()Ljava/net/URLConnection; from com/keniu/security/update/b/g.a(Ljava/lang/String;Ljava/lang/Object;)I
I/block   (20480): com.cleanmaster.mguard ** BLOCKED java/net/URL.openConnection()Ljava/net/URLConnection; from com/keniu/security/update/b/g.a(Ljava/lang/String;Ljava/lang/Object;)I
I/block   (20536): com.cleanmaster.mguard ** BLOCKED org/apache/http/client/HttpClient.execute(Lorg/apache/http/client/methods/HttpUriRequest;)Lorg/apache/http/HttpResponse; from com/cleanmaster/net/i.a(Lcom/cleanmaster/net/Request;Lcom/cleanmaster/net/m;)Lcom/cleanmaster/net/Response;
I/block   (20536): com.cleanmaster.mguard ** BLOCKED org/apache/http/client/HttpClient.execute(Lorg/apache/http/client/methods/HttpUriRequest;)Lorg/apache/http/HttpResponse; from com/cleanmaster/net/i.a(Lcom/cleanmaster/net/Request;Lcom/cleanmaster/net/m;)Lcom/cleanmaster/net/Response;
I/block   (20536): com.cleanmaster.mguard ** BLOCKED org/apache/http/client/HttpClient.execute(Lorg/apache/http/client/methods/HttpUriRequest;)Lorg/apache/http/HttpResponse; from com/cleanmaster/net/i.a(Lcom/cleanmaster/net/Request;Lcom/cleanmaster/net/m;)Lcom/cleanmaster/net/Response;
I/block   (20536): com.cleanmaster.mguard ** BLOCKED org/apache/http/client/HttpClient.execute(Lorg/apache/http/client/methods/HttpUriRequest;)Lorg/apache/http/HttpResponse; from com/cleanmaster/net/i.a(Lcom/cleanmaster/net/Request;Lcom/cleanmaster/net/m;)Lcom/cleanmaster/net/Response;
I/block   (20480): com.cleanmaster.mguard ** BLOCKED java/net/URL.openConnection()Ljava/net/URLConnection; from com/ijinshan/krcmd/util/c.a(Ljava/lang/String;II)Ljava/lang/String;
I/block   (20480): com.cleanmaster.mguard ** BLOCKED java/net/URL.openConnection()Ljava/net/URLConnection; from com/ijinshan/krcmd/util/c.a(Ljava/lang/String;II)Ljava/lang/String;
I/block   (20480): com.cleanmaster.mguard ** BLOCKED java/net/URL.openConnection()Ljava/net/URLConnection; from com/ijinshan/krcmd/util/c.a(Ljava/lang/String;II)Ljava/lang/String;
I/block   (20480): com.cleanmaster.mguard ** BLOCKED java/net/URL.openConnection()Ljava/net/URLConnection; from com/ijinshan/krcmd/util/c.a(Ljava/lang/String;II)Ljava/lang/String;
I/block   (20480): com.cleanmaster.mguard ** BLOCKED java/net/URL.openConnection()Ljava/net/URLConnection; from com/ijinshan/krcmd/util/c.a(Ljava/lang/String;II)Ljava/lang/String;
I/block   (20480): com.cleanmaster.mguard ** BLOCKED java/net/URL.openConnection()Ljava/net/URLConnection; from com/cleanmaster/cleancloud/core/base/ai.a([BI)Lcom/cleanmaster/cleancloud/core/base/aj;
I/block   (20480): com.cleanmaster.mguard ** BLOCKED java/net/URL.openConnection()Ljava/net/URLConnection; from com/cleanmaster/cleancloud/core/base/ai.a([BI)Lcom/cleanmaster/cleancloud/core/base/aj;
I/block   (20480): com.cleanmaster.mguard ** BLOCKED java/net/URL.openConnection()Ljava/net/URLConnection; from com/cleanmaster/cleancloud/core/base/ai.a([BI)Lcom/cleanmaster/cleancloud/core/base/aj;
I/block   (20480): com.cleanmaster.mguard ** BLOCKED java/net/URL.openConnection()Ljava/net/URLConnection; from com/cleanmaster/cleancloud/core/base/ai.a([BI)Lcom/cleanmaster/cleancloud/core/base/aj;
I/block   ( 4792): com.cleanmaster.security ** BLOCKED java/net/URL.openConnection()Ljava/net/URLConnection; from com/ijinshan/krcmd/util/c.a(Ljava/lang/String;II)Ljava/lang/String;
I/block   ( 4792): com.cleanmaster.security ** BLOCKED java/net/URL.openConnection()Ljava/net/URLConnection; from com/ijinshan/krcmd/util/c.a(Ljava/lang/String;II)Ljava/lang/String;
I/block   ( 4792): com.cleanmaster.security ** BLOCKED java/net/URL.openConnection()Ljava/net/URLConnection; from com/ijinshan/krcmd/util/c.a(Ljava/lang/String;II)Ljava/lang/String;
I/block   ( 4792): com.cleanmaster.security ** BLOCKED java/net/URL.openConnection()Ljava/net/URLConnection; from com/ijinshan/krcmd/util/c.a(Ljava/lang/String;II)Ljava/lang/String;
I/block   ( 4792): com.cleanmaster.security ** BLOCKED java/net/URL.openConnection()Ljava/net/URLConnection; from com/ijinshan/krcmd/util/c.a(Ljava/lang/String;II)Ljava/lang/String;
I/block   ( 4792): com.cleanmaster.security ** BLOCKED java/net/URL.openConnection()Ljava/net/URLConnection; from com/ijinshan/krcmd/util/c.a(Ljava/lang/String;II)Ljava/lang/String;
I/block   ( 4792): com.cleanmaster.security ** BLOCKED java/net/URL.openConnection()Ljava/net/URLConnection; from com/ijinshan/krcmd/util/c.a(Ljava/lang/String;II)Ljava/lang/String;
I/block   ( 4792): com.cleanmaster.security ** BLOCKED java/net/URL.openConnection()Ljava/net/URLConnection; from com/ijinshan/krcmd/util/c.a(Ljava/lang/String;II)Ljava/lang/String;
I/block   ( 4792): com.cleanmaster.security ** BLOCKED java/net/URL.openConnection()Ljava/net/URLConnection; from com/ijinshan/krcmd/util/c.a(Ljava/lang/String;II)Ljava/lang/String;
I/block   ( 4792): com.cleanmaster.security ** BLOCKED java/net/URL.openConnection()Ljava/net/URLConnection; from com/ijinshan/krcmd/util/c.a(Ljava/lang/String;II)Ljava/lang/String;
I/block   ( 4792): com.cleanmaster.security ** BLOCKED java/net/URL.openConnection()Ljava/net/URLConnection; from com/ijinshan/krcmd/util/c.a(Ljava/lang/String;II)Ljava/lang/String;
I/block   ( 4792): com.cleanmaster.security ** BLOCKED java/net/URL.openConnection()Ljava/net/URLConnection; from com/ijinshan/krcmd/util/c.a(Ljava/lang/String;II)Ljava/lang/String;
I/block   ( 4792): com.cleanmaster.security ** BLOCKED java/net/URL.openConnection()Ljava/net/URLConnection; from com/ijinshan/krcmd/util/c.a(Ljava/lang/String;II)Ljava/lang/String;
I/block   ( 4792): com.cleanmaster.security ** BLOCKED java/net/URL.openConnection()Ljava/net/URLConnection; from com/ijinshan/krcmd/util/c.a(Ljava/lang/String;II)Ljava/lang/String;
I/block   ( 4792): com.cleanmaster.security ** BLOCKED java/net/URL.openConnection()Ljava/net/URLConnection; from com/ijinshan/krcmd/util/c.a(Ljava/lang/String;II)Ljava/lang/String;
I/block   ( 4792): com.cleanmaster.security ** BLOCKED java/net/URL.openConnection()Ljava/net/URLConnection; from com/ijinshan/krcmd/util/c.a(Ljava/lang/String;II)Ljava/lang/String;
I/block   ( 4792): com.cleanmaster.security ** BLOCKED java/net/URL.openConnection()Ljava/net/URLConnection; from com/ijinshan/krcmd/util/c.a(Ljava/lang/String;II)Ljava/lang/String;
I/block   ( 4792): com.cleanmaster.security ** BLOCKED java/net/URL.openConnection()Ljava/net/URLConnection; from com/ijinshan/krcmd/util/c.a(Ljava/lang/String;II)Ljava/lang/String;
I/block   ( 4792): com.cleanmaster.security ** BLOCKED java/net/URL.openConnection()Ljava/net/URLConnection; from com/ijinshan/krcmd/util/c.a(Ljava/lang/String;II)Ljava/lang/String;
I/block   ( 4792): com.cleanmaster.security ** BLOCKED java/net/URL.openConnection()Ljava/net/URLConnection; from com/ijinshan/krcmd/util/c.a(Ljava/lang/String;II)Ljava/lang/String;
I/block   ( 2087): com.ijinshan.kbatterydoctor_en ** BLOCKED java/net/URL.openConnection()Ljava/net/URLConnection; from bda.a(Ljava/lang/String;IILjava/util/HashMap;Ljava/lang/String;)Ljava/lang/String;
I/block   ( 2087): com.ijinshan.kbatterydoctor_en ** BLOCKED java/net/URL.openConnection()Ljava/net/URLConnection; from biv.a(Ljava/lang/String;II)Ljava/lang/String;
I/block   ( 2087): com.ijinshan.kbatterydoctor_en ** BLOCKED java/net/URL.openConnection()Ljava/net/URLConnection; from biv.a(Ljava/lang/String;II)Ljava/lang/String;
I/block   ( 2087): com.ijinshan.kbatterydoctor_en ** BLOCKED java/net/URL.openConnection()Ljava/net/URLConnection; from biv.a(Ljava/lang/String;II)Ljava/lang/String;
I/block   ( 2087): com.ijinshan.kbatterydoctor_en ** BLOCKED java/net/URL.openConnection()Ljava/net/URLConnection; from bda.a(Ljava/lang/String;IILjava/util/HashMap;Ljava/lang/String;)Ljava/lang/String;
I/block   ( 2087): com.ijinshan.kbatterydoctor_en ** BLOCKED java/net/URL.openConnection()Ljava/net/URLConnection; from bda.a(Ljava/lang/String;IILjava/util/HashMap;Ljava/lang/String;)Ljava/lang/String;
I/block   ( 2087): com.ijinshan.kbatterydoctor_en ** BLOCKED java/net/URL.openConnection()Ljava/net/URLConnection; from biv.a(Ljava/lang/String;II)Ljava/lang/String;
I/block   ( 2087): com.ijinshan.kbatterydoctor_en ** BLOCKED java/net/URL.openConnection()Ljava/net/URLConnection; from biv.a(Ljava/lang/String;II)Ljava/lang/String;
I/block   ( 2087): com.ijinshan.kbatterydoctor_en ** BLOCKED java/net/URL.openConnection()Ljava/net/URLConnection; from biv.a(Ljava/lang/String;II)Ljava/lang/String;
I/block   ( 2087): com.ijinshan.kbatterydoctor_en ** BLOCKED java/net/URL.openConnection()Ljava/net/URLConnection; from biv.a(Ljava/lang/String;II)Ljava/lang/String;
I/block   ( 2087): com.ijinshan.kbatterydoctor_en ** BLOCKED java/net/URL.openConnection()Ljava/net/URLConnection; from biv.a(Ljava/lang/String;II)Ljava/lang/String;
I/block   ( 2087): com.ijinshan.kbatterydoctor_en ** BLOCKED java/net/URL.openConnection()Ljava/net/URLConnection; from biv.a(Ljava/lang/String;II)Ljava/lang/String;
I/block   ( 2087): com.ijinshan.kbatterydoctor_en ** BLOCKED java/net/URL.openConnection()Ljava/net/URLConnection; from biv.a(Ljava/lang/String;II)Ljava/lang/String;
I/block   ( 2087): com.ijinshan.kbatterydoctor_en ** BLOCKED java/net/URL.openConnection()Ljava/net/URLConnection; from bda.a(Ljava/lang/String;IILjava/util/HashMap;Ljava/lang/String;)Ljava/lang/String;
I/block   ( 2087): com.ijinshan.kbatterydoctor_en ** BLOCKED java/net/URL.openConnection()Ljava/net/URLConnection; from bda.a(Ljava/lang/String;IILjava/util/HashMap;Ljava/lang/String;)Ljava/lang/String;
I/block   ( 2087): com.ijinshan.kbatterydoctor_en ** BLOCKED java/net/URL.openConnection()Ljava/net/URLConnection; from bda.a(Ljava/lang/String;IILjava/util/HashMap;Ljava/lang/String;)Ljava/lang/String;
I/block   ( 2087): com.ijinshan.kbatterydoctor_en ** BLOCKED java/net/URL.openConnection()Ljava/net/URLConnection; from biv.a(Ljava/lang/String;II)Ljava/lang/String;
I/block   ( 2087): com.ijinshan.kbatterydoctor_en ** BLOCKED java/net/URL.openConnection()Ljava/net/URLConnection; from biv.a(Ljava/lang/String;II)Ljava/lang/String;
I/block   ( 2087): com.ijinshan.kbatterydoctor_en ** BLOCKED java/net/URL.openConnection()Ljava/net/URLConnection; from biv.a(Ljava/lang/String;II)Ljava/lang/String;
I/block   ( 2087): com.ijinshan.kbatterydoctor_en ** BLOCKED java/net/URL.openConnection()Ljava/net/URLConnection; from biv.a(Ljava/lang/String;II)Ljava/lang/String;
I/block   ( 2087): com.ijinshan.kbatterydoctor_en ** BLOCKED java/net/URL.openConnection()Ljava/net/URLConnection; from biv.a(Ljava/lang/String;II)Ljava/lang/String;
I/block   ( 2087): com.ijinshan.kbatterydoctor_en ** BLOCKED java/net/URL.openConnection()Ljava/net/URLConnection; from biv.a(Ljava/lang/String;II)Ljava/lang/String;
I/block   ( 2087): com.ijinshan.kbatterydoctor_en ** BLOCKED java/net/URL.openConnection()Ljava/net/URLConnection; from biv.a(Ljava/lang/String;II)Ljava/lang/String;
I/block   ( 2087): com.ijinshan.kbatterydoctor_en ** BLOCKED java/net/URL.openConnection()Ljava/net/URLConnection; from biv.a(Ljava/lang/String;II)Ljava/lang/String;
I/block   ( 2087): com.ijinshan.kbatterydoctor_en ** BLOCKED java/net/URL.openConnection()Ljava/net/URLConnection; from biv.a(Ljava/lang/String;II)Ljava/lang/String;
I/block   ( 2087): com.ijinshan.kbatterydoctor_en ** BLOCKED java/net/URL.openConnection()Ljava/net/URLConnection; from biv.a(Ljava/lang/String;II)Ljava/lang/String;
I/block   ( 1201): com.dianxinos.optimizer.duplay ** BLOCKED org/apache/http/impl/client/DefaultHttpClient.execute(Lorg/apache/http/client/methods/HttpUriRequest;)Lorg/apache/http/HttpResponse; from dxoptimizer/abl.a(Ljava/util/List;Ljava/util/List;)Z
I/block   ( 1201): com.dianxinos.optimizer.duplay ** BLOCKED org/apache/http/impl/client/DefaultHttpClient.execute(Lorg/apache/http/client/methods/HttpUriRequest;)Lorg/apache/http/HttpResponse; from dxoptimizer/abl.a(Ljava/util/List;Ljava/util/List;)Z
I/block   ( 1201): com.dianxinos.optimizer.duplay ** BLOCKED org/apache/http/impl/client/DefaultHttpClient.execute(Lorg/apache/http/client/methods/HttpUriRequest;)Lorg/apache/http/HttpResponse; from dxoptimizer/abl.a(Ljava/util/List;Ljava/util/List;)Z
I/block   ( 1201): com.dianxinos.optimizer.duplay ** BLOCKED org/apache/http/impl/client/DefaultHttpClient.execute(Lorg/apache/http/client/methods/HttpUriRequest;)Lorg/apache/http/HttpResponse; from dxoptimizer/abl.a(Ljava/util/List;Ljava/util/List;)Z
I/block   ( 1201): com.dianxinos.optimizer.duplay ** BLOCKED org/apache/http/impl/client/DefaultHttpClient.execute(Lorg/apache/http/client/methods/HttpUriRequest;)Lorg/apache/http/HttpResponse; from dxoptimizer/abl.a(Ljava/util/List;Ljava/util/List;)Z
I/block   ( 1201): com.dianxinos.optimizer.duplay ** BLOCKED org/apache/http/impl/client/DefaultHttpClient.execute(Lorg/apache/http/client/methods/HttpUriRequest;)Lorg/apache/http/HttpResponse; from dxoptimizer/abl.a(Ljava/util/List;Ljava/util/List;)Z
I/block   (20702): com.dianxinos.dxbs ** BLOCKED org/apache/http/impl/client/DefaultHttpClient.execute(Lorg/apache/http/client/methods/HttpUriRequest;)Lorg/apache/http/HttpResponse; from vs.a(Ljava/util/List;Ljava/util/List;)Z
I/block   (20480): com.cleanmaster.mguard ** BLOCKED java/net/URL.openConnection()Ljava/net/URLConnection; from com/ijinshan/krcmd/util/c.a(Ljava/lang/String;II)Ljava/lang/String;
I/block   (20480): com.cleanmaster.mguard ** BLOCKED java/net/URL.openConnection()Ljava/net/URLConnection; from com/ijinshan/krcmd/util/c.a(Ljava/lang/String;II)Ljava/lang/String;
I/block   (20480): com.cleanmaster.mguard ** BLOCKED java/net/URL.openConnection()Ljava/net/URLConnection; from com/ijinshan/krcmd/util/c.a(Ljava/lang/String;II)Ljava/lang/String;
I/block   (20480): com.cleanmaster.mguard ** BLOCKED java/net/URL.openConnection()Ljava/net/URLConnection; from com/ijinshan/krcmd/util/c.a(Ljava/lang/String;II)Ljava/lang/String;
I/block   (20480): com.cleanmaster.mguard ** BLOCKED java/net/URL.openConnection()Ljava/net/URLConnection; from com/ijinshan/krcmd/util/c.a(Ljava/lang/String;II)Ljava/lang/String;
I/block   (10518): com.domobile.applock ** BLOCKED org/apache/http/impl/client/DefaultHttpClient.execute(Lorg/apache/http/client/methods/HttpUriRequest;)Lorg/apache/http/HttpResponse; from com/domobile/frame/a/b.a(Lcom/domobile/frame/a/c;)Ljava/lang/String;
I/block   (21096): com.lazyswipe ** BLOCKED java/net/URL.openConnection()Ljava/net/URLConnection; from com/lazyswipe/d/h.a(Landroid/content/Context;Ljava/net/URL;)Ljava/net/URLConnection;
I/block   (21096): com.lazyswipe ** BLOCKED java/net/URL.openConnection()Ljava/net/URLConnection; from com/lazyswipe/d/h.a(Landroid/content/Context;Ljava/net/URL;)Ljava/net/URLConnection;
I/block   ( 1201): com.dianxinos.optimizer.duplay ** BLOCKED org/apache/http/impl/client/DefaultHttpClient.execute(Lorg/apache/http/client/methods/HttpUriRequest;)Lorg/apache/http/HttpResponse; from dxoptimizer/abl.a(Ljava/util/List;Ljava/util/List;)Z
I/block   ( 1201): com.dianxinos.optimizer.duplay ** BLOCKED org/apache/http/impl/client/DefaultHttpClient.execute(Lorg/apache/http/client/methods/HttpUriRequest;)Lorg/apache/http/HttpResponse; from dxoptimizer/abl.a(Ljava/util/List;Ljava/util/List;)Z
I/block   ( 1201): com.dianxinos.optimizer.duplay ** BLOCKED org/apache/http/impl/client/DefaultHttpClient.execute(Lorg/apache/http/client/methods/HttpUriRequest;)Lorg/apache/http/HttpResponse; from dxoptimizer/abl.a(Ljava/util/List;Ljava/util/List;)Z
I/block   ( 1201): com.dianxinos.optimizer.duplay ** BLOCKED org/apache/http/impl/client/DefaultHttpClient.execute(Lorg/apache/http/client/methods/HttpUriRequest;)Lorg/apache/http/HttpResponse; from dxoptimizer/abl.a(Ljava/util/List;Ljava/util/List;)Z
I/block   ( 1201): com.dianxinos.optimizer.duplay ** BLOCKED org/apache/http/impl/client/DefaultHttpClient.execute(Lorg/apache/http/client/methods/HttpUriRequest;)Lorg/apache/http/HttpResponse; from dxoptimizer/abl.a(Ljava/util/List;Ljava/util/List;)Z
I/block   ( 1201): com.dianxinos.optimizer.duplay ** BLOCKED org/apache/http/impl/client/DefaultHttpClient.execute(Lorg/apache/http/client/methods/HttpUriRequest;)Lorg/apache/http/HttpResponse; from dxoptimizer/abl.a(Ljava/util/List;Ljava/util/List;)Z
I/block   (20480): com.cleanmaster.mguard ** BLOCKED java/net/URL.openConnection()Ljava/net/URLConnection; from com/cleanmaster/kinfoc/base/i.b(Lcom/cleanmaster/kinfoc/k;Ljava/lang/String;Lcom/cleanmaster/kinfoc/f;)Z
I/block   (20480): com.cleanmaster.mguard ** BLOCKED java/net/URL.openConnection()Ljava/net/URLConnection; from com/cleanmaster/kinfoc/base/i.b(Lcom/cleanmaster/kinfoc/k;Ljava/lang/String;Lcom/cleanmaster/kinfoc/f;)Z
I/block   (20480): com.cleanmaster.mguard ** BLOCKED java/net/URL.openConnection()Ljava/net/URLConnection; from com/cleanmaster/kinfoc/base/i.b(Lcom/cleanmaster/kinfoc/k;Ljava/lang/String;Lcom/cleanmaster/kinfoc/f;)Z
I/block   (20480): com.cleanmaster.mguard ** BLOCKED java/net/URL.openConnection()Ljava/net/URLConnection; from com/ijinshan/krcmd/util/c.a(Ljava/lang/String;II)Ljava/lang/String;
I/block   (20480): com.cleanmaster.mguard ** BLOCKED java/net/URL.openConnection()Ljava/net/URLConnection; from com/ijinshan/krcmd/util/c.a(Ljava/lang/String;II)Ljava/lang/String;
I/block   (20480): com.cleanmaster.mguard ** BLOCKED java/net/URL.openConnection()Ljava/net/URLConnection; from com/ijinshan/krcmd/util/c.a(Ljava/lang/String;II)Ljava/lang/String;
I/block   (20480): com.cleanmaster.mguard ** BLOCKED java/net/URL.openConnection()Ljava/net/URLConnection; from com/ijinshan/krcmd/util/c.a(Ljava/lang/String;II)Ljava/lang/String;
I/block   (20480): com.cleanmaster.mguard ** BLOCKED java/net/URL.openConnection()Ljava/net/URLConnection; from com/ijinshan/krcmd/util/c.a(Ljava/lang/String;II)Ljava/lang/String;
I/block   (20480): com.cleanmaster.mguard ** BLOCKED java/net/URL.openConnection()Ljava/net/URLConnection; from com/cleanmaster/kinfoc/base/i.b(Lcom/cleanmaster/kinfoc/k;Ljava/lang/String;Lcom/cleanmaster/kinfoc/f;)Z
I/block   (10518): com.domobile.applock ** BLOCKED org/apache/http/impl/client/DefaultHttpClient.execute(Lorg/apache/http/client/methods/HttpUriRequest;)Lorg/apache/http/HttpResponse; from com/domobile/frame/a/b.a(Lcom/domobile/frame/a/c;)Ljava/lang/String;
I/block   (21553): com.dianxinos.dxbs ** BLOCKED org/apache/http/impl/client/DefaultHttpClient.execute(Lorg/apache/http/client/methods/HttpUriRequest;)Lorg/apache/http/HttpResponse; from vs.a(Ljava/util/List;Ljava/util/List;)Z
I/block   (21736): com.lazyswipe ** BLOCKED java/net/URL.openConnection()Ljava/net/URLConnection; from com/lazyswipe/d/h.a(Landroid/content/Context;Ljava/net/URL;)Ljava/net/URLConnection;
I/block   (21736): com.lazyswipe ** BLOCKED java/net/URL.openConnection()Ljava/net/URLConnection; from com/lazyswipe/d/h.a(Landroid/content/Context;Ljava/net/URL;)Ljava/net/URLConnection;
I/block   (20480): com.cleanmaster.mguard ** BLOCKED java/net/URL.openConnection()Ljava/net/URLConnection; from com/cleanmaster/kinfoc/base/i.b(Lcom/cleanmaster/kinfoc/k;Ljava/lang/String;Lcom/cleanmaster/kinfoc/f;)Z
I/block   (20480): com.cleanmaster.mguard ** BLOCKED java/net/URL.openConnection()Ljava/net/URLConnection; from com/cleanmaster/kinfoc/base/i.b(Lcom/cleanmaster/kinfoc/k;Ljava/lang/String;Lcom/cleanmaster/kinfoc/f;)Z
I/block   (20480): com.cleanmaster.mguard ** BLOCKED java/net/URL.openConnection()Ljava/net/URLConnection; from com/cleanmaster/kinfoc/base/i.b(Lcom/cleanmaster/kinfoc/k;Ljava/lang/String;Lcom/cleanmaster/kinfoc/f;)Z
I/block   (20480): com.cleanmaster.mguard ** BLOCKED java/net/URL.openConnection()Ljava/net/URLConnection; from com/cleanmaster/kinfoc/base/i.b(Lcom/cleanmaster/kinfoc/k;Ljava/lang/String;Lcom/cleanmaster/kinfoc/f;)Z
I/block   ( 1757): com.cmcm.locker ** BLOCKED org/apache/http/client/HttpClient.execute(Lorg/apache/http/client/methods/HttpUriRequest;)Lorg/apache/http/HttpResponse; from com/cleanmaster/kinfoc/q.b(Lcom/cleanmaster/kinfoc/m;Ljava/lang/String;Lcom/cleanmaster/kinfoc/g;)Z
I/block   ( 1757): com.cmcm.locker ** BLOCKED org/apache/http/client/HttpClient.execute(Lorg/apache/http/client/methods/HttpUriRequest;)Lorg/apache/http/HttpResponse; from com/cleanmaster/kinfoc/q.b(Lcom/cleanmaster/kinfoc/m;Ljava/lang/String;Lcom/cleanmaster/kinfoc/g;)Z
I/block   ( 1201): com.dianxinos.optimizer.duplay ** BLOCKED org/apache/http/impl/client/DefaultHttpClient.execute(Lorg/apache/http/client/methods/HttpUriRequest;)Lorg/apache/http/HttpResponse; from dxoptimizer/abl.a(Ljava/util/List;Ljava/util/List;)Z
I/block   ( 1201): com.dianxinos.optimizer.duplay ** BLOCKED org/apache/http/impl/client/DefaultHttpClient.execute(Lorg/apache/http/client/methods/HttpUriRequest;)Lorg/apache/http/HttpResponse; from dxoptimizer/abl.a(Ljava/util/List;Ljava/util/List;)Z
I/block   ( 1201): com.dianxinos.optimizer.duplay ** BLOCKED org/apache/http/impl/client/DefaultHttpClient.execute(Lorg/apache/http/client/methods/HttpUriRequest;)Lorg/apache/http/HttpResponse; from dxoptimizer/abl.a(Ljava/util/List;Ljava/util/List;)Z
I/block   ( 1757): com.cmcm.locker ** BLOCKED org/apache/http/client/HttpClient.execute(Lorg/apache/http/client/methods/HttpUriRequest;)Lorg/apache/http/HttpResponse; from com/cleanmaster/kinfoc/q.b(Lcom/cleanmaster/kinfoc/m;Ljava/lang/String;Lcom/cleanmaster/kinfoc/g;)Z
I/block   (21553): com.dianxinos.dxbs ** BLOCKED org/apache/http/impl/client/DefaultHttpClient.execute(Lorg/apache/http/client/methods/HttpUriRequest;)Lorg/apache/http/HttpResponse; from vs.a(Ljava/util/List;Ljava/util/List;)Z
I/block   (21553): com.dianxinos.dxbs ** BLOCKED org/apache/http/impl/client/DefaultHttpClient.execute(Lorg/apache/http/client/methods/HttpUriRequest;)Lorg/apache/http/HttpResponse; from vs.a(Ljava/util/List;Ljava/util/List;)Z
I/block   ( 1757): com.cmcm.locker ** BLOCKED org/apache/http/client/HttpClient.execute(Lorg/apache/http/client/methods/HttpUriRequest;)Lorg/apache/http/HttpResponse; from com/cleanmaster/kinfoc/q.b(Lcom/cleanmaster/kinfoc/m;Ljava/lang/String;Lcom/cleanmaster/kinfoc/g;)Z
I/block   (21553): com.dianxinos.dxbs ** BLOCKED org/apache/http/impl/client/DefaultHttpClient.execute(Lorg/apache/http/client/methods/HttpUriRequest;)Lorg/apache/http/HttpResponse; from vs.a(Ljava/util/List;Ljava/util/List;)Z
I/block   (21553): com.dianxinos.dxbs ** BLOCKED org/apache/http/impl/client/DefaultHttpClient.execute(Lorg/apache/http/client/methods/HttpUriRequest;)Lorg/apache/http/HttpResponse; from vs.a(Ljava/util/List;Ljava/util/List;)Z
I/block   (21553): com.dianxinos.dxbs ** BLOCKED org/apache/http/impl/client/DefaultHttpClient.execute(Lorg/apache/http/client/methods/HttpUriRequest;)Lorg/apache/http/HttpResponse; from vs.a(Ljava/util/List;Ljava/util/List;)Z
I/block   (21553): com.dianxinos.dxbs ** BLOCKED org/apache/http/impl/client/DefaultHttpClient.execute(Lorg/apache/http/client/methods/HttpUriRequest;)Lorg/apache/http/HttpResponse; from vs.a(Ljava/util/List;Ljava/util/List;)Z
I/block   ( 1757): com.cmcm.locker ** BLOCKED org/apache/http/client/HttpClient.execute(Lorg/apache/http/client/methods/HttpUriRequest;)Lorg/apache/http/HttpResponse; from com/cleanmaster/kinfoc/q.b(Lcom/cleanmaster/kinfoc/m;Ljava/lang/String;Lcom/cleanmaster/kinfoc/g;)Z
I/block   ( 1757): com.cmcm.locker ** BLOCKED org/apache/http/client/HttpClient.execute(Lorg/apache/http/client/methods/HttpUriRequest;)Lorg/apache/http/HttpResponse; from com/cleanmaster/kinfoc/q.b(Lcom/cleanmaster/kinfoc/m;Ljava/lang/String;Lcom/cleanmaster/kinfoc/g;)Z
I/block   (21553): com.dianxinos.dxbs ** BLOCKED org/apache/http/impl/client/DefaultHttpClient.execute(Lorg/apache/http/client/methods/HttpUriRequest;)Lorg/apache/http/HttpResponse; from vs.a(Ljava/util/List;Ljava/util/List;)Z
I/block   (21553): com.dianxinos.dxbs ** BLOCKED org/apache/http/impl/client/DefaultHttpClient.execute(Lorg/apache/http/client/methods/HttpUriRequest;)Lorg/apache/http/HttpResponse; from vs.a(Ljava/util/List;Ljava/util/List;)Z
I/block   (21553): com.dianxinos.dxbs ** BLOCKED org/apache/http/impl/client/DefaultHttpClient.execute(Lorg/apache/http/client/methods/HttpUriRequest;)Lorg/apache/http/HttpResponse; from vs.a(Ljava/util/List;Ljava/util/List;)Z
I/block   (21553): com.dianxinos.dxbs ** BLOCKED org/apache/http/impl/client/DefaultHttpClient.execute(Lorg/apache/http/client/methods/HttpUriRequest;)Lorg/apache/http/HttpResponse; from vs.a(Ljava/util/List;Ljava/util/List;)Z
I/block   ( 1757): com.cmcm.locker ** BLOCKED org/apache/http/client/HttpClient.execute(Lorg/apache/http/client/methods/HttpUriRequest;)Lorg/apache/http/HttpResponse; from com/cleanmaster/kinfoc/q.b(Lcom/cleanmaster/kinfoc/m;Ljava/lang/String;Lcom/cleanmaster/kinfoc/g;)Z
I/block   (21553): com.dianxinos.dxbs ** BLOCKED org/apache/http/impl/client/DefaultHttpClient.execute(Lorg/apache/http/client/methods/HttpUriRequest;)Lorg/apache/http/HttpResponse; from vs.a(Ljava/util/List;Ljava/util/List;)Z
I/block   (21553): com.dianxinos.dxbs ** BLOCKED org/apache/http/impl/client/DefaultHttpClient.execute(Lorg/apache/http/client/methods/HttpUriRequest;)Lorg/apache/http/HttpResponse; from vs.a(Ljava/util/List;Ljava/util/List;)Z
I/block   (21553): com.dianxinos.dxbs ** BLOCKED org/apache/http/impl/client/DefaultHttpClient.execute(Lorg/apache/http/client/methods/HttpUriRequest;)Lorg/apache/http/HttpResponse; from vs.a(Ljava/util/List;Ljava/util/List;)Z
I/block   (21553): com.dianxinos.dxbs ** BLOCKED org/apache/http/impl/client/DefaultHttpClient.execute(Lorg/apache/http/client/methods/HttpUriRequest;)Lorg/apache/http/HttpResponse; from vs.a(Ljava/util/List;Ljava/util/List;)Z
I/block   ( 1757): com.cmcm.locker ** BLOCKED org/apache/http/client/HttpClient.execute(Lorg/apache/http/client/methods/HttpUriRequest;)Lorg/apache/http/HttpResponse; from com/cleanmaster/kinfoc/q.b(Lcom/cleanmaster/kinfoc/m;Ljava/lang/String;Lcom/cleanmaster/kinfoc/g;)Z
I/block   (21553): com.dianxinos.dxbs ** BLOCKED org/apache/http/impl/client/DefaultHttpClient.execute(Lorg/apache/http/client/methods/HttpUriRequest;)Lorg/apache/http/HttpResponse; from vs.a(Ljava/util/List;Ljava/util/List;)Z
I/block   (21553): com.dianxinos.dxbs ** BLOCKED org/apache/http/impl/client/DefaultHttpClient.execute(Lorg/apache/http/client/methods/HttpUriRequest;)Lorg/apache/http/HttpResponse; from vs.a(Ljava/util/List;Ljava/util/List;)Z
I/block   (21553): com.dianxinos.dxbs ** BLOCKED org/apache/http/impl/client/DefaultHttpClient.execute(Lorg/apache/http/client/methods/HttpUriRequest;)Lorg/apache/http/HttpResponse; from vs.a(Ljava/util/List;Ljava/util/List;)Z
I/block   (21553): com.dianxinos.dxbs ** BLOCKED org/apache/http/impl/client/DefaultHttpClient.execute(Lorg/apache/http/client/methods/HttpUriRequest;)Lorg/apache/http/HttpResponse; from vs.a(Ljava/util/List;Ljava/util/List;)Z
I/block   ( 1757): com.cmcm.locker ** BLOCKED org/apache/http/client/HttpClient.execute(Lorg/apache/http/client/methods/HttpUriRequest;)Lorg/apache/http/HttpResponse; from com/cleanmaster/kinfoc/q.b(Lcom/cleanmaster/kinfoc/m;Ljava/lang/String;Lcom/cleanmaster/kinfoc/g;)Z
I/block   (22164): com.ksmobile.launcher ** BLOCKED org/apache/http/client/HttpClient.execute(Lorg/apache/http/client/methods/HttpUriRequest;)Lorg/apache/http/HttpResponse; from com/cm/kinfoc/l.b(Lcom/cm/kinfoc/k;Ljava/lang/String;Lcom/cm/kinfoc/e;)Z
I/block   (22164): com.ksmobile.launcher ** BLOCKED org/apache/http/client/HttpClient.execute(Lorg/apache/http/client/methods/HttpUriRequest;)Lorg/apache/http/HttpResponse; from com/cm/kinfoc/l.b(Lcom/cm/kinfoc/k;Ljava/lang/String;Lcom/cm/kinfoc/e;)Z
I/block   ( 1757): com.cmcm.locker ** BLOCKED org/apache/http/client/HttpClient.execute(Lorg/apache/http/client/methods/HttpUriRequest;)Lorg/apache/http/HttpResponse; from com/cleanmaster/kinfoc/q.b(Lcom/cleanmaster/kinfoc/m;Ljava/lang/String;Lcom/cleanmaster/kinfoc/g;)Z
I/block   (21553): com.dianxinos.dxbs ** BLOCKED org/apache/http/impl/client/DefaultHttpClient.execute(Lorg/apache/http/client/methods/HttpUriRequest;)Lorg/apache/http/HttpResponse; from vs.a(Ljava/util/List;Ljava/util/List;)Z
I/block   (21553): com.dianxinos.dxbs ** BLOCKED org/apache/http/impl/client/DefaultHttpClient.execute(Lorg/apache/http/client/methods/HttpUriRequest;)Lorg/apache/http/HttpResponse; from vs.a(Ljava/util/List;Ljava/util/List;)Z
I/block   ( 1201): com.dianxinos.optimizer.duplay ** BLOCKED org/apache/http/impl/client/DefaultHttpClient.execute(Lorg/apache/http/client/methods/HttpUriRequest;)Lorg/apache/http/HttpResponse; from dxoptimizer/abl.a(Ljava/util/List;Ljava/util/List;)Z
I/block   (21553): com.dianxinos.dxbs ** BLOCKED org/apache/http/impl/client/DefaultHttpClient.execute(Lorg/apache/http/client/methods/HttpUriRequest;)Lorg/apache/http/HttpResponse; from vs.a(Ljava/util/List;Ljava/util/List;)Z
I/block   ( 1201): com.dianxinos.optimizer.duplay ** BLOCKED org/apache/http/impl/client/DefaultHttpClient.execute(Lorg/apache/http/client/methods/HttpUriRequest;)Lorg/apache/http/HttpResponse; from dxoptimizer/abl.a(Ljava/util/List;Ljava/util/List;)Z
I/block   ( 1201): com.dianxinos.optimizer.duplay ** BLOCKED org/apache/http/impl/client/DefaultHttpClient.execute(Lorg/apache/http/client/methods/HttpUriRequest;)Lorg/apache/http/HttpResponse; from dxoptimizer/abl.a(Ljava/util/List;Ljava/util/List;)Z
I/block   ( 1757): com.cmcm.locker ** BLOCKED org/apache/http/client/HttpClient.execute(Lorg/apache/http/client/methods/HttpUriRequest;)Lorg/apache/http/HttpResponse; from com/cleanmaster/kinfoc/q.b(Lcom/cleanmaster/kinfoc/m;Ljava/lang/String;Lcom/cleanmaster/kinfoc/g;)Z
I/block   ( 1757): com.cmcm.locker ** BLOCKED org/apache/http/client/HttpClient.execute(Lorg/apache/http/client/methods/HttpUriRequest;)Lorg/apache/http/HttpResponse; from com/cleanmaster/kinfoc/q.b(Lcom/cleanmaster/kinfoc/m;Ljava/lang/String;Lcom/cleanmaster/kinfoc/g;)Z
I/block   (22366): com.cleanmaster.mguard ** BLOCKED java/net/URL.openConnection()Ljava/net/URLConnection; from com/keniu/security/update/b/g.a(Ljava/lang/String;Ljava/lang/Object;)I
I/block   (22366): com.cleanmaster.mguard ** BLOCKED java/net/URL.openConnection()Ljava/net/URLConnection; from com/keniu/security/update/b/g.a(Ljava/lang/String;Ljava/lang/Object;)I
I/block   ( 1201): com.dianxinos.optimizer.duplay ** BLOCKED org/apache/http/impl/client/DefaultHttpClient.execute(Lorg/apache/http/client/methods/HttpUriRequest;)Lorg/apache/http/HttpResponse; from dxoptimizer/abl.a(Ljava/util/List;Ljava/util/List;)Z
I/block   ( 1201): com.dianxinos.optimizer.duplay ** BLOCKED org/apache/http/impl/client/DefaultHttpClient.execute(Lorg/apache/http/client/methods/HttpUriRequest;)Lorg/apache/http/HttpResponse; from dxoptimizer/abl.a(Ljava/util/List;Ljava/util/List;)Z
I/block   ( 1201): com.dianxinos.optimizer.duplay ** BLOCKED org/apache/http/impl/client/DefaultHttpClient.execute(Lorg/apache/http/client/methods/HttpUriRequest;)Lorg/apache/http/HttpResponse; from dxoptimizer/abl.a(Ljava/util/List;Ljava/util/List;)Z
I/block   ( 1757): com.cmcm.locker ** BLOCKED org/apache/http/client/HttpClient.execute(Lorg/apache/http/client/methods/HttpUriRequest;)Lorg/apache/http/HttpResponse; from com/cleanmaster/kinfoc/q.b(Lcom/cleanmaster/kinfoc/m;Ljava/lang/String;Lcom/cleanmaster/kinfoc/g;)Z
I/block   (22413): com.cleanmaster.mguard ** BLOCKED org/apache/http/client/HttpClient.execute(Lorg/apache/http/client/methods/HttpUriRequest;)Lorg/apache/http/HttpResponse; from com/cleanmaster/net/i.a(Lcom/cleanmaster/net/Request;Lcom/cleanmaster/net/m;)Lcom/cleanmaster/net/Response;
I/block   (22413): com.cleanmaster.mguard ** BLOCKED org/apache/http/client/HttpClient.execute(Lorg/apache/http/client/methods/HttpUriRequest;)Lorg/apache/http/HttpResponse; from com/cleanmaster/net/i.a(Lcom/cleanmaster/net/Request;Lcom/cleanmaster/net/m;)Lcom/cleanmaster/net/Response;
I/block   (22413): com.cleanmaster.mguard ** BLOCKED org/apache/http/client/HttpClient.execute(Lorg/apache/http/client/methods/HttpUriRequest;)Lorg/apache/http/HttpResponse; from com/cleanmaster/net/i.a(Lcom/cleanmaster/net/Request;Lcom/cleanmaster/net/m;)Lcom/cleanmaster/net/Response;
I/block   (22413): com.cleanmaster.mguard ** BLOCKED org/apache/http/client/HttpClient.execute(Lorg/apache/http/client/methods/HttpUriRequest;)Lorg/apache/http/HttpResponse; from com/cleanmaster/net/i.a(Lcom/cleanmaster/net/Request;Lcom/cleanmaster/net/m;)Lcom/cleanmaster/net/Response;
I/block   (21553): com.dianxinos.dxbs ** BLOCKED org/apache/http/impl/client/DefaultHttpClient.execute(Lorg/apache/http/client/methods/HttpUriRequest;)Lorg/apache/http/HttpResponse; from vs.a(Ljava/util/List;Ljava/util/List;)Z
I/block   (21553): com.dianxinos.dxbs ** BLOCKED org/apache/http/impl/client/DefaultHttpClient.execute(Lorg/apache/http/client/methods/HttpUriRequest;)Lorg/apache/http/HttpResponse; from vs.a(Ljava/util/List;Ljava/util/List;)Z
I/block   (21553): com.dianxinos.dxbs ** BLOCKED org/apache/http/impl/client/DefaultHttpClient.execute(Lorg/apache/http/client/methods/HttpUriRequest;)Lorg/apache/http/HttpResponse; from vs.a(Ljava/util/List;Ljava/util/List;)Z
I/block   (21553): com.dianxinos.dxbs ** BLOCKED org/apache/http/impl/client/DefaultHttpClient.execute(Lorg/apache/http/client/methods/HttpUriRequest;)Lorg/apache/http/HttpResponse; from vs.a(Ljava/util/List;Ljava/util/List;)Z
I/block   (21553): com.dianxinos.dxbs ** BLOCKED org/apache/http/impl/client/DefaultHttpClient.execute(Lorg/apache/http/client/methods/HttpUriRequest;)Lorg/apache/http/HttpResponse; from vs.a(Ljava/util/List;Ljava/util/List;)Z
I/block   (21553): com.dianxinos.dxbs ** BLOCKED org/apache/http/impl/client/DefaultHttpClient.execute(Lorg/apache/http/client/methods/HttpUriRequest;)Lorg/apache/http/HttpResponse; from vs.a(Ljava/util/List;Ljava/util/List;)Z
I/block   ( 1757): com.cmcm.locker ** BLOCKED org/apache/http/client/HttpClient.execute(Lorg/apache/http/client/methods/HttpUriRequest;)Lorg/apache/http/HttpResponse; from com/cleanmaster/kinfoc/q.b(Lcom/cleanmaster/kinfoc/m;Ljava/lang/String;Lcom/cleanmaster/kinfoc/g;)Z
I/block   (21553): com.dianxinos.dxbs ** BLOCKED org/apache/http/impl/client/DefaultHttpClient.execute(Lorg/apache/http/client/methods/HttpUriRequest;)Lorg/apache/http/HttpResponse; from vs.a(Ljava/util/List;Ljava/util/List;)Z
I/block   (21553): com.dianxinos.dxbs ** BLOCKED org/apache/http/impl/client/DefaultHttpClient.execute(Lorg/apache/http/client/methods/HttpUriRequest;)Lorg/apache/http/HttpResponse; from vs.a(Ljava/util/List;Ljava/util/List;)Z
I/block   (21553): com.dianxinos.dxbs ** BLOCKED org/apache/http/impl/client/DefaultHttpClient.execute(Lorg/apache/http/client/methods/HttpUriRequest;)Lorg/apache/http/HttpResponse; from vs.a(Ljava/util/List;Ljava/util/List;)Z
I/block   (21553): com.dianxinos.dxbs ** BLOCKED org/apache/http/impl/client/DefaultHttpClient.execute(Lorg/apache/http/client/methods/HttpUriRequest;)Lorg/apache/http/HttpResponse; from vs.a(Ljava/util/List;Ljava/util/List;)Z
I/block   (22366): com.cleanmaster.mguard ** BLOCKED java/net/URL.openConnection()Ljava/net/URLConnection; from com/ijinshan/krcmd/util/c.a(Ljava/lang/String;II)Ljava/lang/String;
I/block   (22366): com.cleanmaster.mguard ** BLOCKED java/net/URL.openConnection()Ljava/net/URLConnection; from com/ijinshan/krcmd/util/c.a(Ljava/lang/String;II)Ljava/lang/String;
I/block   (22366): com.cleanmaster.mguard ** BLOCKED java/net/URL.openConnection()Ljava/net/URLConnection; from com/ijinshan/krcmd/util/c.a(Ljava/lang/String;II)Ljava/lang/String;
I/block   (22366): com.cleanmaster.mguard ** BLOCKED java/net/URL.openConnection()Ljava/net/URLConnection; from com/ijinshan/krcmd/util/c.a(Ljava/lang/String;II)Ljava/lang/String;
I/block   (22366): com.cleanmaster.mguard ** BLOCKED java/net/URL.openConnection()Ljava/net/URLConnection; from com/ijinshan/krcmd/util/c.a(Ljava/lang/String;II)Ljava/lang/String;
I/block   (22366): com.cleanmaster.mguard ** BLOCKED java/net/URL.openConnection()Ljava/net/URLConnection; from com/cleanmaster/cleancloud/core/base/ai.a([BI)Lcom/cleanmaster/cleancloud/core/base/aj;
I/block   (22366): com.cleanmaster.mguard ** BLOCKED java/net/URL.openConnection()Ljava/net/URLConnection; from com/cleanmaster/cleancloud/core/base/ai.a([BI)Lcom/cleanmaster/cleancloud/core/base/aj;
I/block   (21553): com.dianxinos.dxbs ** BLOCKED org/apache/http/impl/client/DefaultHttpClient.execute(Lorg/apache/http/client/methods/HttpUriRequest;)Lorg/apache/http/HttpResponse; from vs.a(Ljava/util/List;Ljava/util/List;)Z
I/block   (22366): com.cleanmaster.mguard ** BLOCKED java/net/URL.openConnection()Ljava/net/URLConnection; from com/cleanmaster/cleancloud/core/base/ai.a([BI)Lcom/cleanmaster/cleancloud/core/base/aj;
I/block   (22366): com.cleanmaster.mguard ** BLOCKED java/net/URL.openConnection()Ljava/net/URLConnection; from com/cleanmaster/cleancloud/core/base/ai.a([BI)Lcom/cleanmaster/cleancloud/core/base/aj;
I/block   ( 1757): com.cmcm.locker ** BLOCKED org/apache/http/client/HttpClient.execute(Lorg/apache/http/client/methods/HttpUriRequest;)Lorg/apache/http/HttpResponse; from com/cleanmaster/kinfoc/q.b(Lcom/cleanmaster/kinfoc/m;Ljava/lang/String;Lcom/cleanmaster/kinfoc/g;)Z
I/block   (21553): com.dianxinos.dxbs ** BLOCKED org/apache/http/impl/client/DefaultHttpClient.execute(Lorg/apache/http/client/methods/HttpUriRequest;)Lorg/apache/http/HttpResponse; from vs.a(Ljava/util/List;Ljava/util/List;)Z
I/block   (21553): com.dianxinos.dxbs ** BLOCKED org/apache/http/impl/client/DefaultHttpClient.execute(Lorg/apache/http/client/methods/HttpUriRequest;)Lorg/apache/http/HttpResponse; from vs.a(Ljava/util/List;Ljava/util/List;)Z
I/block   (21553): com.dianxinos.dxbs ** BLOCKED org/apache/http/impl/client/DefaultHttpClient.execute(Lorg/apache/http/client/methods/HttpUriRequest;)Lorg/apache/http/HttpResponse; from vs.a(Ljava/util/List;Ljava/util/List;)Z
I/block   (21553): com.dianxinos.dxbs ** BLOCKED org/apache/http/impl/client/DefaultHttpClient.execute(Lorg/apache/http/client/methods/HttpUriRequest;)Lorg/apache/http/HttpResponse; from vs.a(Ljava/util/List;Ljava/util/List;)Z
I/block   (21553): com.dianxinos.dxbs ** BLOCKED org/apache/http/impl/client/DefaultHttpClient.execute(Lorg/apache/http/client/methods/HttpUriRequest;)Lorg/apache/http/HttpResponse; from vs.a(Ljava/util/List;Ljava/util/List;)Z
I/block   (21553): com.dianxinos.dxbs ** BLOCKED org/apache/http/impl/client/DefaultHttpClient.execute(Lorg/apache/http/client/methods/HttpUriRequest;)Lorg/apache/http/HttpResponse; from vs.a(Ljava/util/List;Ljava/util/List;)Z
I/block   (21553): com.dianxinos.dxbs ** BLOCKED org/apache/http/impl/client/DefaultHttpClient.execute(Lorg/apache/http/client/methods/HttpUriRequest;)Lorg/apache/http/HttpResponse; from vs.a(Ljava/util/List;Ljava/util/List;)Z
I/block   ( 1757): com.cmcm.locker ** BLOCKED org/apache/http/client/HttpClient.execute(Lorg/apache/http/client/methods/HttpUriRequest;)Lorg/apache/http/HttpResponse; from com/cleanmaster/kinfoc/q.b(Lcom/cleanmaster/kinfoc/m;Ljava/lang/String;Lcom/cleanmaster/kinfoc/g;)Z
I/block   (21553): com.dianxinos.dxbs ** BLOCKED org/apache/http/impl/client/DefaultHttpClient.execute(Lorg/apache/http/client/methods/HttpUriRequest;)Lorg/apache/http/HttpResponse; from vs.a(Ljava/util/List;Ljava/util/List;)Z
I/block   (21553): com.dianxinos.dxbs ** BLOCKED org/apache/http/impl/client/DefaultHttpClient.execute(Lorg/apache/http/client/methods/HttpUriRequest;)Lorg/apache/http/HttpResponse; from vs.a(Ljava/util/List;Ljava/util/List;)Z
I/block   (21553): com.dianxinos.dxbs ** BLOCKED org/apache/http/impl/client/DefaultHttpClient.execute(Lorg/apache/http/client/methods/HttpUriRequest;)Lorg/apache/http/HttpResponse; from vs.a(Ljava/util/List;Ljava/util/List;)Z
I/block   ( 1201): com.dianxinos.optimizer.duplay ** BLOCKED org/apache/http/impl/client/DefaultHttpClient.execute(Lorg/apache/http/client/methods/HttpUriRequest;)Lorg/apache/http/HttpResponse; from dxoptimizer/abl.a(Ljava/util/List;Ljava/util/List;)Z
I/block   ( 1757): com.cmcm.locker ** BLOCKED org/apache/http/client/HttpClient.execute(Lorg/apache/http/client/methods/HttpUriRequest;)Lorg/apache/http/HttpResponse; from com/cleanmaster/kinfoc/q.b(Lcom/cleanmaster/kinfoc/m;Ljava/lang/String;Lcom/cleanmaster/kinfoc/g;)Z
I/block   ( 1201): com.dianxinos.optimizer.duplay ** BLOCKED org/apache/http/impl/client/DefaultHttpClient.execute(Lorg/apache/http/client/methods/HttpUriRequest;)Lorg/apache/http/HttpResponse; from dxoptimizer/abl.a(Ljava/util/List;Ljava/util/List;)Z
I/block   ( 1201): com.dianxinos.optimizer.duplay ** BLOCKED org/apache/http/impl/client/DefaultHttpClient.execute(Lorg/apache/http/client/methods/HttpUriRequest;)Lorg/apache/http/HttpResponse; from dxoptimizer/abl.a(Ljava/util/List;Ljava/util/List;)Z
I/block   ( 1757): com.cmcm.locker ** BLOCKED org/apache/http/client/HttpClient.execute(Lorg/apache/http/client/methods/HttpUriRequest;)Lorg/apache/http/HttpResponse; from com/cleanmaster/kinfoc/q.b(Lcom/cleanmaster/kinfoc/m;Ljava/lang/String;Lcom/cleanmaster/kinfoc/g;)Z
I/block   ( 1757): com.cmcm.locker ** BLOCKED org/apache/http/client/HttpClient.execute(Lorg/apache/http/client/methods/HttpUriRequest;)Lorg/apache/http/HttpResponse; from com/cleanmaster/kinfoc/q.b(Lcom/cleanmaster/kinfoc/m;Ljava/lang/String;Lcom/cleanmaster/kinfoc/g;)Z
I/block   ( 1757): com.cmcm.locker ** BLOCKED org/apache/http/client/HttpClient.execute(Lorg/apache/http/client/methods/HttpUriRequest;)Lorg/apache/http/HttpResponse; from com/cleanmaster/kinfoc/q.b(Lcom/cleanmaster/kinfoc/m;Ljava/lang/String;Lcom/cleanmaster/kinfoc/g;)Z
I/block   ( 1757): com.cmcm.locker ** BLOCKED org/apache/http/client/HttpClient.execute(Lorg/apache/http/client/methods/HttpUriRequest;)Lorg/apache/http/HttpResponse; from com/cleanmaster/kinfoc/q.b(Lcom/cleanmaster/kinfoc/m;Ljava/lang/String;Lcom/cleanmaster/kinfoc/g;)Z
I/block   (22366): com.cleanmaster.mguard ** BLOCKED java/net/URL.openConnection()Ljava/net/URLConnection; from com/cleanmaster/kinfoc/base/i.b(Lcom/cleanmaster/kinfoc/k;Ljava/lang/String;Lcom/cleanmaster/kinfoc/f;)Z
I/block   ( 1757): com.cmcm.locker ** BLOCKED org/apache/http/client/HttpClient.execute(Lorg/apache/http/client/methods/HttpUriRequest;)Lorg/apache/http/HttpResponse; from com/cleanmaster/kinfoc/q.b(Lcom/cleanmaster/kinfoc/m;Ljava/lang/String;Lcom/cleanmaster/kinfoc/g;)Z
I/block   (22366): com.cleanmaster.mguard ** BLOCKED java/net/URL.openConnection()Ljava/net/URLConnection; from com/cleanmaster/kinfoc/base/i.b(Lcom/cleanmaster/kinfoc/k;Ljava/lang/String;Lcom/cleanmaster/kinfoc/f;)Z
I/block   ( 1757): com.cmcm.locker ** BLOCKED org/apache/http/client/HttpClient.execute(Lorg/apache/http/client/methods/HttpUriRequest;)Lorg/apache/http/HttpResponse; from com/cleanmaster/kinfoc/q.b(Lcom/cleanmaster/kinfoc/m;Ljava/lang/String;Lcom/cleanmaster/kinfoc/g;)Z
I/block   ( 1757): com.cmcm.locker ** BLOCKED org/apache/http/client/HttpClient.execute(Lorg/apache/http/client/methods/HttpUriRequest;)Lorg/apache/http/HttpResponse; from com/cleanmaster/kinfoc/q.b(Lcom/cleanmaster/kinfoc/m;Ljava/lang/String;Lcom/cleanmaster/kinfoc/g;)Z
I/block   (22366): com.cleanmaster.mguard ** BLOCKED java/net/URL.openConnection()Ljava/net/URLConnection; from com/cleanmaster/kinfoc/base/i.b(Lcom/cleanmaster/kinfoc/k;Ljava/lang/String;Lcom/cleanmaster/kinfoc/f;)Z
I/block   ( 1757): com.cmcm.locker ** BLOCKED org/apache/http/client/HttpClient.execute(Lorg/apache/http/client/methods/HttpUriRequest;)Lorg/apache/http/HttpResponse; from com/cleanmaster/kinfoc/q.b(Lcom/cleanmaster/kinfoc/m;Ljava/lang/String;Lcom/cleanmaster/kinfoc/g;)Z
I/block   (22366): com.cleanmaster.mguard ** BLOCKED java/net/URL.openConnection()Ljava/net/URLConnection; from com/cleanmaster/kinfoc/base/i.b(Lcom/cleanmaster/kinfoc/k;Ljava/lang/String;Lcom/cleanmaster/kinfoc/f;)Z
I/block   ( 1757): com.cmcm.locker ** BLOCKED org/apache/http/client/HttpClient.execute(Lorg/apache/http/client/methods/HttpUriRequest;)Lorg/apache/http/HttpResponse; from com/cleanmaster/kinfoc/q.b(Lcom/cleanmaster/kinfoc/m;Ljava/lang/String;Lcom/cleanmaster/kinfoc/g;)Z
I/block   ( 1757): com.cmcm.locker ** BLOCKED org/apache/http/client/HttpClient.execute(Lorg/apache/http/client/methods/HttpUriRequest;)Lorg/apache/http/HttpResponse; from com/cleanmaster/kinfoc/q.b(Lcom/cleanmaster/kinfoc/m;Ljava/lang/String;Lcom/cleanmaster/kinfoc/g;)Z
I/block   ( 1757): com.cmcm.locker ** BLOCKED org/apache/http/client/HttpClient.execute(Lorg/apache/http/client/methods/HttpUriRequest;)Lorg/apache/http/HttpResponse; from com/cleanmaster/kinfoc/q.b(Lcom/cleanmaster/kinfoc/m;Ljava/lang/String;Lcom/cleanmaster/kinfoc/g;)Z
I/block   (22366): com.cleanmaster.mguard ** BLOCKED java/net/URL.openConnection()Ljava/net/URLConnection; from com/cleanmaster/kinfoc/base/i.b(Lcom/cleanmaster/kinfoc/k;Ljava/lang/String;Lcom/cleanmaster/kinfoc/f;)Z
I/block   ( 1757): com.cmcm.locker ** BLOCKED org/apache/http/client/HttpClient.execute(Lorg/apache/http/client/methods/HttpUriRequest;)Lorg/apache/http/HttpResponse; from com/cleanmaster/kinfoc/q.b(Lcom/cleanmaster/kinfoc/m;Ljava/lang/String;Lcom/cleanmaster/kinfoc/g;)Z
I/block   (22366): com.cleanmaster.mguard ** BLOCKED java/net/URL.openConnection()Ljava/net/URLConnection; from com/cleanmaster/kinfoc/base/i.b(Lcom/cleanmaster/kinfoc/k;Ljava/lang/String;Lcom/cleanmaster/kinfoc/f;)Z
I/block   ( 1757): com.cmcm.locker ** BLOCKED org/apache/http/client/HttpClient.execute(Lorg/apache/http/client/methods/HttpUriRequest;)Lorg/apache/http/HttpResponse; from com/cleanmaster/kinfoc/q.b(Lcom/cleanmaster/kinfoc/m;Ljava/lang/String;Lcom/cleanmaster/kinfoc/g;)Z
I/block   ( 1757): com.cmcm.locker ** BLOCKED org/apache/http/client/HttpClient.execute(Lorg/apache/http/client/methods/HttpUriRequest;)Lorg/apache/http/HttpResponse; from com/cleanmaster/kinfoc/q.b(Lcom/cleanmaster/kinfoc/m;Ljava/lang/String;Lcom/cleanmaster/kinfoc/g;)Z
I/block   (22366): com.cleanmaster.mguard ** BLOCKED java/net/URL.openConnection()Ljava/net/URLConnection; from com/cleanmaster/kinfoc/base/i.b(Lcom/cleanmaster/kinfoc/k;Ljava/lang/String;Lcom/cleanmaster/kinfoc/f;)Z
I/block   ( 1757): com.cmcm.locker ** BLOCKED org/apache/http/client/HttpClient.execute(Lorg/apache/http/client/methods/HttpUriRequest;)Lorg/apache/http/HttpResponse; from com/cleanmaster/kinfoc/q.b(Lcom/cleanmaster/kinfoc/m;Ljava/lang/String;Lcom/cleanmaster/kinfoc/g;)Z
I/block   (22366): com.cleanmaster.mguard ** BLOCKED java/net/URL.openConnection()Ljava/net/URLConnection; from com/cleanmaster/kinfoc/base/i.b(Lcom/cleanmaster/kinfoc/k;Ljava/lang/String;Lcom/cleanmaster/kinfoc/f;)Z
I/block   ( 1757): com.cmcm.locker ** BLOCKED org/apache/http/client/HttpClient.execute(Lorg/apache/http/client/methods/HttpUriRequest;)Lorg/apache/http/HttpResponse; from com/cleanmaster/kinfoc/q.b(Lcom/cleanmaster/kinfoc/m;Ljava/lang/String;Lcom/cleanmaster/kinfoc/g;)Z
I/block   (22366): com.cleanmaster.mguard ** BLOCKED java/net/URL.openConnection()Ljava/net/URLConnection; from com/cleanmaster/kinfoc/base/i.b(Lcom/cleanmaster/kinfoc/k;Ljava/lang/String;Lcom/cleanmaster/kinfoc/f;)Z
I/block   ( 1757): com.cmcm.locker ** BLOCKED org/apache/http/client/HttpClient.execute(Lorg/apache/http/client/methods/HttpUriRequest;)Lorg/apache/http/HttpResponse; from com/cleanmaster/kinfoc/q.b(Lcom/cleanmaster/kinfoc/m;Ljava/lang/String;Lcom/cleanmaster/kinfoc/g;)Z
