I/block   ( 9477): com.ksmobile.launcher ** BLOCKED org/apache/http/client/HttpClient.execute(Lorg/apache/http/client/methods/HttpUriRequest;)Lorg/apache/http/HttpResponse; from com/cm/kinfoc/l.b(Lcom/cm/kinfoc/k;Ljava/lang/String;Lcom/cm/kinfoc/e;)Z
I/block   ( 9477): com.ksmobile.launcher ** BLOCKED org/apache/http/client/HttpClient.execute(Lorg/apache/http/client/methods/HttpUriRequest;)Lorg/apache/http/HttpResponse; from com/cm/kinfoc/l.b(Lcom/cm/kinfoc/k;Ljava/lang/String;Lcom/cm/kinfoc/e;)Z
I/block   ( 9617): com.yodo1.crossyroad ** BLOCKED org/apache/http/impl/client/AbstractHttpClient.execute(Lorg/apache/http/client/methods/HttpUriRequest;Lorg/apache/http/protocol/HttpContext;)Lorg/apache/http/HttpResponse; from com/kontagent/network/asynchttpclient/AsyncHttpRequest.makeRequest()V
I/block   ( 9617): com.yodo1.crossyroad ** BLOCKED org/apache/http/client/HttpClient.execute(Lorg/apache/http/client/methods/HttpUriRequest;)Lorg/apache/http/HttpResponse; from u/aly/r.a([BLjava/lang/String;)[B
I/block   ( 9617): com.yodo1.crossyroad ** BLOCKED org/apache/http/client/HttpClient.execute(Lorg/apache/http/client/methods/HttpUriRequest;)Lorg/apache/http/HttpResponse; from u/aly/r.a([BLjava/lang/String;)[B
I/block   ( 9617): com.yodo1.crossyroad ** BLOCKED org/apache/http/impl/client/AbstractHttpClient.execute(Lorg/apache/http/client/methods/HttpUriRequest;Lorg/apache/http/protocol/HttpContext;)Lorg/apache/http/HttpResponse; from com/kontagent/network/asynchttpclient/AsyncHttpRequest.makeRequest()V
I/block   ( 9617): com.yodo1.crossyroad ** BLOCKED org/apache/http/impl/client/AbstractHttpClient.execute(Lorg/apache/http/client/methods/HttpUriRequest;Lorg/apache/http/protocol/HttpContext;)Lorg/apache/http/HttpResponse; from com/kontagent/network/asynchttpclient/AsyncHttpRequest.makeRequest()V
I/block   ( 9617): com.yodo1.crossyroad ** BLOCKED org/apache/http/impl/client/AbstractHttpClient.execute(Lorg/apache/http/client/methods/HttpUriRequest;Lorg/apache/http/protocol/HttpContext;)Lorg/apache/http/HttpResponse; from com/kontagent/network/asynchttpclient/AsyncHttpRequest.makeRequest()V
I/block   ( 9617): com.yodo1.crossyroad ** BLOCKED org/apache/http/impl/client/AbstractHttpClient.execute(Lorg/apache/http/client/methods/HttpUriRequest;Lorg/apache/http/protocol/HttpContext;)Lorg/apache/http/HttpResponse; from com/kontagent/network/asynchttpclient/AsyncHttpRequest.makeRequest()V
I/block   ( 9617): com.yodo1.crossyroad ** BLOCKED org/apache/http/impl/client/AbstractHttpClient.execute(Lorg/apache/http/client/methods/HttpUriRequest;Lorg/apache/http/protocol/HttpContext;)Lorg/apache/http/HttpResponse; from com/kontagent/network/asynchttpclient/AsyncHttpRequest.makeRequest()V
I/block   ( 6035): com.cleanmaster.mguard ** BLOCKED java/net/URL.openConnection()Ljava/net/URLConnection; from com/cleanmaster/kinfoc/base/i.b(Lcom/cleanmaster/kinfoc/k;Ljava/lang/String;Lcom/cleanmaster/kinfoc/f;)Z
I/block   ( 9477): com.ksmobile.launcher ** BLOCKED org/apache/http/client/HttpClient.execute(Lorg/apache/http/client/methods/HttpUriRequest;)Lorg/apache/http/HttpResponse; from com/cm/kinfoc/l.b(Lcom/cm/kinfoc/k;Ljava/lang/String;Lcom/cm/kinfoc/e;)Z
I/block   ( 1789): com.cmcm.locker ** BLOCKED org/apache/http/client/HttpClient.execute(Lorg/apache/http/client/methods/HttpUriRequest;)Lorg/apache/http/HttpResponse; from com/cleanmaster/kinfoc/q.b(Lcom/cleanmaster/kinfoc/m;Ljava/lang/String;Lcom/cleanmaster/kinfoc/g;)Z
I/block   ( 6035): com.cleanmaster.mguard ** BLOCKED java/net/URL.openConnection()Ljava/net/URLConnection; from com/cleanmaster/kinfoc/base/i.b(Lcom/cleanmaster/kinfoc/k;Ljava/lang/String;Lcom/cleanmaster/kinfoc/f;)Z
I/block   ( 9477): com.ksmobile.launcher ** BLOCKED org/apache/http/client/HttpClient.execute(Lorg/apache/http/client/methods/HttpUriRequest;)Lorg/apache/http/HttpResponse; from com/cm/kinfoc/l.b(Lcom/cm/kinfoc/k;Ljava/lang/String;Lcom/cm/kinfoc/e;)Z
I/block   ( 1789): com.cmcm.locker ** BLOCKED org/apache/http/client/HttpClient.execute(Lorg/apache/http/client/methods/HttpUriRequest;)Lorg/apache/http/HttpResponse; from com/cleanmaster/kinfoc/q.b(Lcom/cleanmaster/kinfoc/m;Ljava/lang/String;Lcom/cleanmaster/kinfoc/g;)Z
I/block   ( 6035): com.cleanmaster.mguard ** BLOCKED java/net/URL.openConnection()Ljava/net/URLConnection; from com/cleanmaster/kinfoc/base/i.b(Lcom/cleanmaster/kinfoc/k;Ljava/lang/String;Lcom/cleanmaster/kinfoc/f;)Z
I/block   ( 9477): com.ksmobile.launcher ** BLOCKED org/apache/http/client/HttpClient.execute(Lorg/apache/http/client/methods/HttpUriRequest;)Lorg/apache/http/HttpResponse; from com/cm/kinfoc/l.b(Lcom/cm/kinfoc/k;Ljava/lang/String;Lcom/cm/kinfoc/e;)Z
I/block   ( 1789): com.cmcm.locker ** BLOCKED org/apache/http/client/HttpClient.execute(Lorg/apache/http/client/methods/HttpUriRequest;)Lorg/apache/http/HttpResponse; from com/cleanmaster/kinfoc/q.b(Lcom/cleanmaster/kinfoc/m;Ljava/lang/String;Lcom/cleanmaster/kinfoc/g;)Z
I/block   ( 6035): com.cleanmaster.mguard ** BLOCKED java/net/URL.openConnection()Ljava/net/URLConnection; from com/cleanmaster/kinfoc/base/i.b(Lcom/cleanmaster/kinfoc/k;Ljava/lang/String;Lcom/cleanmaster/kinfoc/f;)Z
I/block   ( 9477): com.ksmobile.launcher ** BLOCKED org/apache/http/client/HttpClient.execute(Lorg/apache/http/client/methods/HttpUriRequest;)Lorg/apache/http/HttpResponse; from com/cm/kinfoc/l.b(Lcom/cm/kinfoc/k;Ljava/lang/String;Lcom/cm/kinfoc/e;)Z
I/block   ( 1789): com.cmcm.locker ** BLOCKED org/apache/http/client/HttpClient.execute(Lorg/apache/http/client/methods/HttpUriRequest;)Lorg/apache/http/HttpResponse; from com/cleanmaster/kinfoc/q.b(Lcom/cleanmaster/kinfoc/m;Ljava/lang/String;Lcom/cleanmaster/kinfoc/g;)Z
I/block   ( 6035): com.cleanmaster.mguard ** BLOCKED java/net/URL.openConnection()Ljava/net/URLConnection; from com/cleanmaster/kinfoc/base/i.b(Lcom/cleanmaster/kinfoc/k;Ljava/lang/String;Lcom/cleanmaster/kinfoc/f;)Z
I/block   ( 9477): com.ksmobile.launcher ** BLOCKED org/apache/http/client/HttpClient.execute(Lorg/apache/http/client/methods/HttpUriRequest;)Lorg/apache/http/HttpResponse; from com/cm/kinfoc/l.b(Lcom/cm/kinfoc/k;Ljava/lang/String;Lcom/cm/kinfoc/e;)Z
I/block   ( 1789): com.cmcm.locker ** BLOCKED org/apache/http/client/HttpClient.execute(Lorg/apache/http/client/methods/HttpUriRequest;)Lorg/apache/http/HttpResponse; from com/cleanmaster/kinfoc/q.b(Lcom/cleanmaster/kinfoc/m;Ljava/lang/String;Lcom/cleanmaster/kinfoc/g;)Z
I/block   ( 6035): com.cleanmaster.mguard ** BLOCKED java/net/URL.openConnection()Ljava/net/URLConnection; from com/cleanmaster/kinfoc/base/i.b(Lcom/cleanmaster/kinfoc/k;Ljava/lang/String;Lcom/cleanmaster/kinfoc/f;)Z
I/block   ( 9477): com.ksmobile.launcher ** BLOCKED org/apache/http/client/HttpClient.execute(Lorg/apache/http/client/methods/HttpUriRequest;)Lorg/apache/http/HttpResponse; from com/cm/kinfoc/l.b(Lcom/cm/kinfoc/k;Ljava/lang/String;Lcom/cm/kinfoc/e;)Z
I/block   ( 1789): com.cmcm.locker ** BLOCKED org/apache/http/client/HttpClient.execute(Lorg/apache/http/client/methods/HttpUriRequest;)Lorg/apache/http/HttpResponse; from com/cleanmaster/kinfoc/q.b(Lcom/cleanmaster/kinfoc/m;Ljava/lang/String;Lcom/cleanmaster/kinfoc/g;)Z
I/block   ( 6035): com.cleanmaster.mguard ** BLOCKED java/net/URL.openConnection()Ljava/net/URLConnection; from com/cleanmaster/kinfoc/base/i.b(Lcom/cleanmaster/kinfoc/k;Ljava/lang/String;Lcom/cleanmaster/kinfoc/f;)Z
I/block   ( 9477): com.ksmobile.launcher ** BLOCKED org/apache/http/client/HttpClient.execute(Lorg/apache/http/client/methods/HttpUriRequest;)Lorg/apache/http/HttpResponse; from com/cm/kinfoc/l.b(Lcom/cm/kinfoc/k;Ljava/lang/String;Lcom/cm/kinfoc/e;)Z
I/block   ( 1789): com.cmcm.locker ** BLOCKED org/apache/http/client/HttpClient.execute(Lorg/apache/http/client/methods/HttpUriRequest;)Lorg/apache/http/HttpResponse; from com/cleanmaster/kinfoc/q.b(Lcom/cleanmaster/kinfoc/m;Ljava/lang/String;Lcom/cleanmaster/kinfoc/g;)Z
I/block   ( 6035): com.cleanmaster.mguard ** BLOCKED java/net/URL.openConnection()Ljava/net/URLConnection; from com/cleanmaster/kinfoc/base/i.b(Lcom/cleanmaster/kinfoc/k;Ljava/lang/String;Lcom/cleanmaster/kinfoc/f;)Z
I/block   ( 9477): com.ksmobile.launcher ** BLOCKED org/apache/http/client/HttpClient.execute(Lorg/apache/http/client/methods/HttpUriRequest;)Lorg/apache/http/HttpResponse; from com/cm/kinfoc/l.b(Lcom/cm/kinfoc/k;Ljava/lang/String;Lcom/cm/kinfoc/e;)Z
I/block   ( 6035): com.cleanmaster.mguard ** BLOCKED java/net/URL.openConnection()Ljava/net/URLConnection; from com/cleanmaster/kinfoc/base/i.b(Lcom/cleanmaster/kinfoc/k;Ljava/lang/String;Lcom/cleanmaster/kinfoc/f;)Z
I/block   ( 9477): com.ksmobile.launcher ** BLOCKED org/apache/http/client/HttpClient.execute(Lorg/apache/http/client/methods/HttpUriRequest;)Lorg/apache/http/HttpResponse; from com/cm/kinfoc/l.b(Lcom/cm/kinfoc/k;Ljava/lang/String;Lcom/cm/kinfoc/e;)Z
I/block   ( 1789): com.cmcm.locker ** BLOCKED org/apache/http/client/HttpClient.execute(Lorg/apache/http/client/methods/HttpUriRequest;)Lorg/apache/http/HttpResponse; from com/cleanmaster/kinfoc/q.b(Lcom/cleanmaster/kinfoc/m;Ljava/lang/String;Lcom/cleanmaster/kinfoc/g;)Z
I/block   ( 6035): com.cleanmaster.mguard ** BLOCKED java/net/URL.openConnection()Ljava/net/URLConnection; from com/cleanmaster/kinfoc/base/i.b(Lcom/cleanmaster/kinfoc/k;Ljava/lang/String;Lcom/cleanmaster/kinfoc/f;)Z
I/block   ( 9477): com.ksmobile.launcher ** BLOCKED org/apache/http/client/HttpClient.execute(Lorg/apache/http/client/methods/HttpUriRequest;)Lorg/apache/http/HttpResponse; from com/cm/kinfoc/l.b(Lcom/cm/kinfoc/k;Ljava/lang/String;Lcom/cm/kinfoc/e;)Z
I/block   ( 9617): com.yodo1.crossyroad ** BLOCKED org/apache/http/impl/client/AbstractHttpClient.execute(Lorg/apache/http/client/methods/HttpUriRequest;Lorg/apache/http/protocol/HttpContext;)Lorg/apache/http/HttpResponse; from com/kontagent/network/asynchttpclient/AsyncHttpRequest.makeRequest()V
I/block   ( 6035): com.cleanmaster.mguard ** BLOCKED java/net/URL.openConnection()Ljava/net/URLConnection; from com/cleanmaster/kinfoc/base/i.b(Lcom/cleanmaster/kinfoc/k;Ljava/lang/String;Lcom/cleanmaster/kinfoc/f;)Z
I/block   ( 9477): com.ksmobile.launcher ** BLOCKED org/apache/http/client/HttpClient.execute(Lorg/apache/http/client/methods/HttpUriRequest;)Lorg/apache/http/HttpResponse; from com/cm/kinfoc/l.b(Lcom/cm/kinfoc/k;Ljava/lang/String;Lcom/cm/kinfoc/e;)Z
I/block   ( 1789): com.cmcm.locker ** BLOCKED org/apache/http/client/HttpClient.execute(Lorg/apache/http/client/methods/HttpUriRequest;)Lorg/apache/http/HttpResponse; from com/cleanmaster/kinfoc/q.b(Lcom/cleanmaster/kinfoc/m;Ljava/lang/String;Lcom/cleanmaster/kinfoc/g;)Z
I/block   ( 6035): com.cleanmaster.mguard ** BLOCKED java/net/URL.openConnection()Ljava/net/URLConnection; from com/cleanmaster/kinfoc/base/i.b(Lcom/cleanmaster/kinfoc/k;Ljava/lang/String;Lcom/cleanmaster/kinfoc/f;)Z
I/block   ( 9477): com.ksmobile.launcher ** BLOCKED org/apache/http/client/HttpClient.execute(Lorg/apache/http/client/methods/HttpUriRequest;)Lorg/apache/http/HttpResponse; from com/cm/kinfoc/l.b(Lcom/cm/kinfoc/k;Ljava/lang/String;Lcom/cm/kinfoc/e;)Z
I/block   ( 9617): com.yodo1.crossyroad ** BLOCKED org/apache/http/impl/client/AbstractHttpClient.execute(Lorg/apache/http/client/methods/HttpUriRequest;Lorg/apache/http/protocol/HttpContext;)Lorg/apache/http/HttpResponse; from com/kontagent/network/asynchttpclient/AsyncHttpRequest.makeRequest()V
I/block   ( 6035): com.cleanmaster.mguard ** BLOCKED java/net/URL.openConnection()Ljava/net/URLConnection; from com/cleanmaster/kinfoc/base/i.b(Lcom/cleanmaster/kinfoc/k;Ljava/lang/String;Lcom/cleanmaster/kinfoc/f;)Z
I/block   ( 1789): com.cmcm.locker ** BLOCKED org/apache/http/client/HttpClient.execute(Lorg/apache/http/client/methods/HttpUriRequest;)Lorg/apache/http/HttpResponse; from com/cleanmaster/kinfoc/q.b(Lcom/cleanmaster/kinfoc/m;Ljava/lang/String;Lcom/cleanmaster/kinfoc/g;)Z
I/block   ( 9617): com.yodo1.crossyroad ** BLOCKED org/apache/http/impl/client/AbstractHttpClient.execute(Lorg/apache/http/client/methods/HttpUriRequest;Lorg/apache/http/protocol/HttpContext;)Lorg/apache/http/HttpResponse; from com/kontagent/network/asynchttpclient/AsyncHttpRequest.makeRequest()V
I/block   ( 6035): com.cleanmaster.mguard ** BLOCKED java/net/URL.openConnection()Ljava/net/URLConnection; from com/cleanmaster/kinfoc/base/i.b(Lcom/cleanmaster/kinfoc/k;Ljava/lang/String;Lcom/cleanmaster/kinfoc/f;)Z
I/block   ( 6035): com.cleanmaster.mguard ** BLOCKED java/net/URL.openConnection()Ljava/net/URLConnection; from com/cleanmaster/kinfoc/base/i.b(Lcom/cleanmaster/kinfoc/k;Ljava/lang/String;Lcom/cleanmaster/kinfoc/f;)Z
I/block   ( 1789): com.cmcm.locker ** BLOCKED org/apache/http/client/HttpClient.execute(Lorg/apache/http/client/methods/HttpUriRequest;)Lorg/apache/http/HttpResponse; from com/cleanmaster/kinfoc/q.b(Lcom/cleanmaster/kinfoc/m;Ljava/lang/String;Lcom/cleanmaster/kinfoc/g;)Z
I/block   ( 9617): com.yodo1.crossyroad ** BLOCKED org/apache/http/impl/client/AbstractHttpClient.execute(Lorg/apache/http/client/methods/HttpUriRequest;Lorg/apache/http/protocol/HttpContext;)Lorg/apache/http/HttpResponse; from com/kontagent/network/asynchttpclient/AsyncHttpRequest.makeRequest()V
I/block   ( 6035): com.cleanmaster.mguard ** BLOCKED java/net/URL.openConnection()Ljava/net/URLConnection; from com/cleanmaster/kinfoc/base/i.b(Lcom/cleanmaster/kinfoc/k;Ljava/lang/String;Lcom/cleanmaster/kinfoc/f;)Z
I/block   ( 9617): com.yodo1.crossyroad ** BLOCKED org/apache/http/impl/client/AbstractHttpClient.execute(Lorg/apache/http/client/methods/HttpUriRequest;Lorg/apache/http/protocol/HttpContext;)Lorg/apache/http/HttpResponse; from com/kontagent/network/asynchttpclient/AsyncHttpRequest.makeRequest()V
I/block   ( 6035): com.cleanmaster.mguard ** BLOCKED java/net/URL.openConnection()Ljava/net/URLConnection; from com/cleanmaster/kinfoc/base/i.b(Lcom/cleanmaster/kinfoc/k;Ljava/lang/String;Lcom/cleanmaster/kinfoc/f;)Z
I/block   ( 1789): com.cmcm.locker ** BLOCKED org/apache/http/client/HttpClient.execute(Lorg/apache/http/client/methods/HttpUriRequest;)Lorg/apache/http/HttpResponse; from com/cleanmaster/kinfoc/q.b(Lcom/cleanmaster/kinfoc/m;Ljava/lang/String;Lcom/cleanmaster/kinfoc/g;)Z
I/block   ( 6035): com.cleanmaster.mguard ** BLOCKED java/net/URL.openConnection()Ljava/net/URLConnection; from com/cleanmaster/kinfoc/base/i.b(Lcom/cleanmaster/kinfoc/k;Ljava/lang/String;Lcom/cleanmaster/kinfoc/f;)Z
I/block   ( 9617): com.yodo1.crossyroad ** BLOCKED org/apache/http/impl/client/AbstractHttpClient.execute(Lorg/apache/http/client/methods/HttpUriRequest;Lorg/apache/http/protocol/HttpContext;)Lorg/apache/http/HttpResponse; from com/kontagent/network/asynchttpclient/AsyncHttpRequest.makeRequest()V
I/block   ( 9617): com.yodo1.crossyroad ** BLOCKED org/apache/http/impl/client/AbstractHttpClient.execute(Lorg/apache/http/client/methods/HttpUriRequest;Lorg/apache/http/protocol/HttpContext;)Lorg/apache/http/HttpResponse; from com/kontagent/network/asynchttpclient/AsyncHttpRequest.makeRequest()V
I/block   ( 9617): com.yodo1.crossyroad ** BLOCKED org/apache/http/impl/client/AbstractHttpClient.execute(Lorg/apache/http/client/methods/HttpUriRequest;Lorg/apache/http/protocol/HttpContext;)Lorg/apache/http/HttpResponse; from com/kontagent/network/asynchttpclient/AsyncHttpRequest.makeRequest()V
I/block   ( 9617): com.yodo1.crossyroad ** BLOCKED org/apache/http/impl/client/AbstractHttpClient.execute(Lorg/apache/http/client/methods/HttpUriRequest;Lorg/apache/http/protocol/HttpContext;)Lorg/apache/http/HttpResponse; from com/kontagent/network/asynchttpclient/AsyncHttpRequest.makeRequest()V
I/block   ( 9617): com.yodo1.crossyroad ** BLOCKED org/apache/http/impl/client/AbstractHttpClient.execute(Lorg/apache/http/client/methods/HttpUriRequest;Lorg/apache/http/protocol/HttpContext;)Lorg/apache/http/HttpResponse; from com/kontagent/network/asynchttpclient/AsyncHttpRequest.makeRequest()V
I/block   ( 9617): com.yodo1.crossyroad ** BLOCKED org/apache/http/impl/client/AbstractHttpClient.execute(Lorg/apache/http/client/methods/HttpUriRequest;Lorg/apache/http/protocol/HttpContext;)Lorg/apache/http/HttpResponse; from com/kontagent/network/asynchttpclient/AsyncHttpRequest.makeRequest()V
I/block   ( 9617): com.yodo1.crossyroad ** BLOCKED org/apache/http/impl/client/AbstractHttpClient.execute(Lorg/apache/http/client/methods/HttpUriRequest;Lorg/apache/http/protocol/HttpContext;)Lorg/apache/http/HttpResponse; from com/kontagent/network/asynchttpclient/AsyncHttpRequest.makeRequest()V
I/block   ( 9617): com.yodo1.crossyroad ** BLOCKED org/apache/http/impl/client/AbstractHttpClient.execute(Lorg/apache/http/client/methods/HttpUriRequest;Lorg/apache/http/protocol/HttpContext;)Lorg/apache/http/HttpResponse; from com/kontagent/network/asynchttpclient/AsyncHttpRequest.makeRequest()V
I/block   ( 9617): com.yodo1.crossyroad ** BLOCKED org/apache/http/impl/client/AbstractHttpClient.execute(Lorg/apache/http/client/methods/HttpUriRequest;Lorg/apache/http/protocol/HttpContext;)Lorg/apache/http/HttpResponse; from com/kontagent/network/asynchttpclient/AsyncHttpRequest.makeRequest()V
I/block   ( 9617): com.yodo1.crossyroad ** BLOCKED org/apache/http/impl/client/AbstractHttpClient.execute(Lorg/apache/http/client/methods/HttpUriRequest;Lorg/apache/http/protocol/HttpContext;)Lorg/apache/http/HttpResponse; from com/kontagent/network/asynchttpclient/AsyncHttpRequest.makeRequest()V
I/block   ( 9617): com.yodo1.crossyroad ** BLOCKED org/apache/http/impl/client/AbstractHttpClient.execute(Lorg/apache/http/client/methods/HttpUriRequest;Lorg/apache/http/protocol/HttpContext;)Lorg/apache/http/HttpResponse; from com/kontagent/network/asynchttpclient/AsyncHttpRequest.makeRequest()V
I/block   ( 9617): com.yodo1.crossyroad ** BLOCKED org/apache/http/impl/client/AbstractHttpClient.execute(Lorg/apache/http/client/methods/HttpUriRequest;Lorg/apache/http/protocol/HttpContext;)Lorg/apache/http/HttpResponse; from com/kontagent/network/asynchttpclient/AsyncHttpRequest.makeRequest()V
I/block   ( 9617): com.yodo1.crossyroad ** BLOCKED org/apache/http/impl/client/AbstractHttpClient.execute(Lorg/apache/http/client/methods/HttpUriRequest;Lorg/apache/http/protocol/HttpContext;)Lorg/apache/http/HttpResponse; from com/kontagent/network/asynchttpclient/AsyncHttpRequest.makeRequest()V
I/block   ( 9617): com.yodo1.crossyroad ** BLOCKED org/apache/http/impl/client/AbstractHttpClient.execute(Lorg/apache/http/client/methods/HttpUriRequest;Lorg/apache/http/protocol/HttpContext;)Lorg/apache/http/HttpResponse; from com/kontagent/network/asynchttpclient/AsyncHttpRequest.makeRequest()V
I/block   ( 9617): com.yodo1.crossyroad ** BLOCKED org/apache/http/impl/client/AbstractHttpClient.execute(Lorg/apache/http/client/methods/HttpUriRequest;Lorg/apache/http/protocol/HttpContext;)Lorg/apache/http/HttpResponse; from com/kontagent/network/asynchttpclient/AsyncHttpRequest.makeRequest()V
I/block   ( 9617): com.yodo1.crossyroad ** BLOCKED org/apache/http/impl/client/AbstractHttpClient.execute(Lorg/apache/http/client/methods/HttpUriRequest;Lorg/apache/http/protocol/HttpContext;)Lorg/apache/http/HttpResponse; from com/kontagent/network/asynchttpclient/AsyncHttpRequest.makeRequest()V
I/block   ( 9617): com.yodo1.crossyroad ** BLOCKED org/apache/http/impl/client/AbstractHttpClient.execute(Lorg/apache/http/client/methods/HttpUriRequest;Lorg/apache/http/protocol/HttpContext;)Lorg/apache/http/HttpResponse; from com/kontagent/network/asynchttpclient/AsyncHttpRequest.makeRequest()V
I/block   ( 9617): com.yodo1.crossyroad ** BLOCKED org/apache/http/impl/client/AbstractHttpClient.execute(Lorg/apache/http/client/methods/HttpUriRequest;Lorg/apache/http/protocol/HttpContext;)Lorg/apache/http/HttpResponse; from com/kontagent/network/asynchttpclient/AsyncHttpRequest.makeRequest()V
I/block   ( 9617): com.yodo1.crossyroad ** BLOCKED org/apache/http/impl/client/AbstractHttpClient.execute(Lorg/apache/http/client/methods/HttpUriRequest;Lorg/apache/http/protocol/HttpContext;)Lorg/apache/http/HttpResponse; from com/kontagent/network/asynchttpclient/AsyncHttpRequest.makeRequest()V
I/block   ( 9617): com.yodo1.crossyroad ** BLOCKED org/apache/http/impl/client/AbstractHttpClient.execute(Lorg/apache/http/client/methods/HttpUriRequest;Lorg/apache/http/protocol/HttpContext;)Lorg/apache/http/HttpResponse; from com/kontagent/network/asynchttpclient/AsyncHttpRequest.makeRequest()V
I/block   ( 9617): com.yodo1.crossyroad ** BLOCKED org/apache/http/impl/client/AbstractHttpClient.execute(Lorg/apache/http/client/methods/HttpUriRequest;Lorg/apache/http/protocol/HttpContext;)Lorg/apache/http/HttpResponse; from com/kontagent/network/asynchttpclient/AsyncHttpRequest.makeRequest()V
I/block   ( 9617): com.yodo1.crossyroad ** BLOCKED org/apache/http/impl/client/AbstractHttpClient.execute(Lorg/apache/http/client/methods/HttpUriRequest;Lorg/apache/http/protocol/HttpContext;)Lorg/apache/http/HttpResponse; from com/kontagent/network/asynchttpclient/AsyncHttpRequest.makeRequest()V
I/block   ( 9617): com.yodo1.crossyroad ** BLOCKED org/apache/http/impl/client/AbstractHttpClient.execute(Lorg/apache/http/client/methods/HttpUriRequest;Lorg/apache/http/protocol/HttpContext;)Lorg/apache/http/HttpResponse; from com/kontagent/network/asynchttpclient/AsyncHttpRequest.makeRequest()V
I/block   ( 9617): com.yodo1.crossyroad ** BLOCKED org/apache/http/impl/client/AbstractHttpClient.execute(Lorg/apache/http/client/methods/HttpUriRequest;Lorg/apache/http/protocol/HttpContext;)Lorg/apache/http/HttpResponse; from com/kontagent/network/asynchttpclient/AsyncHttpRequest.makeRequest()V
I/block   ( 9617): com.yodo1.crossyroad ** BLOCKED org/apache/http/impl/client/AbstractHttpClient.execute(Lorg/apache/http/client/methods/HttpUriRequest;Lorg/apache/http/protocol/HttpContext;)Lorg/apache/http/HttpResponse; from com/kontagent/network/asynchttpclient/AsyncHttpRequest.makeRequest()V
I/block   ( 9617): com.yodo1.crossyroad ** BLOCKED org/apache/http/impl/client/AbstractHttpClient.execute(Lorg/apache/http/client/methods/HttpUriRequest;Lorg/apache/http/protocol/HttpContext;)Lorg/apache/http/HttpResponse; from com/kontagent/network/asynchttpclient/AsyncHttpRequest.makeRequest()V
I/block   ( 9617): com.yodo1.crossyroad ** BLOCKED org/apache/http/impl/client/AbstractHttpClient.execute(Lorg/apache/http/client/methods/HttpUriRequest;Lorg/apache/http/protocol/HttpContext;)Lorg/apache/http/HttpResponse; from com/kontagent/network/asynchttpclient/AsyncHttpRequest.makeRequest()V
I/block   ( 9617): com.yodo1.crossyroad ** BLOCKED org/apache/http/impl/client/AbstractHttpClient.execute(Lorg/apache/http/client/methods/HttpUriRequest;Lorg/apache/http/protocol/HttpContext;)Lorg/apache/http/HttpResponse; from com/kontagent/network/asynchttpclient/AsyncHttpRequest.makeRequest()V
I/block   ( 9617): com.yodo1.crossyroad ** BLOCKED org/apache/http/impl/client/AbstractHttpClient.execute(Lorg/apache/http/client/methods/HttpUriRequest;Lorg/apache/http/protocol/HttpContext;)Lorg/apache/http/HttpResponse; from com/kontagent/network/asynchttpclient/AsyncHttpRequest.makeRequest()V
I/block   ( 9617): com.yodo1.crossyroad ** BLOCKED org/apache/http/impl/client/AbstractHttpClient.execute(Lorg/apache/http/client/methods/HttpUriRequest;Lorg/apache/http/protocol/HttpContext;)Lorg/apache/http/HttpResponse; from com/kontagent/network/asynchttpclient/AsyncHttpRequest.makeRequest()V
I/block   ( 9617): com.yodo1.crossyroad ** BLOCKED org/apache/http/impl/client/AbstractHttpClient.execute(Lorg/apache/http/client/methods/HttpUriRequest;Lorg/apache/http/protocol/HttpContext;)Lorg/apache/http/HttpResponse; from com/kontagent/network/asynchttpclient/AsyncHttpRequest.makeRequest()V
I/block   ( 9617): com.yodo1.crossyroad ** BLOCKED org/apache/http/impl/client/AbstractHttpClient.execute(Lorg/apache/http/client/methods/HttpUriRequest;Lorg/apache/http/protocol/HttpContext;)Lorg/apache/http/HttpResponse; from com/kontagent/network/asynchttpclient/AsyncHttpRequest.makeRequest()V
I/block   ( 9617): com.yodo1.crossyroad ** BLOCKED org/apache/http/impl/client/AbstractHttpClient.execute(Lorg/apache/http/client/methods/HttpUriRequest;Lorg/apache/http/protocol/HttpContext;)Lorg/apache/http/HttpResponse; from com/kontagent/network/asynchttpclient/AsyncHttpRequest.makeRequest()V
I/block   ( 9617): com.yodo1.crossyroad ** BLOCKED org/apache/http/impl/client/AbstractHttpClient.execute(Lorg/apache/http/client/methods/HttpUriRequest;Lorg/apache/http/protocol/HttpContext;)Lorg/apache/http/HttpResponse; from com/kontagent/network/asynchttpclient/AsyncHttpRequest.makeRequest()V
I/block   ( 9617): com.yodo1.crossyroad ** BLOCKED org/apache/http/impl/client/AbstractHttpClient.execute(Lorg/apache/http/client/methods/HttpUriRequest;Lorg/apache/http/protocol/HttpContext;)Lorg/apache/http/HttpResponse; from com/kontagent/network/asynchttpclient/AsyncHttpRequest.makeRequest()V
I/block   ( 9617): com.yodo1.crossyroad ** BLOCKED org/apache/http/impl/client/AbstractHttpClient.execute(Lorg/apache/http/client/methods/HttpUriRequest;Lorg/apache/http/protocol/HttpContext;)Lorg/apache/http/HttpResponse; from com/kontagent/network/asynchttpclient/AsyncHttpRequest.makeRequest()V
I/block   ( 9617): com.yodo1.crossyroad ** BLOCKED org/apache/http/impl/client/AbstractHttpClient.execute(Lorg/apache/http/client/methods/HttpUriRequest;Lorg/apache/http/protocol/HttpContext;)Lorg/apache/http/HttpResponse; from com/kontagent/network/asynchttpclient/AsyncHttpRequest.makeRequest()V
I/block   ( 9617): com.yodo1.crossyroad ** BLOCKED org/apache/http/impl/client/AbstractHttpClient.execute(Lorg/apache/http/client/methods/HttpUriRequest;Lorg/apache/http/protocol/HttpContext;)Lorg/apache/http/HttpResponse; from com/kontagent/network/asynchttpclient/AsyncHttpRequest.makeRequest()V
I/block   ( 9617): com.yodo1.crossyroad ** BLOCKED org/apache/http/impl/client/AbstractHttpClient.execute(Lorg/apache/http/client/methods/HttpUriRequest;Lorg/apache/http/protocol/HttpContext;)Lorg/apache/http/HttpResponse; from com/kontagent/network/asynchttpclient/AsyncHttpRequest.makeRequest()V
I/block   ( 9617): com.yodo1.crossyroad ** BLOCKED org/apache/http/impl/client/AbstractHttpClient.execute(Lorg/apache/http/client/methods/HttpUriRequest;Lorg/apache/http/protocol/HttpContext;)Lorg/apache/http/HttpResponse; from com/kontagent/network/asynchttpclient/AsyncHttpRequest.makeRequest()V
I/block   ( 9617): com.yodo1.crossyroad ** BLOCKED org/apache/http/impl/client/AbstractHttpClient.execute(Lorg/apache/http/client/methods/HttpUriRequest;Lorg/apache/http/protocol/HttpContext;)Lorg/apache/http/HttpResponse; from com/kontagent/network/asynchttpclient/AsyncHttpRequest.makeRequest()V
I/block   ( 9617): com.yodo1.crossyroad ** BLOCKED org/apache/http/impl/client/AbstractHttpClient.execute(Lorg/apache/http/client/methods/HttpUriRequest;Lorg/apache/http/protocol/HttpContext;)Lorg/apache/http/HttpResponse; from com/kontagent/network/asynchttpclient/AsyncHttpRequest.makeRequest()V
I/block   ( 9617): com.yodo1.crossyroad ** BLOCKED org/apache/http/impl/client/AbstractHttpClient.execute(Lorg/apache/http/client/methods/HttpUriRequest;Lorg/apache/http/protocol/HttpContext;)Lorg/apache/http/HttpResponse; from com/kontagent/network/asynchttpclient/AsyncHttpRequest.makeRequest()V
I/block   ( 9617): com.yodo1.crossyroad ** BLOCKED org/apache/http/impl/client/AbstractHttpClient.execute(Lorg/apache/http/client/methods/HttpUriRequest;Lorg/apache/http/protocol/HttpContext;)Lorg/apache/http/HttpResponse; from com/kontagent/network/asynchttpclient/AsyncHttpRequest.makeRequest()V
I/block   ( 9617): com.yodo1.crossyroad ** BLOCKED org/apache/http/impl/client/AbstractHttpClient.execute(Lorg/apache/http/client/methods/HttpUriRequest;Lorg/apache/http/protocol/HttpContext;)Lorg/apache/http/HttpResponse; from com/kontagent/network/asynchttpclient/AsyncHttpRequest.makeRequest()V
I/block   ( 9617): com.yodo1.crossyroad ** BLOCKED org/apache/http/impl/client/AbstractHttpClient.execute(Lorg/apache/http/client/methods/HttpUriRequest;Lorg/apache/http/protocol/HttpContext;)Lorg/apache/http/HttpResponse; from com/kontagent/network/asynchttpclient/AsyncHttpRequest.makeRequest()V
I/block   ( 9617): com.yodo1.crossyroad ** BLOCKED org/apache/http/impl/client/AbstractHttpClient.execute(Lorg/apache/http/client/methods/HttpUriRequest;Lorg/apache/http/protocol/HttpContext;)Lorg/apache/http/HttpResponse; from com/kontagent/network/asynchttpclient/AsyncHttpRequest.makeRequest()V
I/block   ( 9617): com.yodo1.crossyroad ** BLOCKED org/apache/http/impl/client/AbstractHttpClient.execute(Lorg/apache/http/client/methods/HttpUriRequest;Lorg/apache/http/protocol/HttpContext;)Lorg/apache/http/HttpResponse; from com/kontagent/network/asynchttpclient/AsyncHttpRequest.makeRequest()V
I/block   ( 9617): com.yodo1.crossyroad ** BLOCKED org/apache/http/impl/client/AbstractHttpClient.execute(Lorg/apache/http/client/methods/HttpUriRequest;Lorg/apache/http/protocol/HttpContext;)Lorg/apache/http/HttpResponse; from com/kontagent/network/asynchttpclient/AsyncHttpRequest.makeRequest()V
I/block   ( 9617): com.yodo1.crossyroad ** BLOCKED org/apache/http/impl/client/AbstractHttpClient.execute(Lorg/apache/http/client/methods/HttpUriRequest;Lorg/apache/http/protocol/HttpContext;)Lorg/apache/http/HttpResponse; from com/kontagent/network/asynchttpclient/AsyncHttpRequest.makeRequest()V
I/block   ( 9617): com.yodo1.crossyroad ** BLOCKED org/apache/http/impl/client/AbstractHttpClient.execute(Lorg/apache/http/client/methods/HttpUriRequest;Lorg/apache/http/protocol/HttpContext;)Lorg/apache/http/HttpResponse; from com/kontagent/network/asynchttpclient/AsyncHttpRequest.makeRequest()V
I/block   ( 9617): com.yodo1.crossyroad ** BLOCKED org/apache/http/impl/client/AbstractHttpClient.execute(Lorg/apache/http/client/methods/HttpUriRequest;Lorg/apache/http/protocol/HttpContext;)Lorg/apache/http/HttpResponse; from com/kontagent/network/asynchttpclient/AsyncHttpRequest.makeRequest()V
I/block   ( 9617): com.yodo1.crossyroad ** BLOCKED org/apache/http/impl/client/AbstractHttpClient.execute(Lorg/apache/http/client/methods/HttpUriRequest;Lorg/apache/http/protocol/HttpContext;)Lorg/apache/http/HttpResponse; from com/kontagent/network/asynchttpclient/AsyncHttpRequest.makeRequest()V
I/block   ( 9617): com.yodo1.crossyroad ** BLOCKED org/apache/http/impl/client/AbstractHttpClient.execute(Lorg/apache/http/client/methods/HttpUriRequest;Lorg/apache/http/protocol/HttpContext;)Lorg/apache/http/HttpResponse; from com/kontagent/network/asynchttpclient/AsyncHttpRequest.makeRequest()V
I/block   ( 9617): com.yodo1.crossyroad ** BLOCKED org/apache/http/impl/client/AbstractHttpClient.execute(Lorg/apache/http/client/methods/HttpUriRequest;Lorg/apache/http/protocol/HttpContext;)Lorg/apache/http/HttpResponse; from com/kontagent/network/asynchttpclient/AsyncHttpRequest.makeRequest()V
I/block   ( 9617): com.yodo1.crossyroad ** BLOCKED org/apache/http/impl/client/AbstractHttpClient.execute(Lorg/apache/http/client/methods/HttpUriRequest;Lorg/apache/http/protocol/HttpContext;)Lorg/apache/http/HttpResponse; from com/kontagent/network/asynchttpclient/AsyncHttpRequest.makeRequest()V
I/block   ( 9617): com.yodo1.crossyroad ** BLOCKED org/apache/http/impl/client/AbstractHttpClient.execute(Lorg/apache/http/client/methods/HttpUriRequest;Lorg/apache/http/protocol/HttpContext;)Lorg/apache/http/HttpResponse; from com/kontagent/network/asynchttpclient/AsyncHttpRequest.makeRequest()V
I/block   ( 9617): com.yodo1.crossyroad ** BLOCKED org/apache/http/impl/client/AbstractHttpClient.execute(Lorg/apache/http/client/methods/HttpUriRequest;Lorg/apache/http/protocol/HttpContext;)Lorg/apache/http/HttpResponse; from com/kontagent/network/asynchttpclient/AsyncHttpRequest.makeRequest()V
I/block   ( 9617): com.yodo1.crossyroad ** BLOCKED org/apache/http/impl/client/AbstractHttpClient.execute(Lorg/apache/http/client/methods/HttpUriRequest;Lorg/apache/http/protocol/HttpContext;)Lorg/apache/http/HttpResponse; from com/kontagent/network/asynchttpclient/AsyncHttpRequest.makeRequest()V
I/block   ( 9617): com.yodo1.crossyroad ** BLOCKED org/apache/http/impl/client/AbstractHttpClient.execute(Lorg/apache/http/client/methods/HttpUriRequest;Lorg/apache/http/protocol/HttpContext;)Lorg/apache/http/HttpResponse; from com/kontagent/network/asynchttpclient/AsyncHttpRequest.makeRequest()V
I/block   ( 9617): com.yodo1.crossyroad ** BLOCKED org/apache/http/impl/client/AbstractHttpClient.execute(Lorg/apache/http/client/methods/HttpUriRequest;Lorg/apache/http/protocol/HttpContext;)Lorg/apache/http/HttpResponse; from com/kontagent/network/asynchttpclient/AsyncHttpRequest.makeRequest()V
I/block   ( 9617): com.yodo1.crossyroad ** BLOCKED org/apache/http/impl/client/AbstractHttpClient.execute(Lorg/apache/http/client/methods/HttpUriRequest;Lorg/apache/http/protocol/HttpContext;)Lorg/apache/http/HttpResponse; from com/kontagent/network/asynchttpclient/AsyncHttpRequest.makeRequest()V
I/block   ( 9617): com.yodo1.crossyroad ** BLOCKED org/apache/http/impl/client/AbstractHttpClient.execute(Lorg/apache/http/client/methods/HttpUriRequest;Lorg/apache/http/protocol/HttpContext;)Lorg/apache/http/HttpResponse; from com/kontagent/network/asynchttpclient/AsyncHttpRequest.makeRequest()V
I/block   ( 9617): com.yodo1.crossyroad ** BLOCKED org/apache/http/impl/client/AbstractHttpClient.execute(Lorg/apache/http/client/methods/HttpUriRequest;Lorg/apache/http/protocol/HttpContext;)Lorg/apache/http/HttpResponse; from com/kontagent/network/asynchttpclient/AsyncHttpRequest.makeRequest()V
I/block   ( 9617): com.yodo1.crossyroad ** BLOCKED org/apache/http/impl/client/AbstractHttpClient.execute(Lorg/apache/http/client/methods/HttpUriRequest;Lorg/apache/http/protocol/HttpContext;)Lorg/apache/http/HttpResponse; from com/kontagent/network/asynchttpclient/AsyncHttpRequest.makeRequest()V
I/block   ( 9617): com.yodo1.crossyroad ** BLOCKED org/apache/http/impl/client/AbstractHttpClient.execute(Lorg/apache/http/client/methods/HttpUriRequest;Lorg/apache/http/protocol/HttpContext;)Lorg/apache/http/HttpResponse; from com/kontagent/network/asynchttpclient/AsyncHttpRequest.makeRequest()V
I/block   ( 9617): com.yodo1.crossyroad ** BLOCKED org/apache/http/impl/client/AbstractHttpClient.execute(Lorg/apache/http/client/methods/HttpUriRequest;Lorg/apache/http/protocol/HttpContext;)Lorg/apache/http/HttpResponse; from com/kontagent/network/asynchttpclient/AsyncHttpRequest.makeRequest()V
I/block   (10864): com.yx.boxinghero ** BLOCKED android/net/http/AndroidHttpClient.execute(Lorg/apache/http/client/methods/HttpUriRequest;)Lorg/apache/http/HttpResponse; from com/threatmetrix/TrustDefenderMobile/URLConnection.go(Lorg/apache/http/client/methods/HttpRequestBase;)V
I/block   (10864): com.yx.boxinghero ** BLOCKED org/apache/http/client/HttpClient.execute(Lorg/apache/http/client/methods/HttpUriRequest;)Lorg/apache/http/HttpResponse; from com/doodlemobile/gamecenter/net/DHttpClient.post(Ljava/lang/String;Ljava/util/List;)Ljava/lang/String;
I/block   (10864): com.yx.boxinghero ** BLOCKED java/net/URL.openConnection()Ljava/net/URLConnection; from com/flurry/sdk/ek.m()V
I/block   (10864): com.yx.boxinghero ** BLOCKED java/net/URL.openConnection()Ljava/net/URLConnection; from com/tapjoy/TapjoyURLConnection.getResponseFromURL(Ljava/lang/String;Ljava/lang/String;IZ)Lcom/tapjoy/TapjoyHttpURLResponse;
I/block   (10864): com.yx.boxinghero ** BLOCKED org/apache/http/client/HttpClient.execute(Lorg/apache/http/client/methods/HttpUriRequest;)Lorg/apache/http/HttpResponse; from com/doodlemobile/gamecenter/net/DHttpClient.post(Ljava/lang/String;Ljava/util/List;)Ljava/lang/String;
I/block   (10864): com.yx.boxinghero ** BLOCKED org/apache/http/client/HttpClient.execute(Lorg/apache/http/client/methods/HttpUriRequest;)Lorg/apache/http/HttpResponse; from com/doodlemobile/gamecenter/net/DHttpClient.post(Ljava/lang/String;Ljava/util/List;)Ljava/lang/String;
I/block   (10864): com.yx.boxinghero ** BLOCKED org/apache/http/client/HttpClient.execute(Lorg/apache/http/client/methods/HttpUriRequest;)Lorg/apache/http/HttpResponse; from com/doodlemobile/gamecenter/net/DHttpClient.post(Ljava/lang/String;Ljava/util/List;)Ljava/lang/String;
I/block   ( 6035): com.cleanmaster.mguard ** BLOCKED java/net/URL.openConnection()Ljava/net/URLConnection; from com/cleanmaster/kinfoc/base/i.b(Lcom/cleanmaster/kinfoc/k;Ljava/lang/String;Lcom/cleanmaster/kinfoc/f;)Z
I/block   ( 6035): com.cleanmaster.mguard ** BLOCKED java/net/URL.openConnection()Ljava/net/URLConnection; from com/cleanmaster/kinfoc/base/i.b(Lcom/cleanmaster/kinfoc/k;Ljava/lang/String;Lcom/cleanmaster/kinfoc/f;)Z
I/block   ( 3233): com.antivirus ** BLOCKED java/net/URL.openConnection()Ljava/net/URLConnection; from com/avg/toolkit/b/j.a(Landroid/content/Context;Lorg/json/JSONObject;Lorg/json/JSONArray;Lorg/json/JSONObject;Ljava/lang/String;)I
I/block   ( 3233): com.antivirus ** BLOCKED java/net/URL.openConnection()Ljava/net/URLConnection; from com/avg/toolkit/b/j.a(Landroid/content/Context;Lorg/json/JSONObject;Lorg/json/JSONArray;Lorg/json/JSONObject;Ljava/lang/String;)I
I/block   (10864): com.yx.boxinghero ** BLOCKED java/net/URL.openConnection()Ljava/net/URLConnection; from com/flurry/sdk/ek.m()V
I/block   (10864): com.yx.boxinghero ** BLOCKED java/net/URL.openConnection()Ljava/net/URLConnection; from com/flurry/sdk/ek.m()V
I/block   (11924): com.zentertain.photocollage ** BLOCKED java/net/URL.openConnection()Ljava/net/URLConnection; from com/google/ads/internal/f$1.a(Ljava/net/URL;)Ljava/net/HttpURLConnection;
I/block   (11924): com.zentertain.photocollage ** BLOCKED java/net/URL.openConnection()Ljava/net/URLConnection; from com/google/ads/internal/f$1.a(Ljava/net/URL;)Ljava/net/HttpURLConnection;
I/block   ( 5553): com.dianxinos.dxbs ** BLOCKED org/apache/http/impl/client/DefaultHttpClient.execute(Lorg/apache/http/client/methods/HttpUriRequest;)Lorg/apache/http/HttpResponse; from vs.a(Ljava/util/List;Ljava/util/List;)Z
I/block   ( 5553): com.dianxinos.dxbs ** BLOCKED org/apache/http/impl/client/DefaultHttpClient.execute(Lorg/apache/http/client/methods/HttpUriRequest;)Lorg/apache/http/HttpResponse; from vs.a(Ljava/util/List;Ljava/util/List;)Z
I/block   ( 5553): com.dianxinos.dxbs ** BLOCKED org/apache/http/impl/client/DefaultHttpClient.execute(Lorg/apache/http/client/methods/HttpUriRequest;)Lorg/apache/http/HttpResponse; from vs.a(Ljava/util/List;Ljava/util/List;)Z
I/block   ( 5553): com.dianxinos.dxbs ** BLOCKED org/apache/http/impl/client/DefaultHttpClient.execute(Lorg/apache/http/client/methods/HttpUriRequest;)Lorg/apache/http/HttpResponse; from vs.a(Ljava/util/List;Ljava/util/List;)Z
I/block   ( 5553): com.dianxinos.dxbs ** BLOCKED org/apache/http/impl/client/DefaultHttpClient.execute(Lorg/apache/http/client/methods/HttpUriRequest;)Lorg/apache/http/HttpResponse; from vs.a(Ljava/util/List;Ljava/util/List;)Z
I/block   ( 5553): com.dianxinos.dxbs ** BLOCKED org/apache/http/impl/client/DefaultHttpClient.execute(Lorg/apache/http/client/methods/HttpUriRequest;)Lorg/apache/http/HttpResponse; from vs.a(Ljava/util/List;Ljava/util/List;)Z
I/block   ( 6035): com.cleanmaster.mguard ** BLOCKED java/net/URL.openConnection()Ljava/net/URLConnection; from com/cleanmaster/kinfoc/base/i.b(Lcom/cleanmaster/kinfoc/k;Ljava/lang/String;Lcom/cleanmaster/kinfoc/f;)Z
I/block   (11924): com.zentertain.photocollage ** BLOCKED java/net/URL.openConnection()Ljava/net/URLConnection; from com/google/ads/internal/f$1.a(Ljava/net/URL;)Ljava/net/HttpURLConnection;
I/block   (11924): com.zentertain.photocollage ** BLOCKED java/net/URL.openConnection()Ljava/net/URLConnection; from com/google/ads/internal/f$1.a(Ljava/net/URL;)Ljava/net/HttpURLConnection;
I/block   (11924): com.zentertain.photocollage ** BLOCKED java/net/URL.openConnection()Ljava/net/URLConnection; from com/google/ads/internal/f$1.a(Ljava/net/URL;)Ljava/net/HttpURLConnection;
I/block   (11924): com.zentertain.photocollage ** BLOCKED java/net/URL.openConnection()Ljava/net/URLConnection; from com/google/ads/internal/f$1.a(Ljava/net/URL;)Ljava/net/HttpURLConnection;
I/block   (11924): com.zentertain.photocollage ** BLOCKED java/net/URL.openConnection()Ljava/net/URLConnection; from com/google/ads/internal/f$1.a(Ljava/net/URL;)Ljava/net/HttpURLConnection;
I/block   (11924): com.zentertain.photocollage ** BLOCKED java/net/URL.openConnection()Ljava/net/URLConnection; from com/google/ads/internal/f$1.a(Ljava/net/URL;)Ljava/net/HttpURLConnection;
I/block   (11924): com.zentertain.photocollage ** BLOCKED java/net/URL.openConnection()Ljava/net/URLConnection; from com/google/ads/internal/f$1.a(Ljava/net/URL;)Ljava/net/HttpURLConnection;
I/block   (11924): com.zentertain.photocollage ** BLOCKED java/net/URL.openConnection()Ljava/net/URLConnection; from com/google/ads/internal/f$1.a(Ljava/net/URL;)Ljava/net/HttpURLConnection;
I/block   (11924): com.zentertain.photocollage ** BLOCKED java/net/URL.openConnection()Ljava/net/URLConnection; from com/google/ads/internal/f$1.a(Ljava/net/URL;)Ljava/net/HttpURLConnection;
I/block   (11924): com.zentertain.photocollage ** BLOCKED java/net/URL.openConnection()Ljava/net/URLConnection; from com/google/ads/internal/f$1.a(Ljava/net/URL;)Ljava/net/HttpURLConnection;
I/block   ( 3090): com.cleanmaster.security ** BLOCKED java/net/URL.openConnection()Ljava/net/URLConnection; from com/ijinshan/krcmd/util/c.a(Ljava/lang/String;II)Ljava/lang/String;
I/block   ( 3090): com.cleanmaster.security ** BLOCKED java/net/URL.openConnection()Ljava/net/URLConnection; from com/ijinshan/krcmd/util/c.a(Ljava/lang/String;II)Ljava/lang/String;
I/block   ( 3090): com.cleanmaster.security ** BLOCKED java/net/URL.openConnection()Ljava/net/URLConnection; from com/ijinshan/krcmd/util/c.a(Ljava/lang/String;II)Ljava/lang/String;
I/block   ( 3090): com.cleanmaster.security ** BLOCKED java/net/URL.openConnection()Ljava/net/URLConnection; from com/ijinshan/krcmd/util/c.a(Ljava/lang/String;II)Ljava/lang/String;
I/block   ( 3090): com.cleanmaster.security ** BLOCKED java/net/URL.openConnection()Ljava/net/URLConnection; from com/ijinshan/krcmd/util/c.a(Ljava/lang/String;II)Ljava/lang/String;
I/block   ( 3090): com.cleanmaster.security ** BLOCKED java/net/URL.openConnection()Ljava/net/URLConnection; from com/ijinshan/krcmd/util/c.a(Ljava/lang/String;II)Ljava/lang/String;
I/block   ( 3090): com.cleanmaster.security ** BLOCKED java/net/URL.openConnection()Ljava/net/URLConnection; from com/ijinshan/krcmd/util/c.a(Ljava/lang/String;II)Ljava/lang/String;
I/block   ( 3090): com.cleanmaster.security ** BLOCKED java/net/URL.openConnection()Ljava/net/URLConnection; from com/ijinshan/krcmd/util/c.a(Ljava/lang/String;II)Ljava/lang/String;
I/block   ( 3090): com.cleanmaster.security ** BLOCKED java/net/URL.openConnection()Ljava/net/URLConnection; from com/ijinshan/krcmd/util/c.a(Ljava/lang/String;II)Ljava/lang/String;
I/block   ( 3090): com.cleanmaster.security ** BLOCKED java/net/URL.openConnection()Ljava/net/URLConnection; from com/ijinshan/krcmd/util/c.a(Ljava/lang/String;II)Ljava/lang/String;
I/block   ( 3090): com.cleanmaster.security ** BLOCKED java/net/URL.openConnection()Ljava/net/URLConnection; from com/ijinshan/krcmd/util/c.a(Ljava/lang/String;II)Ljava/lang/String;
I/block   ( 3090): com.cleanmaster.security ** BLOCKED java/net/URL.openConnection()Ljava/net/URLConnection; from com/ijinshan/krcmd/util/c.a(Ljava/lang/String;II)Ljava/lang/String;
I/block   ( 3090): com.cleanmaster.security ** BLOCKED java/net/URL.openConnection()Ljava/net/URLConnection; from com/ijinshan/krcmd/util/c.a(Ljava/lang/String;II)Ljava/lang/String;
I/block   ( 3090): com.cleanmaster.security ** BLOCKED java/net/URL.openConnection()Ljava/net/URLConnection; from com/ijinshan/krcmd/util/c.a(Ljava/lang/String;II)Ljava/lang/String;
I/block   ( 3090): com.cleanmaster.security ** BLOCKED java/net/URL.openConnection()Ljava/net/URLConnection; from com/ijinshan/krcmd/util/c.a(Ljava/lang/String;II)Ljava/lang/String;
I/block   ( 3090): com.cleanmaster.security ** BLOCKED java/net/URL.openConnection()Ljava/net/URLConnection; from com/ijinshan/krcmd/util/c.a(Ljava/lang/String;II)Ljava/lang/String;
I/block   ( 3090): com.cleanmaster.security ** BLOCKED java/net/URL.openConnection()Ljava/net/URLConnection; from com/ijinshan/krcmd/util/c.a(Ljava/lang/String;II)Ljava/lang/String;
I/block   ( 3090): com.cleanmaster.security ** BLOCKED java/net/URL.openConnection()Ljava/net/URLConnection; from com/ijinshan/krcmd/util/c.a(Ljava/lang/String;II)Ljava/lang/String;
I/block   ( 3090): com.cleanmaster.security ** BLOCKED java/net/URL.openConnection()Ljava/net/URLConnection; from com/ijinshan/krcmd/util/c.a(Ljava/lang/String;II)Ljava/lang/String;
I/block   ( 3090): com.cleanmaster.security ** BLOCKED java/net/URL.openConnection()Ljava/net/URLConnection; from com/ijinshan/krcmd/util/c.a(Ljava/lang/String;II)Ljava/lang/String;
I/block   ( 5553): com.dianxinos.dxbs ** BLOCKED org/apache/http/impl/client/DefaultHttpClient.execute(Lorg/apache/http/client/methods/HttpUriRequest;)Lorg/apache/http/HttpResponse; from vs.a(Ljava/util/List;Ljava/util/List;)Z
I/block   ( 5727): com.ijinshan.kbatterydoctor_en ** BLOCKED java/net/URL.openConnection()Ljava/net/URLConnection; from bda.a(Ljava/lang/String;IILjava/util/HashMap;Ljava/lang/String;)Ljava/lang/String;
I/block   ( 5727): com.ijinshan.kbatterydoctor_en ** BLOCKED java/net/URL.openConnection()Ljava/net/URLConnection; from biv.a(Ljava/lang/String;II)Ljava/lang/String;
I/block   ( 5727): com.ijinshan.kbatterydoctor_en ** BLOCKED java/net/URL.openConnection()Ljava/net/URLConnection; from bda.a(Ljava/lang/String;IILjava/util/HashMap;Ljava/lang/String;)Ljava/lang/String;
I/block   ( 5727): com.ijinshan.kbatterydoctor_en ** BLOCKED java/net/URL.openConnection()Ljava/net/URLConnection; from biv.a(Ljava/lang/String;II)Ljava/lang/String;
I/block   ( 5727): com.ijinshan.kbatterydoctor_en ** BLOCKED java/net/URL.openConnection()Ljava/net/URLConnection; from biv.a(Ljava/lang/String;II)Ljava/lang/String;
I/block   ( 5727): com.ijinshan.kbatterydoctor_en ** BLOCKED java/net/URL.openConnection()Ljava/net/URLConnection; from biv.a(Ljava/lang/String;II)Ljava/lang/String;
I/block   ( 5727): com.ijinshan.kbatterydoctor_en ** BLOCKED java/net/URL.openConnection()Ljava/net/URLConnection; from bda.a(Ljava/lang/String;IILjava/util/HashMap;Ljava/lang/String;)Ljava/lang/String;
I/block   ( 5727): com.ijinshan.kbatterydoctor_en ** BLOCKED java/net/URL.openConnection()Ljava/net/URLConnection; from biv.a(Ljava/lang/String;II)Ljava/lang/String;
I/block   ( 5727): com.ijinshan.kbatterydoctor_en ** BLOCKED java/net/URL.openConnection()Ljava/net/URLConnection; from biv.a(Ljava/lang/String;II)Ljava/lang/String;
I/block   ( 5727): com.ijinshan.kbatterydoctor_en ** BLOCKED java/net/URL.openConnection()Ljava/net/URLConnection; from biv.a(Ljava/lang/String;II)Ljava/lang/String;
I/block   ( 5727): com.ijinshan.kbatterydoctor_en ** BLOCKED java/net/URL.openConnection()Ljava/net/URLConnection; from biv.a(Ljava/lang/String;II)Ljava/lang/String;
I/block   ( 5727): com.ijinshan.kbatterydoctor_en ** BLOCKED java/net/URL.openConnection()Ljava/net/URLConnection; from biv.a(Ljava/lang/String;II)Ljava/lang/String;
I/block   ( 5727): com.ijinshan.kbatterydoctor_en ** BLOCKED java/net/URL.openConnection()Ljava/net/URLConnection; from biv.a(Ljava/lang/String;II)Ljava/lang/String;
I/block   ( 5727): com.ijinshan.kbatterydoctor_en ** BLOCKED java/net/URL.openConnection()Ljava/net/URLConnection; from bda.a(Ljava/lang/String;IILjava/util/HashMap;Ljava/lang/String;)Ljava/lang/String;
I/block   ( 5727): com.ijinshan.kbatterydoctor_en ** BLOCKED java/net/URL.openConnection()Ljava/net/URLConnection; from bda.a(Ljava/lang/String;IILjava/util/HashMap;Ljava/lang/String;)Ljava/lang/String;
I/block   ( 5727): com.ijinshan.kbatterydoctor_en ** BLOCKED java/net/URL.openConnection()Ljava/net/URLConnection; from bda.a(Ljava/lang/String;IILjava/util/HashMap;Ljava/lang/String;)Ljava/lang/String;
I/block   ( 5727): com.ijinshan.kbatterydoctor_en ** BLOCKED java/net/URL.openConnection()Ljava/net/URLConnection; from biv.a(Ljava/lang/String;II)Ljava/lang/String;
I/block   ( 5727): com.ijinshan.kbatterydoctor_en ** BLOCKED java/net/URL.openConnection()Ljava/net/URLConnection; from biv.a(Ljava/lang/String;II)Ljava/lang/String;
I/block   ( 5727): com.ijinshan.kbatterydoctor_en ** BLOCKED java/net/URL.openConnection()Ljava/net/URLConnection; from biv.a(Ljava/lang/String;II)Ljava/lang/String;
I/block   ( 5727): com.ijinshan.kbatterydoctor_en ** BLOCKED java/net/URL.openConnection()Ljava/net/URLConnection; from biv.a(Ljava/lang/String;II)Ljava/lang/String;
I/block   ( 5727): com.ijinshan.kbatterydoctor_en ** BLOCKED java/net/URL.openConnection()Ljava/net/URLConnection; from biv.a(Ljava/lang/String;II)Ljava/lang/String;
I/block   ( 5727): com.ijinshan.kbatterydoctor_en ** BLOCKED java/net/URL.openConnection()Ljava/net/URLConnection; from biv.a(Ljava/lang/String;II)Ljava/lang/String;
I/block   ( 5727): com.ijinshan.kbatterydoctor_en ** BLOCKED java/net/URL.openConnection()Ljava/net/URLConnection; from biv.a(Ljava/lang/String;II)Ljava/lang/String;
I/block   ( 5727): com.ijinshan.kbatterydoctor_en ** BLOCKED java/net/URL.openConnection()Ljava/net/URLConnection; from biv.a(Ljava/lang/String;II)Ljava/lang/String;
I/block   ( 5727): com.ijinshan.kbatterydoctor_en ** BLOCKED java/net/URL.openConnection()Ljava/net/URLConnection; from biv.a(Ljava/lang/String;II)Ljava/lang/String;
I/block   ( 5727): com.ijinshan.kbatterydoctor_en ** BLOCKED java/net/URL.openConnection()Ljava/net/URLConnection; from biv.a(Ljava/lang/String;II)Ljava/lang/String;
I/block   (12787): com.cmcm.locker ** BLOCKED org/apache/http/client/HttpClient.execute(Lorg/apache/http/client/methods/HttpUriRequest;)Lorg/apache/http/HttpResponse; from com/baidu/location/g$4.run()V
I/block   (12787): com.cmcm.locker ** BLOCKED org/apache/http/client/HttpClient.execute(Lorg/apache/http/client/methods/HttpUriRequest;)Lorg/apache/http/HttpResponse; from com/baidu/location/g$4.run()V
