I/block   (12787): com.cmcm.locker ** BLOCKED org/apache/http/client/HttpClient.execute(Lorg/apache/http/client/methods/HttpUriRequest;)Lorg/apache/http/HttpResponse; from com/baidu/location/g$4.run()V
I/block   ( 5553): com.dianxinos.dxbs ** BLOCKED org/apache/http/impl/client/DefaultHttpClient.execute(Lorg/apache/http/client/methods/HttpUriRequest;)Lorg/apache/http/HttpResponse; from vs.a(Ljava/util/List;Ljava/util/List;)Z
I/block   (12787): com.cmcm.locker ** BLOCKED org/apache/http/client/HttpClient.execute(Lorg/apache/http/client/methods/HttpUriRequest;)Lorg/apache/http/HttpResponse; from com/baidu/location/g$1.run()V
I/block   (12787): com.cmcm.locker ** BLOCKED org/apache/http/client/HttpClient.execute(Lorg/apache/http/client/methods/HttpUriRequest;)Lorg/apache/http/HttpResponse; from com/baidu/location/g$1.run()V
I/block   (12787): com.cmcm.locker ** BLOCKED org/apache/http/client/HttpClient.execute(Lorg/apache/http/client/methods/HttpUriRequest;)Lorg/apache/http/HttpResponse; from com/baidu/location/g$1.run()V
I/block   ( 1195): com.dianxinos.optimizer.duplay ** BLOCKED org/apache/http/impl/client/DefaultHttpClient.execute(Lorg/apache/http/client/methods/HttpUriRequest;)Lorg/apache/http/HttpResponse; from dxoptimizer/abl.a(Ljava/util/List;Ljava/util/List;)Z
I/block   ( 5553): com.dianxinos.dxbs ** BLOCKED org/apache/http/impl/client/DefaultHttpClient.execute(Lorg/apache/http/client/methods/HttpUriRequest;)Lorg/apache/http/HttpResponse; from vs.a(Ljava/util/List;Ljava/util/List;)Z
I/block   ( 1195): com.dianxinos.optimizer.duplay ** BLOCKED org/apache/http/impl/client/DefaultHttpClient.execute(Lorg/apache/http/client/methods/HttpUriRequest;)Lorg/apache/http/HttpResponse; from dxoptimizer/abl.a(Ljava/util/List;Ljava/util/List;)Z
I/block   ( 5553): com.dianxinos.dxbs ** BLOCKED org/apache/http/impl/client/DefaultHttpClient.execute(Lorg/apache/http/client/methods/HttpUriRequest;)Lorg/apache/http/HttpResponse; from vs.a(Ljava/util/List;Ljava/util/List;)Z
I/block   ( 1195): com.dianxinos.optimizer.duplay ** BLOCKED org/apache/http/impl/client/DefaultHttpClient.execute(Lorg/apache/http/client/methods/HttpUriRequest;)Lorg/apache/http/HttpResponse; from dxoptimizer/abl.a(Ljava/util/List;Ljava/util/List;)Z
I/block   ( 1195): com.dianxinos.optimizer.duplay ** BLOCKED org/apache/http/impl/client/DefaultHttpClient.execute(Lorg/apache/http/client/methods/HttpUriRequest;)Lorg/apache/http/HttpResponse; from dxoptimizer/abl.a(Ljava/util/List;Ljava/util/List;)Z
I/block   ( 5553): com.dianxinos.dxbs ** BLOCKED org/apache/http/impl/client/DefaultHttpClient.execute(Lorg/apache/http/client/methods/HttpUriRequest;)Lorg/apache/http/HttpResponse; from vs.a(Ljava/util/List;Ljava/util/List;)Z
I/block   ( 5553): com.dianxinos.dxbs ** BLOCKED org/apache/http/impl/client/DefaultHttpClient.execute(Lorg/apache/http/client/methods/HttpUriRequest;)Lorg/apache/http/HttpResponse; from vs.a(Ljava/util/List;Ljava/util/List;)Z
I/block   ( 1195): com.dianxinos.optimizer.duplay ** BLOCKED org/apache/http/impl/client/DefaultHttpClient.execute(Lorg/apache/http/client/methods/HttpUriRequest;)Lorg/apache/http/HttpResponse; from dxoptimizer/abl.a(Ljava/util/List;Ljava/util/List;)Z
I/block   ( 1195): com.dianxinos.optimizer.duplay ** BLOCKED org/apache/http/impl/client/DefaultHttpClient.execute(Lorg/apache/http/client/methods/HttpUriRequest;)Lorg/apache/http/HttpResponse; from dxoptimizer/abl.a(Ljava/util/List;Ljava/util/List;)Z
I/block   ( 6035): com.cleanmaster.mguard ** BLOCKED java/net/URL.openConnection()Ljava/net/URLConnection; from com/ijinshan/krcmd/util/c.a(Ljava/lang/String;II)Ljava/lang/String;
I/block   ( 6035): com.cleanmaster.mguard ** BLOCKED java/net/URL.openConnection()Ljava/net/URLConnection; from com/ijinshan/krcmd/util/c.a(Ljava/lang/String;II)Ljava/lang/String;
I/block   ( 6035): com.cleanmaster.mguard ** BLOCKED java/net/URL.openConnection()Ljava/net/URLConnection; from com/ijinshan/krcmd/util/c.a(Ljava/lang/String;II)Ljava/lang/String;
I/block   ( 6035): com.cleanmaster.mguard ** BLOCKED java/net/URL.openConnection()Ljava/net/URLConnection; from com/ijinshan/krcmd/util/c.a(Ljava/lang/String;II)Ljava/lang/String;
I/block   ( 6035): com.cleanmaster.mguard ** BLOCKED java/net/URL.openConnection()Ljava/net/URLConnection; from com/ijinshan/krcmd/util/c.a(Ljava/lang/String;II)Ljava/lang/String;
I/block   ( 6767): com.domobile.applock ** BLOCKED org/apache/http/impl/client/DefaultHttpClient.execute(Lorg/apache/http/client/methods/HttpUriRequest;)Lorg/apache/http/HttpResponse; from com/domobile/frame/a/b.a(Lcom/domobile/frame/a/c;)Ljava/lang/String;
I/block   (13168): com.lazyswipe ** BLOCKED java/net/URL.openConnection()Ljava/net/URLConnection; from com/lazyswipe/d/h.a(Landroid/content/Context;Ljava/net/URL;)Ljava/net/URLConnection;
I/block   (13168): com.lazyswipe ** BLOCKED java/net/URL.openConnection()Ljava/net/URLConnection; from com/lazyswipe/d/h.a(Landroid/content/Context;Ljava/net/URL;)Ljava/net/URLConnection;
I/block   ( 6035): com.cleanmaster.mguard ** BLOCKED java/net/URL.openConnection()Ljava/net/URLConnection; from com/ijinshan/krcmd/util/c.a(Ljava/lang/String;II)Ljava/lang/String;
I/block   ( 6035): com.cleanmaster.mguard ** BLOCKED java/net/URL.openConnection()Ljava/net/URLConnection; from com/ijinshan/krcmd/util/c.a(Ljava/lang/String;II)Ljava/lang/String;
I/block   ( 6035): com.cleanmaster.mguard ** BLOCKED java/net/URL.openConnection()Ljava/net/URLConnection; from com/ijinshan/krcmd/util/c.a(Ljava/lang/String;II)Ljava/lang/String;
I/block   ( 6035): com.cleanmaster.mguard ** BLOCKED java/net/URL.openConnection()Ljava/net/URLConnection; from com/ijinshan/krcmd/util/c.a(Ljava/lang/String;II)Ljava/lang/String;
I/block   ( 6035): com.cleanmaster.mguard ** BLOCKED java/net/URL.openConnection()Ljava/net/URLConnection; from com/ijinshan/krcmd/util/c.a(Ljava/lang/String;II)Ljava/lang/String;
I/block   ( 6767): com.domobile.applock ** BLOCKED org/apache/http/impl/client/DefaultHttpClient.execute(Lorg/apache/http/client/methods/HttpUriRequest;)Lorg/apache/http/HttpResponse; from com/domobile/frame/a/b.a(Lcom/domobile/frame/a/c;)Ljava/lang/String;
I/block   (13542): com.lazyswipe ** BLOCKED java/net/URL.openConnection()Ljava/net/URLConnection; from com/lazyswipe/d/h.a(Landroid/content/Context;Ljava/net/URL;)Ljava/net/URLConnection;
I/block   (13542): com.lazyswipe ** BLOCKED java/net/URL.openConnection()Ljava/net/URLConnection; from com/lazyswipe/d/h.a(Landroid/content/Context;Ljava/net/URL;)Ljava/net/URLConnection;
I/block   ( 5553): com.dianxinos.dxbs ** BLOCKED org/apache/http/impl/client/DefaultHttpClient.execute(Lorg/apache/http/client/methods/HttpUriRequest;)Lorg/apache/http/HttpResponse; from vs.a(Ljava/util/List;Ljava/util/List;)Z
I/block   ( 5553): com.dianxinos.dxbs ** BLOCKED org/apache/http/impl/client/DefaultHttpClient.execute(Lorg/apache/http/client/methods/HttpUriRequest;)Lorg/apache/http/HttpResponse; from vs.a(Ljava/util/List;Ljava/util/List;)Z
I/block   ( 5553): com.dianxinos.dxbs ** BLOCKED org/apache/http/impl/client/DefaultHttpClient.execute(Lorg/apache/http/client/methods/HttpUriRequest;)Lorg/apache/http/HttpResponse; from vs.a(Ljava/util/List;Ljava/util/List;)Z
I/block   ( 5553): com.dianxinos.dxbs ** BLOCKED org/apache/http/impl/client/DefaultHttpClient.execute(Lorg/apache/http/client/methods/HttpUriRequest;)Lorg/apache/http/HttpResponse; from vs.a(Ljava/util/List;Ljava/util/List;)Z
I/block   ( 5553): com.dianxinos.dxbs ** BLOCKED org/apache/http/impl/client/DefaultHttpClient.execute(Lorg/apache/http/client/methods/HttpUriRequest;)Lorg/apache/http/HttpResponse; from vs.a(Ljava/util/List;Ljava/util/List;)Z
I/block   ( 1195): com.dianxinos.optimizer.duplay ** BLOCKED org/apache/http/impl/client/DefaultHttpClient.execute(Lorg/apache/http/client/methods/HttpUriRequest;)Lorg/apache/http/HttpResponse; from dxoptimizer/abl.a(Ljava/util/List;Ljava/util/List;)Z
I/block   ( 1195): com.dianxinos.optimizer.duplay ** BLOCKED org/apache/http/impl/client/DefaultHttpClient.execute(Lorg/apache/http/client/methods/HttpUriRequest;)Lorg/apache/http/HttpResponse; from dxoptimizer/abl.a(Ljava/util/List;Ljava/util/List;)Z
I/block   ( 5553): com.dianxinos.dxbs ** BLOCKED org/apache/http/impl/client/DefaultHttpClient.execute(Lorg/apache/http/client/methods/HttpUriRequest;)Lorg/apache/http/HttpResponse; from vs.a(Ljava/util/List;Ljava/util/List;)Z
I/block   ( 1195): com.dianxinos.optimizer.duplay ** BLOCKED org/apache/http/impl/client/DefaultHttpClient.execute(Lorg/apache/http/client/methods/HttpUriRequest;)Lorg/apache/http/HttpResponse; from dxoptimizer/abl.a(Ljava/util/List;Ljava/util/List;)Z
I/block   ( 1195): com.dianxinos.optimizer.duplay ** BLOCKED org/apache/http/impl/client/DefaultHttpClient.execute(Lorg/apache/http/client/methods/HttpUriRequest;)Lorg/apache/http/HttpResponse; from dxoptimizer/abl.a(Ljava/util/List;Ljava/util/List;)Z
I/block   ( 1195): com.dianxinos.optimizer.duplay ** BLOCKED org/apache/http/impl/client/DefaultHttpClient.execute(Lorg/apache/http/client/methods/HttpUriRequest;)Lorg/apache/http/HttpResponse; from dxoptimizer/abl.a(Ljava/util/List;Ljava/util/List;)Z
I/block   ( 1195): com.dianxinos.optimizer.duplay ** BLOCKED org/apache/http/impl/client/DefaultHttpClient.execute(Lorg/apache/http/client/methods/HttpUriRequest;)Lorg/apache/http/HttpResponse; from dxoptimizer/abl.a(Ljava/util/List;Ljava/util/List;)Z
I/block   (13489): com.ksmobile.launcher ** BLOCKED org/apache/http/client/HttpClient.execute(Lorg/apache/http/client/methods/HttpUriRequest;)Lorg/apache/http/HttpResponse; from com/b/a/a/g.a(Lorg/apache/http/client/HttpClient;Ljava/lang/String;Lorg/apache/http/HttpEntity;Z)Ljava/io/InputStream;
I/block   (13489): com.ksmobile.launcher ** BLOCKED org/apache/http/client/HttpClient.execute(Lorg/apache/http/client/methods/HttpUriRequest;)Lorg/apache/http/HttpResponse; from com/cm/kinfoc/l.b(Lcom/cm/kinfoc/k;Ljava/lang/String;Lcom/cm/kinfoc/e;)Z
I/block   (13489): com.ksmobile.launcher ** BLOCKED org/apache/http/client/HttpClient.execute(Lorg/apache/http/client/methods/HttpUriRequest;)Lorg/apache/http/HttpResponse; from com/cm/kinfoc/l.b(Lcom/cm/kinfoc/k;Ljava/lang/String;Lcom/cm/kinfoc/e;)Z
I/block   (13823): com.ksmobile.launcher ** BLOCKED org/apache/http/client/HttpClient.execute(Lorg/apache/http/client/methods/HttpUriRequest;)Lorg/apache/http/HttpResponse; from com/cm/kinfoc/l.b(Lcom/cm/kinfoc/k;Ljava/lang/String;Lcom/cm/kinfoc/e;)Z
I/block   (13823): com.ksmobile.launcher ** BLOCKED org/apache/http/client/HttpClient.execute(Lorg/apache/http/client/methods/HttpUriRequest;)Lorg/apache/http/HttpResponse; from com/cm/kinfoc/l.b(Lcom/cm/kinfoc/k;Ljava/lang/String;Lcom/cm/kinfoc/e;)Z
I/block   ( 1789): com.cmcm.locker ** BLOCKED org/apache/http/client/HttpClient.execute(Lorg/apache/http/client/methods/HttpUriRequest;)Lorg/apache/http/HttpResponse; from com/cleanmaster/kinfoc/q.b(Lcom/cleanmaster/kinfoc/m;Ljava/lang/String;Lcom/cleanmaster/kinfoc/g;)Z
I/block   ( 1789): com.cmcm.locker ** BLOCKED org/apache/http/client/HttpClient.execute(Lorg/apache/http/client/methods/HttpUriRequest;)Lorg/apache/http/HttpResponse; from com/cleanmaster/kinfoc/q.b(Lcom/cleanmaster/kinfoc/m;Ljava/lang/String;Lcom/cleanmaster/kinfoc/g;)Z
I/block   ( 1789): com.cmcm.locker ** BLOCKED org/apache/http/client/HttpClient.execute(Lorg/apache/http/client/methods/HttpUriRequest;)Lorg/apache/http/HttpResponse; from com/cleanmaster/kinfoc/q.b(Lcom/cleanmaster/kinfoc/m;Ljava/lang/String;Lcom/cleanmaster/kinfoc/g;)Z
I/block   ( 1789): com.cmcm.locker ** BLOCKED org/apache/http/client/HttpClient.execute(Lorg/apache/http/client/methods/HttpUriRequest;)Lorg/apache/http/HttpResponse; from com/cleanmaster/kinfoc/q.b(Lcom/cleanmaster/kinfoc/m;Ljava/lang/String;Lcom/cleanmaster/kinfoc/g;)Z
I/block   ( 1789): com.cmcm.locker ** BLOCKED org/apache/http/client/HttpClient.execute(Lorg/apache/http/client/methods/HttpUriRequest;)Lorg/apache/http/HttpResponse; from com/cleanmaster/kinfoc/q.b(Lcom/cleanmaster/kinfoc/m;Ljava/lang/String;Lcom/cleanmaster/kinfoc/g;)Z
I/block   (11924): com.zentertain.photocollage ** BLOCKED java/net/URL.openConnection()Ljava/net/URLConnection; from com/google/ads/internal/f$1.a(Ljava/net/URL;)Ljava/net/HttpURLConnection;
I/block   ( 1789): com.cmcm.locker ** BLOCKED org/apache/http/client/HttpClient.execute(Lorg/apache/http/client/methods/HttpUriRequest;)Lorg/apache/http/HttpResponse; from com/cleanmaster/kinfoc/q.b(Lcom/cleanmaster/kinfoc/m;Ljava/lang/String;Lcom/cleanmaster/kinfoc/g;)Z
I/block   ( 1789): com.cmcm.locker ** BLOCKED org/apache/http/client/HttpClient.execute(Lorg/apache/http/client/methods/HttpUriRequest;)Lorg/apache/http/HttpResponse; from com/cleanmaster/kinfoc/q.b(Lcom/cleanmaster/kinfoc/m;Ljava/lang/String;Lcom/cleanmaster/kinfoc/g;)Z
I/block   ( 6035): com.cleanmaster.mguard ** BLOCKED java/net/URL.openConnection()Ljava/net/URLConnection; from com/cleanmaster/kinfoc/base/i.b(Lcom/cleanmaster/kinfoc/k;Ljava/lang/String;Lcom/cleanmaster/kinfoc/f;)Z
I/block   ( 1789): com.cmcm.locker ** BLOCKED org/apache/http/client/HttpClient.execute(Lorg/apache/http/client/methods/HttpUriRequest;)Lorg/apache/http/HttpResponse; from com/cleanmaster/kinfoc/q.b(Lcom/cleanmaster/kinfoc/m;Ljava/lang/String;Lcom/cleanmaster/kinfoc/g;)Z
I/block   ( 6035): com.cleanmaster.mguard ** BLOCKED java/net/URL.openConnection()Ljava/net/URLConnection; from com/cleanmaster/kinfoc/base/i.b(Lcom/cleanmaster/kinfoc/k;Ljava/lang/String;Lcom/cleanmaster/kinfoc/f;)Z
I/block   ( 6035): com.cleanmaster.mguard ** BLOCKED java/net/URL.openConnection()Ljava/net/URLConnection; from com/cleanmaster/kinfoc/base/i.b(Lcom/cleanmaster/kinfoc/k;Ljava/lang/String;Lcom/cleanmaster/kinfoc/f;)Z
I/block   ( 1789): com.cmcm.locker ** BLOCKED org/apache/http/client/HttpClient.execute(Lorg/apache/http/client/methods/HttpUriRequest;)Lorg/apache/http/HttpResponse; from com/cleanmaster/kinfoc/q.b(Lcom/cleanmaster/kinfoc/m;Ljava/lang/String;Lcom/cleanmaster/kinfoc/g;)Z
I/block   ( 6035): com.cleanmaster.mguard ** BLOCKED java/net/URL.openConnection()Ljava/net/URLConnection; from com/cleanmaster/kinfoc/base/i.b(Lcom/cleanmaster/kinfoc/k;Ljava/lang/String;Lcom/cleanmaster/kinfoc/f;)Z
I/block   ( 6035): com.cleanmaster.mguard ** BLOCKED java/net/URL.openConnection()Ljava/net/URLConnection; from com/cleanmaster/kinfoc/base/i.b(Lcom/cleanmaster/kinfoc/k;Ljava/lang/String;Lcom/cleanmaster/kinfoc/f;)Z
I/block   ( 1789): com.cmcm.locker ** BLOCKED org/apache/http/client/HttpClient.execute(Lorg/apache/http/client/methods/HttpUriRequest;)Lorg/apache/http/HttpResponse; from com/cleanmaster/kinfoc/q.b(Lcom/cleanmaster/kinfoc/m;Ljava/lang/String;Lcom/cleanmaster/kinfoc/g;)Z
I/block   ( 6035): com.cleanmaster.mguard ** BLOCKED java/net/URL.openConnection()Ljava/net/URLConnection; from com/cleanmaster/kinfoc/base/i.b(Lcom/cleanmaster/kinfoc/k;Ljava/lang/String;Lcom/cleanmaster/kinfoc/f;)Z
I/block   ( 6035): com.cleanmaster.mguard ** BLOCKED java/net/URL.openConnection()Ljava/net/URLConnection; from com/cleanmaster/kinfoc/base/i.b(Lcom/cleanmaster/kinfoc/k;Ljava/lang/String;Lcom/cleanmaster/kinfoc/f;)Z
I/block   ( 1789): com.cmcm.locker ** BLOCKED org/apache/http/client/HttpClient.execute(Lorg/apache/http/client/methods/HttpUriRequest;)Lorg/apache/http/HttpResponse; from com/cleanmaster/kinfoc/q.b(Lcom/cleanmaster/kinfoc/m;Ljava/lang/String;Lcom/cleanmaster/kinfoc/g;)Z
I/block   ( 6035): com.cleanmaster.mguard ** BLOCKED java/net/URL.openConnection()Ljava/net/URLConnection; from com/cleanmaster/kinfoc/base/i.b(Lcom/cleanmaster/kinfoc/k;Ljava/lang/String;Lcom/cleanmaster/kinfoc/f;)Z
I/block   ( 6035): com.cleanmaster.mguard ** BLOCKED java/net/URL.openConnection()Ljava/net/URLConnection; from com/cleanmaster/kinfoc/base/i.b(Lcom/cleanmaster/kinfoc/k;Ljava/lang/String;Lcom/cleanmaster/kinfoc/f;)Z
I/block   ( 1789): com.cmcm.locker ** BLOCKED org/apache/http/client/HttpClient.execute(Lorg/apache/http/client/methods/HttpUriRequest;)Lorg/apache/http/HttpResponse; from com/cleanmaster/kinfoc/q.b(Lcom/cleanmaster/kinfoc/m;Ljava/lang/String;Lcom/cleanmaster/kinfoc/g;)Z
I/block   ( 6035): com.cleanmaster.mguard ** BLOCKED java/net/URL.openConnection()Ljava/net/URLConnection; from com/cleanmaster/kinfoc/base/i.b(Lcom/cleanmaster/kinfoc/k;Ljava/lang/String;Lcom/cleanmaster/kinfoc/f;)Z
I/block   ( 6035): com.cleanmaster.mguard ** BLOCKED java/net/URL.openConnection()Ljava/net/URLConnection; from com/cleanmaster/kinfoc/base/i.b(Lcom/cleanmaster/kinfoc/k;Ljava/lang/String;Lcom/cleanmaster/kinfoc/f;)Z
I/block   ( 1789): com.cmcm.locker ** BLOCKED org/apache/http/client/HttpClient.execute(Lorg/apache/http/client/methods/HttpUriRequest;)Lorg/apache/http/HttpResponse; from com/cleanmaster/kinfoc/q.b(Lcom/cleanmaster/kinfoc/m;Ljava/lang/String;Lcom/cleanmaster/kinfoc/g;)Z
I/block   ( 6035): com.cleanmaster.mguard ** BLOCKED java/net/URL.openConnection()Ljava/net/URLConnection; from com/cleanmaster/kinfoc/base/i.b(Lcom/cleanmaster/kinfoc/k;Ljava/lang/String;Lcom/cleanmaster/kinfoc/f;)Z
I/block   ( 1789): com.cmcm.locker ** BLOCKED org/apache/http/client/HttpClient.execute(Lorg/apache/http/client/methods/HttpUriRequest;)Lorg/apache/http/HttpResponse; from com/cleanmaster/kinfoc/q.b(Lcom/cleanmaster/kinfoc/m;Ljava/lang/String;Lcom/cleanmaster/kinfoc/g;)Z
I/block   (13823): com.ksmobile.launcher ** BLOCKED org/apache/http/client/HttpClient.execute(Lorg/apache/http/client/methods/HttpUriRequest;)Lorg/apache/http/HttpResponse; from com/cm/kinfoc/l.b(Lcom/cm/kinfoc/k;Ljava/lang/String;Lcom/cm/kinfoc/e;)Z
I/block   ( 6035): com.cleanmaster.mguard ** BLOCKED java/net/URL.openConnection()Ljava/net/URLConnection; from com/cleanmaster/kinfoc/base/i.b(Lcom/cleanmaster/kinfoc/k;Ljava/lang/String;Lcom/cleanmaster/kinfoc/f;)Z
I/block   ( 1789): com.cmcm.locker ** BLOCKED org/apache/http/client/HttpClient.execute(Lorg/apache/http/client/methods/HttpUriRequest;)Lorg/apache/http/HttpResponse; from com/cleanmaster/kinfoc/q.b(Lcom/cleanmaster/kinfoc/m;Ljava/lang/String;Lcom/cleanmaster/kinfoc/g;)Z
I/block   ( 1789): com.cmcm.locker ** BLOCKED org/apache/http/client/HttpClient.execute(Lorg/apache/http/client/methods/HttpUriRequest;)Lorg/apache/http/HttpResponse; from com/cleanmaster/kinfoc/q.b(Lcom/cleanmaster/kinfoc/m;Ljava/lang/String;Lcom/cleanmaster/kinfoc/g;)Z
I/block   (13823): com.ksmobile.launcher ** BLOCKED org/apache/http/client/HttpClient.execute(Lorg/apache/http/client/methods/HttpUriRequest;)Lorg/apache/http/HttpResponse; from com/cm/kinfoc/l.b(Lcom/cm/kinfoc/k;Ljava/lang/String;Lcom/cm/kinfoc/e;)Z
I/block   ( 6035): com.cleanmaster.mguard ** BLOCKED java/net/URL.openConnection()Ljava/net/URLConnection; from com/cleanmaster/kinfoc/base/i.b(Lcom/cleanmaster/kinfoc/k;Ljava/lang/String;Lcom/cleanmaster/kinfoc/f;)Z
I/block   ( 1789): com.cmcm.locker ** BLOCKED org/apache/http/client/HttpClient.execute(Lorg/apache/http/client/methods/HttpUriRequest;)Lorg/apache/http/HttpResponse; from com/cleanmaster/kinfoc/q.b(Lcom/cleanmaster/kinfoc/m;Ljava/lang/String;Lcom/cleanmaster/kinfoc/g;)Z
I/block   (13823): com.ksmobile.launcher ** BLOCKED org/apache/http/client/HttpClient.execute(Lorg/apache/http/client/methods/HttpUriRequest;)Lorg/apache/http/HttpResponse; from com/cm/kinfoc/l.b(Lcom/cm/kinfoc/k;Ljava/lang/String;Lcom/cm/kinfoc/e;)Z
I/block   ( 6035): com.cleanmaster.mguard ** BLOCKED java/net/URL.openConnection()Ljava/net/URLConnection; from com/cleanmaster/kinfoc/base/i.b(Lcom/cleanmaster/kinfoc/k;Ljava/lang/String;Lcom/cleanmaster/kinfoc/f;)Z
I/block   ( 1789): com.cmcm.locker ** BLOCKED org/apache/http/client/HttpClient.execute(Lorg/apache/http/client/methods/HttpUriRequest;)Lorg/apache/http/HttpResponse; from com/cleanmaster/kinfoc/q.b(Lcom/cleanmaster/kinfoc/m;Ljava/lang/String;Lcom/cleanmaster/kinfoc/g;)Z
I/block   (13823): com.ksmobile.launcher ** BLOCKED org/apache/http/client/HttpClient.execute(Lorg/apache/http/client/methods/HttpUriRequest;)Lorg/apache/http/HttpResponse; from com/cm/kinfoc/l.b(Lcom/cm/kinfoc/k;Ljava/lang/String;Lcom/cm/kinfoc/e;)Z
I/block   ( 6035): com.cleanmaster.mguard ** BLOCKED java/net/URL.openConnection()Ljava/net/URLConnection; from com/cleanmaster/kinfoc/base/i.b(Lcom/cleanmaster/kinfoc/k;Ljava/lang/String;Lcom/cleanmaster/kinfoc/f;)Z
I/block   ( 1789): com.cmcm.locker ** BLOCKED org/apache/http/client/HttpClient.execute(Lorg/apache/http/client/methods/HttpUriRequest;)Lorg/apache/http/HttpResponse; from com/cleanmaster/kinfoc/q.b(Lcom/cleanmaster/kinfoc/m;Ljava/lang/String;Lcom/cleanmaster/kinfoc/g;)Z
I/block   (13823): com.ksmobile.launcher ** BLOCKED org/apache/http/client/HttpClient.execute(Lorg/apache/http/client/methods/HttpUriRequest;)Lorg/apache/http/HttpResponse; from com/cm/kinfoc/l.b(Lcom/cm/kinfoc/k;Ljava/lang/String;Lcom/cm/kinfoc/e;)Z
I/block   ( 6035): com.cleanmaster.mguard ** BLOCKED java/net/URL.openConnection()Ljava/net/URLConnection; from com/cleanmaster/kinfoc/base/i.b(Lcom/cleanmaster/kinfoc/k;Ljava/lang/String;Lcom/cleanmaster/kinfoc/f;)Z
I/block   ( 1789): com.cmcm.locker ** BLOCKED org/apache/http/client/HttpClient.execute(Lorg/apache/http/client/methods/HttpUriRequest;)Lorg/apache/http/HttpResponse; from com/cleanmaster/kinfoc/q.b(Lcom/cleanmaster/kinfoc/m;Ljava/lang/String;Lcom/cleanmaster/kinfoc/g;)Z
I/block   (13823): com.ksmobile.launcher ** BLOCKED org/apache/http/client/HttpClient.execute(Lorg/apache/http/client/methods/HttpUriRequest;)Lorg/apache/http/HttpResponse; from com/cm/kinfoc/l.b(Lcom/cm/kinfoc/k;Ljava/lang/String;Lcom/cm/kinfoc/e;)Z
I/block   ( 6035): com.cleanmaster.mguard ** BLOCKED java/net/URL.openConnection()Ljava/net/URLConnection; from com/cleanmaster/kinfoc/base/i.b(Lcom/cleanmaster/kinfoc/k;Ljava/lang/String;Lcom/cleanmaster/kinfoc/f;)Z
I/block   (13823): com.ksmobile.launcher ** BLOCKED org/apache/http/client/HttpClient.execute(Lorg/apache/http/client/methods/HttpUriRequest;)Lorg/apache/http/HttpResponse; from com/cm/kinfoc/l.b(Lcom/cm/kinfoc/k;Ljava/lang/String;Lcom/cm/kinfoc/e;)Z
I/block   (13823): com.ksmobile.launcher ** BLOCKED org/apache/http/client/HttpClient.execute(Lorg/apache/http/client/methods/HttpUriRequest;)Lorg/apache/http/HttpResponse; from com/cm/kinfoc/l.b(Lcom/cm/kinfoc/k;Ljava/lang/String;Lcom/cm/kinfoc/e;)Z
I/block   (13823): com.ksmobile.launcher ** BLOCKED org/apache/http/client/HttpClient.execute(Lorg/apache/http/client/methods/HttpUriRequest;)Lorg/apache/http/HttpResponse; from com/cm/kinfoc/l.b(Lcom/cm/kinfoc/k;Ljava/lang/String;Lcom/cm/kinfoc/e;)Z
I/block   (13823): com.ksmobile.launcher ** BLOCKED org/apache/http/client/HttpClient.execute(Lorg/apache/http/client/methods/HttpUriRequest;)Lorg/apache/http/HttpResponse; from com/cm/kinfoc/l.b(Lcom/cm/kinfoc/k;Ljava/lang/String;Lcom/cm/kinfoc/e;)Z
I/block   (13823): com.ksmobile.launcher ** BLOCKED org/apache/http/client/HttpClient.execute(Lorg/apache/http/client/methods/HttpUriRequest;)Lorg/apache/http/HttpResponse; from com/cm/kinfoc/l.b(Lcom/cm/kinfoc/k;Ljava/lang/String;Lcom/cm/kinfoc/e;)Z
I/block   (13823): com.ksmobile.launcher ** BLOCKED org/apache/http/client/HttpClient.execute(Lorg/apache/http/client/methods/HttpUriRequest;)Lorg/apache/http/HttpResponse; from com/cm/kinfoc/l.b(Lcom/cm/kinfoc/k;Ljava/lang/String;Lcom/cm/kinfoc/e;)Z
I/block   (11924): com.zentertain.photocollage ** BLOCKED java/net/URL.openConnection()Ljava/net/URLConnection; from com/google/ads/internal/f$1.a(Ljava/net/URL;)Ljava/net/HttpURLConnection;
I/block   (13823): com.ksmobile.launcher ** BLOCKED org/apache/http/client/HttpClient.execute(Lorg/apache/http/client/methods/HttpUriRequest;)Lorg/apache/http/HttpResponse; from com/cm/kinfoc/l.b(Lcom/cm/kinfoc/k;Ljava/lang/String;Lcom/cm/kinfoc/e;)Z
I/block   (13823): com.ksmobile.launcher ** BLOCKED org/apache/http/client/HttpClient.execute(Lorg/apache/http/client/methods/HttpUriRequest;)Lorg/apache/http/HttpResponse; from com/cm/kinfoc/l.b(Lcom/cm/kinfoc/k;Ljava/lang/String;Lcom/cm/kinfoc/e;)Z
I/block   (13823): com.ksmobile.launcher ** BLOCKED org/apache/http/client/HttpClient.execute(Lorg/apache/http/client/methods/HttpUriRequest;)Lorg/apache/http/HttpResponse; from com/cm/kinfoc/l.b(Lcom/cm/kinfoc/k;Ljava/lang/String;Lcom/cm/kinfoc/e;)Z
I/block   (13823): com.ksmobile.launcher ** BLOCKED org/apache/http/client/HttpClient.execute(Lorg/apache/http/client/methods/HttpUriRequest;)Lorg/apache/http/HttpResponse; from com/cm/kinfoc/l.b(Lcom/cm/kinfoc/k;Ljava/lang/String;Lcom/cm/kinfoc/e;)Z
I/block   (11924): com.zentertain.photocollage ** BLOCKED java/net/URL.openConnection()Ljava/net/URLConnection; from com/google/ads/internal/f$1.a(Ljava/net/URL;)Ljava/net/HttpURLConnection;
I/block   (11924): com.zentertain.photocollage ** BLOCKED java/net/URL.openConnection()Ljava/net/URLConnection; from com/google/ads/internal/f$1.a(Ljava/net/URL;)Ljava/net/HttpURLConnection;
I/block   (13823): com.ksmobile.launcher ** BLOCKED org/apache/http/client/HttpClient.execute(Lorg/apache/http/client/methods/HttpUriRequest;)Lorg/apache/http/HttpResponse; from com/cm/kinfoc/l.b(Lcom/cm/kinfoc/k;Ljava/lang/String;Lcom/cm/kinfoc/e;)Z
I/block   (13823): com.ksmobile.launcher ** BLOCKED org/apache/http/client/HttpClient.execute(Lorg/apache/http/client/methods/HttpUriRequest;)Lorg/apache/http/HttpResponse; from com/cm/kinfoc/l.b(Lcom/cm/kinfoc/k;Ljava/lang/String;Lcom/cm/kinfoc/e;)Z
I/block   (11924): com.zentertain.photocollage ** BLOCKED java/net/URL.openConnection()Ljava/net/URLConnection; from com/google/ads/internal/f$1.a(Ljava/net/URL;)Ljava/net/HttpURLConnection;
I/block   (11924): com.zentertain.photocollage ** BLOCKED java/net/URL.openConnection()Ljava/net/URLConnection; from com/google/ads/internal/f$1.a(Ljava/net/URL;)Ljava/net/HttpURLConnection;
I/block   (11924): com.zentertain.photocollage ** BLOCKED java/net/URL.openConnection()Ljava/net/URLConnection; from com/google/ads/internal/f$1.a(Ljava/net/URL;)Ljava/net/HttpURLConnection;
I/block   (11924): com.zentertain.photocollage ** BLOCKED java/net/URL.openConnection()Ljava/net/URLConnection; from com/google/ads/internal/f$1.a(Ljava/net/URL;)Ljava/net/HttpURLConnection;
I/block   (11924): com.zentertain.photocollage ** BLOCKED java/net/URL.openConnection()Ljava/net/URLConnection; from com/google/ads/internal/f$1.a(Ljava/net/URL;)Ljava/net/HttpURLConnection;
I/block   (11924): com.zentertain.photocollage ** BLOCKED java/net/URL.openConnection()Ljava/net/URLConnection; from com/google/ads/internal/f$1.a(Ljava/net/URL;)Ljava/net/HttpURLConnection;
I/block   (11924): com.zentertain.photocollage ** BLOCKED java/net/URL.openConnection()Ljava/net/URLConnection; from com/google/ads/internal/f$1.a(Ljava/net/URL;)Ljava/net/HttpURLConnection;
I/block   (11924): com.zentertain.photocollage ** BLOCKED java/net/URL.openConnection()Ljava/net/URLConnection; from com/google/ads/internal/f$1.a(Ljava/net/URL;)Ljava/net/HttpURLConnection;
I/block   (11924): com.zentertain.photocollage ** BLOCKED java/net/URL.openConnection()Ljava/net/URLConnection; from com/google/ads/internal/f$1.a(Ljava/net/URL;)Ljava/net/HttpURLConnection;
I/block   (15162): com.zentertain.photoeditor ** BLOCKED java/net/URL.openConnection()Ljava/net/URLConnection; from com/google/ads/internal/f$1.a(Ljava/net/URL;)Ljava/net/HttpURLConnection;
I/block   (15162): com.zentertain.photoeditor ** BLOCKED java/net/URL.openConnection()Ljava/net/URLConnection; from com/google/ads/internal/f$1.a(Ljava/net/URL;)Ljava/net/HttpURLConnection;
I/block   (15503): com.zentertain.photoeditor ** BLOCKED java/net/URL.openConnection()Ljava/net/URLConnection; from com/google/ads/internal/f$1.a(Ljava/net/URL;)Ljava/net/HttpURLConnection;
I/block   (15503): com.zentertain.photoeditor ** BLOCKED java/net/URL.openConnection()Ljava/net/URLConnection; from com/google/ads/internal/f$1.a(Ljava/net/URL;)Ljava/net/HttpURLConnection;
I/block   ( 6035): com.cleanmaster.mguard ** BLOCKED java/net/URL.openConnection()Ljava/net/URLConnection; from com/cleanmaster/kinfoc/base/i.b(Lcom/cleanmaster/kinfoc/k;Ljava/lang/String;Lcom/cleanmaster/kinfoc/f;)Z
I/block   (16457): com.zynga.looney ** BLOCKED org/apache/http/impl/client/DefaultHttpClient.execute(Lorg/apache/http/client/methods/HttpUriRequest;)Lorg/apache/http/HttpResponse; from com/zynga/sdk/economy/util/EconomyConfiguration.loadIpAddress()V
I/block   (16457): com.zynga.looney ** BLOCKED org/apache/http/client/HttpClient.execute(Lorg/apache/http/client/methods/HttpUriRequest;)Lorg/apache/http/HttpResponse; from com/zynga/sdk/installtracker/InstallTracker$InstallTrackerTask.doInBackground([Ljava/lang/Void;)Lorg/apache/http/HttpResponse;
I/block   (16457): com.zynga.looney ** BLOCKED org/apache/http/client/HttpClient.execute(Lorg/apache/http/client/methods/HttpUriRequest;)Lorg/apache/http/HttpResponse; from com/zynga/sdk/installtracker/InstallTracker$InstallTrackerTask.doInBackground([Ljava/lang/Void;)Lorg/apache/http/HttpResponse;
I/block   (16841): com.ksmobile.launcher ** BLOCKED org/apache/http/client/HttpClient.execute(Lorg/apache/http/client/methods/HttpUriRequest;)Lorg/apache/http/HttpResponse; from com/cm/kinfoc/l.b(Lcom/cm/kinfoc/k;Ljava/lang/String;Lcom/cm/kinfoc/e;)Z
I/block   (16841): com.ksmobile.launcher ** BLOCKED org/apache/http/client/HttpClient.execute(Lorg/apache/http/client/methods/HttpUriRequest;)Lorg/apache/http/HttpResponse; from com/cm/kinfoc/l.b(Lcom/cm/kinfoc/k;Ljava/lang/String;Lcom/cm/kinfoc/e;)Z
I/block   (16841): com.ksmobile.launcher ** BLOCKED org/apache/http/client/HttpClient.execute(Lorg/apache/http/client/methods/HttpUriRequest;)Lorg/apache/http/HttpResponse; from com/b/a/a/g.a(Lorg/apache/http/client/HttpClient;Ljava/lang/String;Lorg/apache/http/HttpEntity;Z)Ljava/io/InputStream;
I/block   ( 1789): com.cmcm.locker ** BLOCKED org/apache/http/client/HttpClient.execute(Lorg/apache/http/client/methods/HttpUriRequest;)Lorg/apache/http/HttpResponse; from com/cleanmaster/kinfoc/q.b(Lcom/cleanmaster/kinfoc/m;Ljava/lang/String;Lcom/cleanmaster/kinfoc/g;)Z
I/block   (16841): com.ksmobile.launcher ** BLOCKED org/apache/http/client/HttpClient.execute(Lorg/apache/http/client/methods/HttpUriRequest;)Lorg/apache/http/HttpResponse; from com/cm/kinfoc/l.b(Lcom/cm/kinfoc/k;Ljava/lang/String;Lcom/cm/kinfoc/e;)Z
I/block   ( 6035): com.cleanmaster.mguard ** BLOCKED java/net/URL.openConnection()Ljava/net/URLConnection; from com/cleanmaster/kinfoc/base/i.b(Lcom/cleanmaster/kinfoc/k;Ljava/lang/String;Lcom/cleanmaster/kinfoc/f;)Z
I/block   ( 1789): com.cmcm.locker ** BLOCKED org/apache/http/client/HttpClient.execute(Lorg/apache/http/client/methods/HttpUriRequest;)Lorg/apache/http/HttpResponse; from com/cleanmaster/kinfoc/q.b(Lcom/cleanmaster/kinfoc/m;Ljava/lang/String;Lcom/cleanmaster/kinfoc/g;)Z
I/block   (16841): com.ksmobile.launcher ** BLOCKED org/apache/http/client/HttpClient.execute(Lorg/apache/http/client/methods/HttpUriRequest;)Lorg/apache/http/HttpResponse; from com/cm/kinfoc/l.b(Lcom/cm/kinfoc/k;Ljava/lang/String;Lcom/cm/kinfoc/e;)Z
I/block   ( 6035): com.cleanmaster.mguard ** BLOCKED java/net/URL.openConnection()Ljava/net/URLConnection; from com/cleanmaster/kinfoc/base/i.b(Lcom/cleanmaster/kinfoc/k;Ljava/lang/String;Lcom/cleanmaster/kinfoc/f;)Z
I/block   ( 1789): com.cmcm.locker ** BLOCKED org/apache/http/client/HttpClient.execute(Lorg/apache/http/client/methods/HttpUriRequest;)Lorg/apache/http/HttpResponse; from com/cleanmaster/kinfoc/q.b(Lcom/cleanmaster/kinfoc/m;Ljava/lang/String;Lcom/cleanmaster/kinfoc/g;)Z
I/block   (16841): com.ksmobile.launcher ** BLOCKED org/apache/http/client/HttpClient.execute(Lorg/apache/http/client/methods/HttpUriRequest;)Lorg/apache/http/HttpResponse; from com/cm/kinfoc/l.b(Lcom/cm/kinfoc/k;Ljava/lang/String;Lcom/cm/kinfoc/e;)Z
I/block   ( 6035): com.cleanmaster.mguard ** BLOCKED java/net/URL.openConnection()Ljava/net/URLConnection; from com/cleanmaster/kinfoc/base/i.b(Lcom/cleanmaster/kinfoc/k;Ljava/lang/String;Lcom/cleanmaster/kinfoc/f;)Z
I/block   ( 1789): com.cmcm.locker ** BLOCKED org/apache/http/client/HttpClient.execute(Lorg/apache/http/client/methods/HttpUriRequest;)Lorg/apache/http/HttpResponse; from com/cleanmaster/kinfoc/q.b(Lcom/cleanmaster/kinfoc/m;Ljava/lang/String;Lcom/cleanmaster/kinfoc/g;)Z
I/block   ( 6035): com.cleanmaster.mguard ** BLOCKED java/net/URL.openConnection()Ljava/net/URLConnection; from com/cleanmaster/kinfoc/base/i.b(Lcom/cleanmaster/kinfoc/k;Ljava/lang/String;Lcom/cleanmaster/kinfoc/f;)Z
I/block   (16841): com.ksmobile.launcher ** BLOCKED org/apache/http/client/HttpClient.execute(Lorg/apache/http/client/methods/HttpUriRequest;)Lorg/apache/http/HttpResponse; from com/cm/kinfoc/l.b(Lcom/cm/kinfoc/k;Ljava/lang/String;Lcom/cm/kinfoc/e;)Z
I/block   ( 1789): com.cmcm.locker ** BLOCKED org/apache/http/client/HttpClient.execute(Lorg/apache/http/client/methods/HttpUriRequest;)Lorg/apache/http/HttpResponse; from com/cleanmaster/kinfoc/q.b(Lcom/cleanmaster/kinfoc/m;Ljava/lang/String;Lcom/cleanmaster/kinfoc/g;)Z
I/block   ( 6035): com.cleanmaster.mguard ** BLOCKED java/net/URL.openConnection()Ljava/net/URLConnection; from com/cleanmaster/kinfoc/base/i.b(Lcom/cleanmaster/kinfoc/k;Ljava/lang/String;Lcom/cleanmaster/kinfoc/f;)Z
I/block   (16841): com.ksmobile.launcher ** BLOCKED org/apache/http/client/HttpClient.execute(Lorg/apache/http/client/methods/HttpUriRequest;)Lorg/apache/http/HttpResponse; from com/cm/kinfoc/l.b(Lcom/cm/kinfoc/k;Ljava/lang/String;Lcom/cm/kinfoc/e;)Z
I/block   ( 1789): com.cmcm.locker ** BLOCKED org/apache/http/client/HttpClient.execute(Lorg/apache/http/client/methods/HttpUriRequest;)Lorg/apache/http/HttpResponse; from com/cleanmaster/kinfoc/q.b(Lcom/cleanmaster/kinfoc/m;Ljava/lang/String;Lcom/cleanmaster/kinfoc/g;)Z
I/block   ( 6035): com.cleanmaster.mguard ** BLOCKED java/net/URL.openConnection()Ljava/net/URLConnection; from com/cleanmaster/kinfoc/base/i.b(Lcom/cleanmaster/kinfoc/k;Ljava/lang/String;Lcom/cleanmaster/kinfoc/f;)Z
I/block   (16841): com.ksmobile.launcher ** BLOCKED org/apache/http/client/HttpClient.execute(Lorg/apache/http/client/methods/HttpUriRequest;)Lorg/apache/http/HttpResponse; from com/cm/kinfoc/l.b(Lcom/cm/kinfoc/k;Ljava/lang/String;Lcom/cm/kinfoc/e;)Z
I/block   ( 6035): com.cleanmaster.mguard ** BLOCKED java/net/URL.openConnection()Ljava/net/URLConnection; from com/cleanmaster/kinfoc/base/i.b(Lcom/cleanmaster/kinfoc/k;Ljava/lang/String;Lcom/cleanmaster/kinfoc/f;)Z
I/block   (16841): com.ksmobile.launcher ** BLOCKED org/apache/http/client/HttpClient.execute(Lorg/apache/http/client/methods/HttpUriRequest;)Lorg/apache/http/HttpResponse; from com/cm/kinfoc/l.b(Lcom/cm/kinfoc/k;Ljava/lang/String;Lcom/cm/kinfoc/e;)Z
I/block   ( 1789): com.cmcm.locker ** BLOCKED org/apache/http/client/HttpClient.execute(Lorg/apache/http/client/methods/HttpUriRequest;)Lorg/apache/http/HttpResponse; from com/cleanmaster/kinfoc/q.b(Lcom/cleanmaster/kinfoc/m;Ljava/lang/String;Lcom/cleanmaster/kinfoc/g;)Z
I/block   ( 6035): com.cleanmaster.mguard ** BLOCKED java/net/URL.openConnection()Ljava/net/URLConnection; from com/cleanmaster/kinfoc/base/i.b(Lcom/cleanmaster/kinfoc/k;Ljava/lang/String;Lcom/cleanmaster/kinfoc/f;)Z
I/block   (16841): com.ksmobile.launcher ** BLOCKED org/apache/http/client/HttpClient.execute(Lorg/apache/http/client/methods/HttpUriRequest;)Lorg/apache/http/HttpResponse; from com/cm/kinfoc/l.b(Lcom/cm/kinfoc/k;Ljava/lang/String;Lcom/cm/kinfoc/e;)Z
I/block   ( 6035): com.cleanmaster.mguard ** BLOCKED java/net/URL.openConnection()Ljava/net/URLConnection; from com/cleanmaster/kinfoc/base/i.b(Lcom/cleanmaster/kinfoc/k;Ljava/lang/String;Lcom/cleanmaster/kinfoc/f;)Z
I/block   (16841): com.ksmobile.launcher ** BLOCKED org/apache/http/client/HttpClient.execute(Lorg/apache/http/client/methods/HttpUriRequest;)Lorg/apache/http/HttpResponse; from com/cm/kinfoc/l.b(Lcom/cm/kinfoc/k;Ljava/lang/String;Lcom/cm/kinfoc/e;)Z
I/block   ( 1789): com.cmcm.locker ** BLOCKED org/apache/http/client/HttpClient.execute(Lorg/apache/http/client/methods/HttpUriRequest;)Lorg/apache/http/HttpResponse; from com/cleanmaster/kinfoc/q.b(Lcom/cleanmaster/kinfoc/m;Ljava/lang/String;Lcom/cleanmaster/kinfoc/g;)Z
I/block   ( 6035): com.cleanmaster.mguard ** BLOCKED java/net/URL.openConnection()Ljava/net/URLConnection; from com/cleanmaster/kinfoc/base/i.b(Lcom/cleanmaster/kinfoc/k;Ljava/lang/String;Lcom/cleanmaster/kinfoc/f;)Z
I/block   (16841): com.ksmobile.launcher ** BLOCKED org/apache/http/client/HttpClient.execute(Lorg/apache/http/client/methods/HttpUriRequest;)Lorg/apache/http/HttpResponse; from com/cm/kinfoc/l.b(Lcom/cm/kinfoc/k;Ljava/lang/String;Lcom/cm/kinfoc/e;)Z
I/block   ( 1789): com.cmcm.locker ** BLOCKED org/apache/http/client/HttpClient.execute(Lorg/apache/http/client/methods/HttpUriRequest;)Lorg/apache/http/HttpResponse; from com/cleanmaster/kinfoc/q.b(Lcom/cleanmaster/kinfoc/m;Ljava/lang/String;Lcom/cleanmaster/kinfoc/g;)Z
I/block   ( 6035): com.cleanmaster.mguard ** BLOCKED java/net/URL.openConnection()Ljava/net/URLConnection; from com/cleanmaster/kinfoc/base/i.b(Lcom/cleanmaster/kinfoc/k;Ljava/lang/String;Lcom/cleanmaster/kinfoc/f;)Z
I/block   (16841): com.ksmobile.launcher ** BLOCKED org/apache/http/client/HttpClient.execute(Lorg/apache/http/client/methods/HttpUriRequest;)Lorg/apache/http/HttpResponse; from com/cm/kinfoc/l.b(Lcom/cm/kinfoc/k;Ljava/lang/String;Lcom/cm/kinfoc/e;)Z
I/block   ( 6035): com.cleanmaster.mguard ** BLOCKED java/net/URL.openConnection()Ljava/net/URLConnection; from com/cleanmaster/kinfoc/base/i.b(Lcom/cleanmaster/kinfoc/k;Ljava/lang/String;Lcom/cleanmaster/kinfoc/f;)Z
I/block   (16841): com.ksmobile.launcher ** BLOCKED org/apache/http/client/HttpClient.execute(Lorg/apache/http/client/methods/HttpUriRequest;)Lorg/apache/http/HttpResponse; from com/cm/kinfoc/l.b(Lcom/cm/kinfoc/k;Ljava/lang/String;Lcom/cm/kinfoc/e;)Z
I/block   ( 1789): com.cmcm.locker ** BLOCKED org/apache/http/client/HttpClient.execute(Lorg/apache/http/client/methods/HttpUriRequest;)Lorg/apache/http/HttpResponse; from com/cleanmaster/kinfoc/q.b(Lcom/cleanmaster/kinfoc/m;Ljava/lang/String;Lcom/cleanmaster/kinfoc/g;)Z
I/block   (16841): com.ksmobile.launcher ** BLOCKED org/apache/http/client/HttpClient.execute(Lorg/apache/http/client/methods/HttpUriRequest;)Lorg/apache/http/HttpResponse; from com/cm/kinfoc/l.b(Lcom/cm/kinfoc/k;Ljava/lang/String;Lcom/cm/kinfoc/e;)Z
I/block   ( 6035): com.cleanmaster.mguard ** BLOCKED java/net/URL.openConnection()Ljava/net/URLConnection; from com/cleanmaster/kinfoc/base/i.b(Lcom/cleanmaster/kinfoc/k;Ljava/lang/String;Lcom/cleanmaster/kinfoc/f;)Z
I/block   ( 6035): com.cleanmaster.mguard ** BLOCKED java/net/URL.openConnection()Ljava/net/URLConnection; from com/cleanmaster/kinfoc/base/i.b(Lcom/cleanmaster/kinfoc/k;Ljava/lang/String;Lcom/cleanmaster/kinfoc/f;)Z
I/block   (16841): com.ksmobile.launcher ** BLOCKED org/apache/http/client/HttpClient.execute(Lorg/apache/http/client/methods/HttpUriRequest;)Lorg/apache/http/HttpResponse; from com/cm/kinfoc/l.b(Lcom/cm/kinfoc/k;Ljava/lang/String;Lcom/cm/kinfoc/e;)Z
I/block   ( 1789): com.cmcm.locker ** BLOCKED org/apache/http/client/HttpClient.execute(Lorg/apache/http/client/methods/HttpUriRequest;)Lorg/apache/http/HttpResponse; from com/cleanmaster/kinfoc/q.b(Lcom/cleanmaster/kinfoc/m;Ljava/lang/String;Lcom/cleanmaster/kinfoc/g;)Z
I/block   ( 6035): com.cleanmaster.mguard ** BLOCKED java/net/URL.openConnection()Ljava/net/URLConnection; from com/cleanmaster/kinfoc/base/i.b(Lcom/cleanmaster/kinfoc/k;Ljava/lang/String;Lcom/cleanmaster/kinfoc/f;)Z
I/block   (16841): com.ksmobile.launcher ** BLOCKED org/apache/http/client/HttpClient.execute(Lorg/apache/http/client/methods/HttpUriRequest;)Lorg/apache/http/HttpResponse; from com/cm/kinfoc/l.b(Lcom/cm/kinfoc/k;Ljava/lang/String;Lcom/cm/kinfoc/e;)Z
I/block   ( 6035): com.cleanmaster.mguard ** BLOCKED java/net/URL.openConnection()Ljava/net/URLConnection; from com/cleanmaster/kinfoc/base/i.b(Lcom/cleanmaster/kinfoc/k;Ljava/lang/String;Lcom/cleanmaster/kinfoc/f;)Z
I/block   (16841): com.ksmobile.launcher ** BLOCKED org/apache/http/client/HttpClient.execute(Lorg/apache/http/client/methods/HttpUriRequest;)Lorg/apache/http/HttpResponse; from com/cm/kinfoc/l.b(Lcom/cm/kinfoc/k;Ljava/lang/String;Lcom/cm/kinfoc/e;)Z
I/block   ( 1789): com.cmcm.locker ** BLOCKED org/apache/http/client/HttpClient.execute(Lorg/apache/http/client/methods/HttpUriRequest;)Lorg/apache/http/HttpResponse; from com/cleanmaster/kinfoc/q.b(Lcom/cleanmaster/kinfoc/m;Ljava/lang/String;Lcom/cleanmaster/kinfoc/g;)Z
I/block   ( 6035): com.cleanmaster.mguard ** BLOCKED java/net/URL.openConnection()Ljava/net/URLConnection; from com/cleanmaster/kinfoc/base/i.b(Lcom/cleanmaster/kinfoc/k;Ljava/lang/String;Lcom/cleanmaster/kinfoc/f;)Z
I/block   (16841): com.ksmobile.launcher ** BLOCKED org/apache/http/client/HttpClient.execute(Lorg/apache/http/client/methods/HttpUriRequest;)Lorg/apache/http/HttpResponse; from com/cm/kinfoc/l.b(Lcom/cm/kinfoc/k;Ljava/lang/String;Lcom/cm/kinfoc/e;)Z
I/block   (16841): com.ksmobile.launcher ** BLOCKED org/apache/http/client/HttpClient.execute(Lorg/apache/http/client/methods/HttpUriRequest;)Lorg/apache/http/HttpResponse; from com/cm/kinfoc/l.b(Lcom/cm/kinfoc/k;Ljava/lang/String;Lcom/cm/kinfoc/e;)Z
I/block   ( 6035): com.cleanmaster.mguard ** BLOCKED java/net/URL.openConnection()Ljava/net/URLConnection; from com/cleanmaster/kinfoc/base/i.b(Lcom/cleanmaster/kinfoc/k;Ljava/lang/String;Lcom/cleanmaster/kinfoc/f;)Z
I/block   ( 1789): com.cmcm.locker ** BLOCKED org/apache/http/client/HttpClient.execute(Lorg/apache/http/client/methods/HttpUriRequest;)Lorg/apache/http/HttpResponse; from com/cleanmaster/kinfoc/q.b(Lcom/cleanmaster/kinfoc/m;Ljava/lang/String;Lcom/cleanmaster/kinfoc/g;)Z
I/block   (16841): com.ksmobile.launcher ** BLOCKED org/apache/http/client/HttpClient.execute(Lorg/apache/http/client/methods/HttpUriRequest;)Lorg/apache/http/HttpResponse; from com/cm/kinfoc/l.b(Lcom/cm/kinfoc/k;Ljava/lang/String;Lcom/cm/kinfoc/e;)Z
I/block   (16841): com.ksmobile.launcher ** BLOCKED org/apache/http/client/HttpClient.execute(Lorg/apache/http/client/methods/HttpUriRequest;)Lorg/apache/http/HttpResponse; from com/cm/kinfoc/l.b(Lcom/cm/kinfoc/k;Ljava/lang/String;Lcom/cm/kinfoc/e;)Z
I/block   ( 1789): com.cmcm.locker ** BLOCKED org/apache/http/client/HttpClient.execute(Lorg/apache/http/client/methods/HttpUriRequest;)Lorg/apache/http/HttpResponse; from com/cleanmaster/kinfoc/q.b(Lcom/cleanmaster/kinfoc/m;Ljava/lang/String;Lcom/cleanmaster/kinfoc/g;)Z
I/block   (16841): com.ksmobile.launcher ** BLOCKED org/apache/http/client/HttpClient.execute(Lorg/apache/http/client/methods/HttpUriRequest;)Lorg/apache/http/HttpResponse; from com/cm/kinfoc/l.b(Lcom/cm/kinfoc/k;Ljava/lang/String;Lcom/cm/kinfoc/e;)Z
I/block   (16841): com.ksmobile.launcher ** BLOCKED org/apache/http/client/HttpClient.execute(Lorg/apache/http/client/methods/HttpUriRequest;)Lorg/apache/http/HttpResponse; from com/cm/kinfoc/l.b(Lcom/cm/kinfoc/k;Ljava/lang/String;Lcom/cm/kinfoc/e;)Z
I/block   (16841): com.ksmobile.launcher ** BLOCKED org/apache/http/client/HttpClient.execute(Lorg/apache/http/client/methods/HttpUriRequest;)Lorg/apache/http/HttpResponse; from com/cm/kinfoc/l.b(Lcom/cm/kinfoc/k;Ljava/lang/String;Lcom/cm/kinfoc/e;)Z
I/block   (16841): com.ksmobile.launcher ** BLOCKED org/apache/http/client/HttpClient.execute(Lorg/apache/http/client/methods/HttpUriRequest;)Lorg/apache/http/HttpResponse; from com/cm/kinfoc/l.b(Lcom/cm/kinfoc/k;Ljava/lang/String;Lcom/cm/kinfoc/e;)Z
I/block   (16841): com.ksmobile.launcher ** BLOCKED org/apache/http/client/HttpClient.execute(Lorg/apache/http/client/methods/HttpUriRequest;)Lorg/apache/http/HttpResponse; from com/cm/kinfoc/l.b(Lcom/cm/kinfoc/k;Ljava/lang/String;Lcom/cm/kinfoc/e;)Z
I/block   (16841): com.ksmobile.launcher ** BLOCKED org/apache/http/client/HttpClient.execute(Lorg/apache/http/client/methods/HttpUriRequest;)Lorg/apache/http/HttpResponse; from com/cm/kinfoc/l.b(Lcom/cm/kinfoc/k;Ljava/lang/String;Lcom/cm/kinfoc/e;)Z
I/block   (16841): com.ksmobile.launcher ** BLOCKED org/apache/http/client/HttpClient.execute(Lorg/apache/http/client/methods/HttpUriRequest;)Lorg/apache/http/HttpResponse; from com/cm/kinfoc/l.b(Lcom/cm/kinfoc/k;Ljava/lang/String;Lcom/cm/kinfoc/e;)Z
I/block   (18077): com.walmart.android ** BLOCKED org/apache/http/client/HttpClient.execute(Lorg/apache/http/client/methods/HttpUriRequest;)Lorg/apache/http/HttpResponse; from RLSDK/b$a.a([Ljava/util/ArrayList;)Ljava/lang/Void;
I/block   (18428): com.ksmobile.launcher ** BLOCKED org/apache/http/client/HttpClient.execute(Lorg/apache/http/client/methods/HttpUriRequest;)Lorg/apache/http/HttpResponse; from com/cm/kinfoc/l.b(Lcom/cm/kinfoc/k;Ljava/lang/String;Lcom/cm/kinfoc/e;)Z
I/block   (18428): com.ksmobile.launcher ** BLOCKED org/apache/http/client/HttpClient.execute(Lorg/apache/http/client/methods/HttpUriRequest;)Lorg/apache/http/HttpResponse; from com/cm/kinfoc/l.b(Lcom/cm/kinfoc/k;Ljava/lang/String;Lcom/cm/kinfoc/e;)Z
I/block   ( 1789): com.cmcm.locker ** BLOCKED org/apache/http/client/HttpClient.execute(Lorg/apache/http/client/methods/HttpUriRequest;)Lorg/apache/http/HttpResponse; from com/cleanmaster/kinfoc/q.b(Lcom/cleanmaster/kinfoc/m;Ljava/lang/String;Lcom/cleanmaster/kinfoc/g;)Z
I/block   (18428): com.ksmobile.launcher ** BLOCKED org/apache/http/client/HttpClient.execute(Lorg/apache/http/client/methods/HttpUriRequest;)Lorg/apache/http/HttpResponse; from com/cm/kinfoc/l.b(Lcom/cm/kinfoc/k;Ljava/lang/String;Lcom/cm/kinfoc/e;)Z
I/block   ( 6035): com.cleanmaster.mguard ** BLOCKED java/net/URL.openConnection()Ljava/net/URLConnection; from com/cleanmaster/kinfoc/base/i.b(Lcom/cleanmaster/kinfoc/k;Ljava/lang/String;Lcom/cleanmaster/kinfoc/f;)Z
I/block   ( 1789): com.cmcm.locker ** BLOCKED org/apache/http/client/HttpClient.execute(Lorg/apache/http/client/methods/HttpUriRequest;)Lorg/apache/http/HttpResponse; from com/cleanmaster/kinfoc/q.b(Lcom/cleanmaster/kinfoc/m;Ljava/lang/String;Lcom/cleanmaster/kinfoc/g;)Z
I/block   ( 6035): com.cleanmaster.mguard ** BLOCKED java/net/URL.openConnection()Ljava/net/URLConnection; from com/cleanmaster/kinfoc/base/i.b(Lcom/cleanmaster/kinfoc/k;Ljava/lang/String;Lcom/cleanmaster/kinfoc/f;)Z
I/block   (18428): com.ksmobile.launcher ** BLOCKED org/apache/http/client/HttpClient.execute(Lorg/apache/http/client/methods/HttpUriRequest;)Lorg/apache/http/HttpResponse; from com/cm/kinfoc/l.b(Lcom/cm/kinfoc/k;Ljava/lang/String;Lcom/cm/kinfoc/e;)Z
I/block   ( 1789): com.cmcm.locker ** BLOCKED org/apache/http/client/HttpClient.execute(Lorg/apache/http/client/methods/HttpUriRequest;)Lorg/apache/http/HttpResponse; from com/cleanmaster/kinfoc/q.b(Lcom/cleanmaster/kinfoc/m;Ljava/lang/String;Lcom/cleanmaster/kinfoc/g;)Z
I/block   ( 6035): com.cleanmaster.mguard ** BLOCKED java/net/URL.openConnection()Ljava/net/URLConnection; from com/cleanmaster/kinfoc/base/i.b(Lcom/cleanmaster/kinfoc/k;Ljava/lang/String;Lcom/cleanmaster/kinfoc/f;)Z
I/block   (18428): com.ksmobile.launcher ** BLOCKED org/apache/http/client/HttpClient.execute(Lorg/apache/http/client/methods/HttpUriRequest;)Lorg/apache/http/HttpResponse; from com/cm/kinfoc/l.b(Lcom/cm/kinfoc/k;Ljava/lang/String;Lcom/cm/kinfoc/e;)Z
I/block   ( 1789): com.cmcm.locker ** BLOCKED org/apache/http/client/HttpClient.execute(Lorg/apache/http/client/methods/HttpUriRequest;)Lorg/apache/http/HttpResponse; from com/cleanmaster/kinfoc/q.b(Lcom/cleanmaster/kinfoc/m;Ljava/lang/String;Lcom/cleanmaster/kinfoc/g;)Z
I/block   ( 6035): com.cleanmaster.mguard ** BLOCKED java/net/URL.openConnection()Ljava/net/URLConnection; from com/cleanmaster/kinfoc/base/i.b(Lcom/cleanmaster/kinfoc/k;Ljava/lang/String;Lcom/cleanmaster/kinfoc/f;)Z
I/block   (18428): com.ksmobile.launcher ** BLOCKED org/apache/http/client/HttpClient.execute(Lorg/apache/http/client/methods/HttpUriRequest;)Lorg/apache/http/HttpResponse; from com/cm/kinfoc/l.b(Lcom/cm/kinfoc/k;Ljava/lang/String;Lcom/cm/kinfoc/e;)Z
I/block   ( 1789): com.cmcm.locker ** BLOCKED org/apache/http/client/HttpClient.execute(Lorg/apache/http/client/methods/HttpUriRequest;)Lorg/apache/http/HttpResponse; from com/cleanmaster/kinfoc/q.b(Lcom/cleanmaster/kinfoc/m;Ljava/lang/String;Lcom/cleanmaster/kinfoc/g;)Z
I/block   ( 6035): com.cleanmaster.mguard ** BLOCKED java/net/URL.openConnection()Ljava/net/URLConnection; from com/cleanmaster/kinfoc/base/i.b(Lcom/cleanmaster/kinfoc/k;Ljava/lang/String;Lcom/cleanmaster/kinfoc/f;)Z
I/block   (18428): com.ksmobile.launcher ** BLOCKED org/apache/http/client/HttpClient.execute(Lorg/apache/http/client/methods/HttpUriRequest;)Lorg/apache/http/HttpResponse; from com/cm/kinfoc/l.b(Lcom/cm/kinfoc/k;Ljava/lang/String;Lcom/cm/kinfoc/e;)Z
I/block   ( 1789): com.cmcm.locker ** BLOCKED org/apache/http/client/HttpClient.execute(Lorg/apache/http/client/methods/HttpUriRequest;)Lorg/apache/http/HttpResponse; from com/cleanmaster/kinfoc/q.b(Lcom/cleanmaster/kinfoc/m;Ljava/lang/String;Lcom/cleanmaster/kinfoc/g;)Z
I/block   ( 6035): com.cleanmaster.mguard ** BLOCKED java/net/URL.openConnection()Ljava/net/URLConnection; from com/cleanmaster/kinfoc/base/i.b(Lcom/cleanmaster/kinfoc/k;Ljava/lang/String;Lcom/cleanmaster/kinfoc/f;)Z
I/block   (18428): com.ksmobile.launcher ** BLOCKED org/apache/http/client/HttpClient.execute(Lorg/apache/http/client/methods/HttpUriRequest;)Lorg/apache/http/HttpResponse; from com/cm/kinfoc/l.b(Lcom/cm/kinfoc/k;Ljava/lang/String;Lcom/cm/kinfoc/e;)Z
I/block   ( 6035): com.cleanmaster.mguard ** BLOCKED java/net/URL.openConnection()Ljava/net/URLConnection; from com/cleanmaster/kinfoc/base/i.b(Lcom/cleanmaster/kinfoc/k;Ljava/lang/String;Lcom/cleanmaster/kinfoc/f;)Z
I/block   (18428): com.ksmobile.launcher ** BLOCKED org/apache/http/client/HttpClient.execute(Lorg/apache/http/client/methods/HttpUriRequest;)Lorg/apache/http/HttpResponse; from com/cm/kinfoc/l.b(Lcom/cm/kinfoc/k;Ljava/lang/String;Lcom/cm/kinfoc/e;)Z
