I/block   ( 8480): com.dianxinos.optimizer.duplay ** BLOCKED org/apache/http/impl/client/DefaultHttpClient.execute(Lorg/apache/http/client/methods/HttpUriRequest;)Lorg/apache/http/HttpResponse; from dxoptimizer/abl.a(Ljava/util/List;Ljava/util/List;)Z
I/block   ( 8480): com.dianxinos.optimizer.duplay ** BLOCKED org/apache/http/impl/client/DefaultHttpClient.execute(Lorg/apache/http/client/methods/HttpUriRequest;)Lorg/apache/http/HttpResponse; from dxoptimizer/abl.a(Ljava/util/List;Ljava/util/List;)Z
I/block   ( 8480): com.dianxinos.optimizer.duplay ** BLOCKED org/apache/http/impl/client/DefaultHttpClient.execute(Lorg/apache/http/client/methods/HttpUriRequest;)Lorg/apache/http/HttpResponse; from dxoptimizer/abl.a(Ljava/util/List;Ljava/util/List;)Z
I/block   ( 8480): com.dianxinos.optimizer.duplay ** BLOCKED org/apache/http/impl/client/DefaultHttpClient.execute(Lorg/apache/http/client/methods/HttpUriRequest;)Lorg/apache/http/HttpResponse; from dxoptimizer/abl.a(Ljava/util/List;Ljava/util/List;)Z
I/block   ( 8480): com.dianxinos.optimizer.duplay ** BLOCKED org/apache/http/impl/client/DefaultHttpClient.execute(Lorg/apache/http/client/methods/HttpUriRequest;)Lorg/apache/http/HttpResponse; from dxoptimizer/abl.a(Ljava/util/List;Ljava/util/List;)Z
I/block   ( 8480): com.dianxinos.optimizer.duplay ** BLOCKED org/apache/http/impl/client/DefaultHttpClient.execute(Lorg/apache/http/client/methods/HttpUriRequest;)Lorg/apache/http/HttpResponse; from dxoptimizer/abl.a(Ljava/util/List;Ljava/util/List;)Z
I/block   ( 9086): com.cleanmaster.mguard ** BLOCKED java/net/URL.openConnection()Ljava/net/URLConnection; from com/keniu/security/update/b/g.a(Ljava/lang/String;Ljava/lang/Object;)I
I/block   ( 9086): com.cleanmaster.mguard ** BLOCKED java/net/URL.openConnection()Ljava/net/URLConnection; from com/keniu/security/update/b/g.a(Ljava/lang/String;Ljava/lang/Object;)I
I/block   ( 9135): com.cleanmaster.mguard ** BLOCKED org/apache/http/client/HttpClient.execute(Lorg/apache/http/client/methods/HttpUriRequest;)Lorg/apache/http/HttpResponse; from com/cleanmaster/net/i.a(Lcom/cleanmaster/net/Request;Lcom/cleanmaster/net/m;)Lcom/cleanmaster/net/Response;
I/block   ( 9135): com.cleanmaster.mguard ** BLOCKED org/apache/http/client/HttpClient.execute(Lorg/apache/http/client/methods/HttpUriRequest;)Lorg/apache/http/HttpResponse; from com/cleanmaster/net/i.a(Lcom/cleanmaster/net/Request;Lcom/cleanmaster/net/m;)Lcom/cleanmaster/net/Response;
I/block   ( 9135): com.cleanmaster.mguard ** BLOCKED org/apache/http/client/HttpClient.execute(Lorg/apache/http/client/methods/HttpUriRequest;)Lorg/apache/http/HttpResponse; from com/cleanmaster/net/i.a(Lcom/cleanmaster/net/Request;Lcom/cleanmaster/net/m;)Lcom/cleanmaster/net/Response;
I/block   ( 9135): com.cleanmaster.mguard ** BLOCKED org/apache/http/client/HttpClient.execute(Lorg/apache/http/client/methods/HttpUriRequest;)Lorg/apache/http/HttpResponse; from com/cleanmaster/net/i.a(Lcom/cleanmaster/net/Request;Lcom/cleanmaster/net/m;)Lcom/cleanmaster/net/Response;
I/block   ( 8480): com.dianxinos.optimizer.duplay ** BLOCKED org/apache/http/impl/client/DefaultHttpClient.execute(Lorg/apache/http/client/methods/HttpUriRequest;)Lorg/apache/http/HttpResponse; from dxoptimizer/abl.a(Ljava/util/List;Ljava/util/List;)Z
I/block   ( 8480): com.dianxinos.optimizer.duplay ** BLOCKED org/apache/http/impl/client/DefaultHttpClient.execute(Lorg/apache/http/client/methods/HttpUriRequest;)Lorg/apache/http/HttpResponse; from dxoptimizer/abl.a(Ljava/util/List;Ljava/util/List;)Z
I/block   ( 8480): com.dianxinos.optimizer.duplay ** BLOCKED org/apache/http/impl/client/DefaultHttpClient.execute(Lorg/apache/http/client/methods/HttpUriRequest;)Lorg/apache/http/HttpResponse; from dxoptimizer/abl.a(Ljava/util/List;Ljava/util/List;)Z
I/block   ( 8480): com.dianxinos.optimizer.duplay ** BLOCKED org/apache/http/impl/client/DefaultHttpClient.execute(Lorg/apache/http/client/methods/HttpUriRequest;)Lorg/apache/http/HttpResponse; from dxoptimizer/abl.a(Ljava/util/List;Ljava/util/List;)Z
I/block   ( 8480): com.dianxinos.optimizer.duplay ** BLOCKED org/apache/http/impl/client/DefaultHttpClient.execute(Lorg/apache/http/client/methods/HttpUriRequest;)Lorg/apache/http/HttpResponse; from dxoptimizer/abl.a(Ljava/util/List;Ljava/util/List;)Z
I/block   ( 8480): com.dianxinos.optimizer.duplay ** BLOCKED org/apache/http/impl/client/DefaultHttpClient.execute(Lorg/apache/http/client/methods/HttpUriRequest;)Lorg/apache/http/HttpResponse; from dxoptimizer/abl.a(Ljava/util/List;Ljava/util/List;)Z
I/block   ( 9086): com.cleanmaster.mguard ** BLOCKED java/net/URL.openConnection()Ljava/net/URLConnection; from com/ijinshan/krcmd/util/c.a(Ljava/lang/String;II)Ljava/lang/String;
I/block   ( 9086): com.cleanmaster.mguard ** BLOCKED java/net/URL.openConnection()Ljava/net/URLConnection; from com/ijinshan/krcmd/util/c.a(Ljava/lang/String;II)Ljava/lang/String;
I/block   ( 9086): com.cleanmaster.mguard ** BLOCKED java/net/URL.openConnection()Ljava/net/URLConnection; from com/ijinshan/krcmd/util/c.a(Ljava/lang/String;II)Ljava/lang/String;
I/block   ( 9086): com.cleanmaster.mguard ** BLOCKED java/net/URL.openConnection()Ljava/net/URLConnection; from com/ijinshan/krcmd/util/c.a(Ljava/lang/String;II)Ljava/lang/String;
I/block   ( 9086): com.cleanmaster.mguard ** BLOCKED java/net/URL.openConnection()Ljava/net/URLConnection; from com/ijinshan/krcmd/util/c.a(Ljava/lang/String;II)Ljava/lang/String;
I/block   ( 9086): com.cleanmaster.mguard ** BLOCKED java/net/URL.openConnection()Ljava/net/URLConnection; from com/cleanmaster/cleancloud/core/base/ai.a([BI)Lcom/cleanmaster/cleancloud/core/base/aj;
I/block   ( 9086): com.cleanmaster.mguard ** BLOCKED java/net/URL.openConnection()Ljava/net/URLConnection; from com/cleanmaster/cleancloud/core/base/ai.a([BI)Lcom/cleanmaster/cleancloud/core/base/aj;
I/block   ( 9086): com.cleanmaster.mguard ** BLOCKED java/net/URL.openConnection()Ljava/net/URLConnection; from com/cleanmaster/cleancloud/core/base/ai.a([BI)Lcom/cleanmaster/cleancloud/core/base/aj;
I/block   ( 9086): com.cleanmaster.mguard ** BLOCKED java/net/URL.openConnection()Ljava/net/URLConnection; from com/cleanmaster/cleancloud/core/base/ai.a([BI)Lcom/cleanmaster/cleancloud/core/base/aj;
I/block   ( 8480): com.dianxinos.optimizer.duplay ** BLOCKED org/apache/http/impl/client/DefaultHttpClient.execute(Lorg/apache/http/client/methods/HttpUriRequest;)Lorg/apache/http/HttpResponse; from dxoptimizer/abl.a(Ljava/util/List;Ljava/util/List;)Z
I/block   ( 8480): com.dianxinos.optimizer.duplay ** BLOCKED org/apache/http/impl/client/DefaultHttpClient.execute(Lorg/apache/http/client/methods/HttpUriRequest;)Lorg/apache/http/HttpResponse; from dxoptimizer/abl.a(Ljava/util/List;Ljava/util/List;)Z
I/block   ( 8480): com.dianxinos.optimizer.duplay ** BLOCKED org/apache/http/impl/client/DefaultHttpClient.execute(Lorg/apache/http/client/methods/HttpUriRequest;)Lorg/apache/http/HttpResponse; from dxoptimizer/abl.a(Ljava/util/List;Ljava/util/List;)Z
I/block   ( 8480): com.dianxinos.optimizer.duplay ** BLOCKED org/apache/http/impl/client/DefaultHttpClient.execute(Lorg/apache/http/client/methods/HttpUriRequest;)Lorg/apache/http/HttpResponse; from dxoptimizer/abl.a(Ljava/util/List;Ljava/util/List;)Z
I/block   ( 8480): com.dianxinos.optimizer.duplay ** BLOCKED org/apache/http/impl/client/DefaultHttpClient.execute(Lorg/apache/http/client/methods/HttpUriRequest;)Lorg/apache/http/HttpResponse; from dxoptimizer/abl.a(Ljava/util/List;Ljava/util/List;)Z
I/block   ( 8480): com.dianxinos.optimizer.duplay ** BLOCKED org/apache/http/impl/client/DefaultHttpClient.execute(Lorg/apache/http/client/methods/HttpUriRequest;)Lorg/apache/http/HttpResponse; from dxoptimizer/abl.a(Ljava/util/List;Ljava/util/List;)Z
I/block   ( 8480): com.dianxinos.optimizer.duplay ** BLOCKED org/apache/http/impl/client/DefaultHttpClient.execute(Lorg/apache/http/client/methods/HttpUriRequest;)Lorg/apache/http/HttpResponse; from dxoptimizer/abl.a(Ljava/util/List;Ljava/util/List;)Z
I/block   ( 8480): com.dianxinos.optimizer.duplay ** BLOCKED org/apache/http/impl/client/DefaultHttpClient.execute(Lorg/apache/http/client/methods/HttpUriRequest;)Lorg/apache/http/HttpResponse; from dxoptimizer/abl.a(Ljava/util/List;Ljava/util/List;)Z
I/block   ( 8480): com.dianxinos.optimizer.duplay ** BLOCKED org/apache/http/impl/client/DefaultHttpClient.execute(Lorg/apache/http/client/methods/HttpUriRequest;)Lorg/apache/http/HttpResponse; from dxoptimizer/abl.a(Ljava/util/List;Ljava/util/List;)Z
I/block   ( 8480): com.dianxinos.optimizer.duplay ** BLOCKED org/apache/http/impl/client/DefaultHttpClient.execute(Lorg/apache/http/client/methods/HttpUriRequest;)Lorg/apache/http/HttpResponse; from dxoptimizer/abl.a(Ljava/util/List;Ljava/util/List;)Z
I/block   ( 8480): com.dianxinos.optimizer.duplay ** BLOCKED org/apache/http/impl/client/DefaultHttpClient.execute(Lorg/apache/http/client/methods/HttpUriRequest;)Lorg/apache/http/HttpResponse; from dxoptimizer/abl.a(Ljava/util/List;Ljava/util/List;)Z
I/block   ( 8480): com.dianxinos.optimizer.duplay ** BLOCKED org/apache/http/impl/client/DefaultHttpClient.execute(Lorg/apache/http/client/methods/HttpUriRequest;)Lorg/apache/http/HttpResponse; from dxoptimizer/abl.a(Ljava/util/List;Ljava/util/List;)Z
I/block   ( 8480): com.dianxinos.optimizer.duplay ** BLOCKED org/apache/http/impl/client/DefaultHttpClient.execute(Lorg/apache/http/client/methods/HttpUriRequest;)Lorg/apache/http/HttpResponse; from dxoptimizer/abl.a(Ljava/util/List;Ljava/util/List;)Z
I/block   ( 8480): com.dianxinos.optimizer.duplay ** BLOCKED org/apache/http/impl/client/DefaultHttpClient.execute(Lorg/apache/http/client/methods/HttpUriRequest;)Lorg/apache/http/HttpResponse; from dxoptimizer/abl.a(Ljava/util/List;Ljava/util/List;)Z
I/block   ( 8480): com.dianxinos.optimizer.duplay ** BLOCKED org/apache/http/impl/client/DefaultHttpClient.execute(Lorg/apache/http/client/methods/HttpUriRequest;)Lorg/apache/http/HttpResponse; from dxoptimizer/abl.a(Ljava/util/List;Ljava/util/List;)Z
I/block   ( 8480): com.dianxinos.optimizer.duplay ** BLOCKED org/apache/http/impl/client/DefaultHttpClient.execute(Lorg/apache/http/client/methods/HttpUriRequest;)Lorg/apache/http/HttpResponse; from dxoptimizer/abl.a(Ljava/util/List;Ljava/util/List;)Z
I/block   ( 8480): com.dianxinos.optimizer.duplay ** BLOCKED org/apache/http/impl/client/DefaultHttpClient.execute(Lorg/apache/http/client/methods/HttpUriRequest;)Lorg/apache/http/HttpResponse; from dxoptimizer/abl.a(Ljava/util/List;Ljava/util/List;)Z
I/block   ( 8480): com.dianxinos.optimizer.duplay ** BLOCKED org/apache/http/impl/client/DefaultHttpClient.execute(Lorg/apache/http/client/methods/HttpUriRequest;)Lorg/apache/http/HttpResponse; from dxoptimizer/abl.a(Ljava/util/List;Ljava/util/List;)Z
I/block   ( 8480): com.dianxinos.optimizer.duplay ** BLOCKED org/apache/http/impl/client/DefaultHttpClient.execute(Lorg/apache/http/client/methods/HttpUriRequest;)Lorg/apache/http/HttpResponse; from dxoptimizer/abl.a(Ljava/util/List;Ljava/util/List;)Z
I/block   ( 8480): com.dianxinos.optimizer.duplay ** BLOCKED org/apache/http/impl/client/DefaultHttpClient.execute(Lorg/apache/http/client/methods/HttpUriRequest;)Lorg/apache/http/HttpResponse; from dxoptimizer/abl.a(Ljava/util/List;Ljava/util/List;)Z
I/block   ( 8480): com.dianxinos.optimizer.duplay ** BLOCKED org/apache/http/impl/client/DefaultHttpClient.execute(Lorg/apache/http/client/methods/HttpUriRequest;)Lorg/apache/http/HttpResponse; from dxoptimizer/abl.a(Ljava/util/List;Ljava/util/List;)Z
I/block   ( 8480): com.dianxinos.optimizer.duplay ** BLOCKED org/apache/http/impl/client/DefaultHttpClient.execute(Lorg/apache/http/client/methods/HttpUriRequest;)Lorg/apache/http/HttpResponse; from dxoptimizer/abl.a(Ljava/util/List;Ljava/util/List;)Z
I/block   ( 8480): com.dianxinos.optimizer.duplay ** BLOCKED org/apache/http/impl/client/DefaultHttpClient.execute(Lorg/apache/http/client/methods/HttpUriRequest;)Lorg/apache/http/HttpResponse; from dxoptimizer/abl.a(Ljava/util/List;Ljava/util/List;)Z
I/block   ( 8480): com.dianxinos.optimizer.duplay ** BLOCKED org/apache/http/impl/client/DefaultHttpClient.execute(Lorg/apache/http/client/methods/HttpUriRequest;)Lorg/apache/http/HttpResponse; from dxoptimizer/abl.a(Ljava/util/List;Ljava/util/List;)Z
I/block   ( 9522): com.walmart.android ** BLOCKED org/apache/http/client/HttpClient.execute(Lorg/apache/http/client/methods/HttpUriRequest;)Lorg/apache/http/HttpResponse; from RLSDK/b$a.a([Ljava/util/ArrayList;)Ljava/lang/Void;
I/block   ( 9086): com.cleanmaster.mguard ** BLOCKED java/net/URL.openConnection()Ljava/net/URLConnection; from com/cleanmaster/kinfoc/base/i.b(Lcom/cleanmaster/kinfoc/k;Ljava/lang/String;Lcom/cleanmaster/kinfoc/f;)Z
I/block   ( 1789): com.cmcm.locker ** BLOCKED org/apache/http/client/HttpClient.execute(Lorg/apache/http/client/methods/HttpUriRequest;)Lorg/apache/http/HttpResponse; from com/cleanmaster/kinfoc/q.b(Lcom/cleanmaster/kinfoc/m;Ljava/lang/String;Lcom/cleanmaster/kinfoc/g;)Z
I/block   ( 9086): com.cleanmaster.mguard ** BLOCKED java/net/URL.openConnection()Ljava/net/URLConnection; from com/cleanmaster/kinfoc/base/i.b(Lcom/cleanmaster/kinfoc/k;Ljava/lang/String;Lcom/cleanmaster/kinfoc/f;)Z
I/block   ( 1789): com.cmcm.locker ** BLOCKED org/apache/http/client/HttpClient.execute(Lorg/apache/http/client/methods/HttpUriRequest;)Lorg/apache/http/HttpResponse; from com/cleanmaster/kinfoc/q.b(Lcom/cleanmaster/kinfoc/m;Ljava/lang/String;Lcom/cleanmaster/kinfoc/g;)Z
I/block   ( 9086): com.cleanmaster.mguard ** BLOCKED java/net/URL.openConnection()Ljava/net/URLConnection; from com/cleanmaster/kinfoc/base/i.b(Lcom/cleanmaster/kinfoc/k;Ljava/lang/String;Lcom/cleanmaster/kinfoc/f;)Z
I/block   ( 1789): com.cmcm.locker ** BLOCKED org/apache/http/client/HttpClient.execute(Lorg/apache/http/client/methods/HttpUriRequest;)Lorg/apache/http/HttpResponse; from com/cleanmaster/kinfoc/q.b(Lcom/cleanmaster/kinfoc/m;Ljava/lang/String;Lcom/cleanmaster/kinfoc/g;)Z
I/block   ( 9086): com.cleanmaster.mguard ** BLOCKED java/net/URL.openConnection()Ljava/net/URLConnection; from com/cleanmaster/kinfoc/base/i.b(Lcom/cleanmaster/kinfoc/k;Ljava/lang/String;Lcom/cleanmaster/kinfoc/f;)Z
I/block   ( 1789): com.cmcm.locker ** BLOCKED org/apache/http/client/HttpClient.execute(Lorg/apache/http/client/methods/HttpUriRequest;)Lorg/apache/http/HttpResponse; from com/cleanmaster/kinfoc/q.b(Lcom/cleanmaster/kinfoc/m;Ljava/lang/String;Lcom/cleanmaster/kinfoc/g;)Z
I/block   ( 7516): org.mozilla.firefox ** BLOCKED java/net/URL.openConnection()Ljava/net/URLConnection; from org/mozilla/gecko/SuggestClient.query(Ljava/lang/String;)Ljava/util/ArrayList;
I/block   ( 7516): org.mozilla.firefox ** BLOCKED java/net/URL.openConnection()Ljava/net/URLConnection; from org/mozilla/gecko/SuggestClient.query(Ljava/lang/String;)Ljava/util/ArrayList;
I/block   ( 9086): com.cleanmaster.mguard ** BLOCKED java/net/URL.openConnection()Ljava/net/URLConnection; from com/cleanmaster/kinfoc/base/i.b(Lcom/cleanmaster/kinfoc/k;Ljava/lang/String;Lcom/cleanmaster/kinfoc/f;)Z
I/block   ( 1789): com.cmcm.locker ** BLOCKED org/apache/http/client/HttpClient.execute(Lorg/apache/http/client/methods/HttpUriRequest;)Lorg/apache/http/HttpResponse; from com/cleanmaster/kinfoc/q.b(Lcom/cleanmaster/kinfoc/m;Ljava/lang/String;Lcom/cleanmaster/kinfoc/g;)Z
I/block   ( 7516): org.mozilla.firefox ** BLOCKED java/net/URL.openConnection()Ljava/net/URLConnection; from org/mozilla/gecko/SuggestClient.query(Ljava/lang/String;)Ljava/util/ArrayList;
I/block   ( 9086): com.cleanmaster.mguard ** BLOCKED java/net/URL.openConnection()Ljava/net/URLConnection; from com/cleanmaster/kinfoc/base/i.b(Lcom/cleanmaster/kinfoc/k;Ljava/lang/String;Lcom/cleanmaster/kinfoc/f;)Z
I/block   ( 7516): org.mozilla.firefox ** BLOCKED java/net/URL.openConnection()Ljava/net/URLConnection; from org/mozilla/gecko/SuggestClient.query(Ljava/lang/String;)Ljava/util/ArrayList;
I/block   ( 1789): com.cmcm.locker ** BLOCKED org/apache/http/client/HttpClient.execute(Lorg/apache/http/client/methods/HttpUriRequest;)Lorg/apache/http/HttpResponse; from com/cleanmaster/kinfoc/q.b(Lcom/cleanmaster/kinfoc/m;Ljava/lang/String;Lcom/cleanmaster/kinfoc/g;)Z
I/block   ( 7516): org.mozilla.firefox ** BLOCKED java/net/URL.openConnection()Ljava/net/URLConnection; from org/mozilla/gecko/SuggestClient.query(Ljava/lang/String;)Ljava/util/ArrayList;
I/block   ( 7516): org.mozilla.firefox ** BLOCKED java/net/URL.openConnection()Ljava/net/URLConnection; from org/mozilla/gecko/SuggestClient.query(Ljava/lang/String;)Ljava/util/ArrayList;
I/block   ( 7516): org.mozilla.firefox ** BLOCKED java/net/URL.openConnection()Ljava/net/URLConnection; from org/mozilla/gecko/SuggestClient.query(Ljava/lang/String;)Ljava/util/ArrayList;
I/block   ( 9086): com.cleanmaster.mguard ** BLOCKED java/net/URL.openConnection()Ljava/net/URLConnection; from com/cleanmaster/kinfoc/base/i.b(Lcom/cleanmaster/kinfoc/k;Ljava/lang/String;Lcom/cleanmaster/kinfoc/f;)Z
I/block   ( 1789): com.cmcm.locker ** BLOCKED org/apache/http/client/HttpClient.execute(Lorg/apache/http/client/methods/HttpUriRequest;)Lorg/apache/http/HttpResponse; from com/cleanmaster/kinfoc/q.b(Lcom/cleanmaster/kinfoc/m;Ljava/lang/String;Lcom/cleanmaster/kinfoc/g;)Z
I/block   ( 7516): org.mozilla.firefox ** BLOCKED java/net/URL.openConnection()Ljava/net/URLConnection; from org/mozilla/gecko/SuggestClient.query(Ljava/lang/String;)Ljava/util/ArrayList;
I/block   ( 9086): com.cleanmaster.mguard ** BLOCKED java/net/URL.openConnection()Ljava/net/URLConnection; from com/cleanmaster/kinfoc/base/i.b(Lcom/cleanmaster/kinfoc/k;Ljava/lang/String;Lcom/cleanmaster/kinfoc/f;)Z
I/block   ( 1789): com.cmcm.locker ** BLOCKED org/apache/http/client/HttpClient.execute(Lorg/apache/http/client/methods/HttpUriRequest;)Lorg/apache/http/HttpResponse; from com/cleanmaster/kinfoc/q.b(Lcom/cleanmaster/kinfoc/m;Ljava/lang/String;Lcom/cleanmaster/kinfoc/g;)Z
I/block   ( 7516): org.mozilla.firefox ** BLOCKED java/net/URL.openConnection()Ljava/net/URLConnection; from org/mozilla/gecko/SuggestClient.query(Ljava/lang/String;)Ljava/util/ArrayList;
I/block   ( 7516): org.mozilla.firefox ** BLOCKED java/net/URL.openConnection()Ljava/net/URLConnection; from org/mozilla/gecko/SuggestClient.query(Ljava/lang/String;)Ljava/util/ArrayList;
I/block   ( 7516): org.mozilla.firefox ** BLOCKED java/net/URL.openConnection()Ljava/net/URLConnection; from org/mozilla/gecko/SuggestClient.query(Ljava/lang/String;)Ljava/util/ArrayList;
I/block   ( 9086): com.cleanmaster.mguard ** BLOCKED java/net/URL.openConnection()Ljava/net/URLConnection; from com/cleanmaster/kinfoc/base/i.b(Lcom/cleanmaster/kinfoc/k;Ljava/lang/String;Lcom/cleanmaster/kinfoc/f;)Z
I/block   ( 1789): com.cmcm.locker ** BLOCKED org/apache/http/client/HttpClient.execute(Lorg/apache/http/client/methods/HttpUriRequest;)Lorg/apache/http/HttpResponse; from com/cleanmaster/kinfoc/q.b(Lcom/cleanmaster/kinfoc/m;Ljava/lang/String;Lcom/cleanmaster/kinfoc/g;)Z
I/block   ( 9086): com.cleanmaster.mguard ** BLOCKED java/net/URL.openConnection()Ljava/net/URLConnection; from com/cleanmaster/kinfoc/base/i.b(Lcom/cleanmaster/kinfoc/k;Ljava/lang/String;Lcom/cleanmaster/kinfoc/f;)Z
I/block   ( 9086): com.cleanmaster.mguard ** BLOCKED java/net/URL.openConnection()Ljava/net/URLConnection; from com/cleanmaster/kinfoc/base/i.b(Lcom/cleanmaster/kinfoc/k;Ljava/lang/String;Lcom/cleanmaster/kinfoc/f;)Z
I/block   ( 1789): com.cmcm.locker ** BLOCKED org/apache/http/client/HttpClient.execute(Lorg/apache/http/client/methods/HttpUriRequest;)Lorg/apache/http/HttpResponse; from com/cleanmaster/kinfoc/q.b(Lcom/cleanmaster/kinfoc/m;Ljava/lang/String;Lcom/cleanmaster/kinfoc/g;)Z
I/block   ( 9086): com.cleanmaster.mguard ** BLOCKED java/net/URL.openConnection()Ljava/net/URLConnection; from com/cleanmaster/kinfoc/base/i.b(Lcom/cleanmaster/kinfoc/k;Ljava/lang/String;Lcom/cleanmaster/kinfoc/f;)Z
I/block   ( 9086): com.cleanmaster.mguard ** BLOCKED java/net/URL.openConnection()Ljava/net/URLConnection; from com/cleanmaster/kinfoc/base/i.b(Lcom/cleanmaster/kinfoc/k;Ljava/lang/String;Lcom/cleanmaster/kinfoc/f;)Z
I/block   ( 1789): com.cmcm.locker ** BLOCKED org/apache/http/client/HttpClient.execute(Lorg/apache/http/client/methods/HttpUriRequest;)Lorg/apache/http/HttpResponse; from com/cleanmaster/kinfoc/q.b(Lcom/cleanmaster/kinfoc/m;Ljava/lang/String;Lcom/cleanmaster/kinfoc/g;)Z
I/block   ( 9086): com.cleanmaster.mguard ** BLOCKED java/net/URL.openConnection()Ljava/net/URLConnection; from com/cleanmaster/kinfoc/base/i.b(Lcom/cleanmaster/kinfoc/k;Ljava/lang/String;Lcom/cleanmaster/kinfoc/f;)Z
I/block   ( 9086): com.cleanmaster.mguard ** BLOCKED java/net/URL.openConnection()Ljava/net/URLConnection; from com/cleanmaster/kinfoc/base/i.b(Lcom/cleanmaster/kinfoc/k;Ljava/lang/String;Lcom/cleanmaster/kinfoc/f;)Z
I/block   ( 1789): com.cmcm.locker ** BLOCKED org/apache/http/client/HttpClient.execute(Lorg/apache/http/client/methods/HttpUriRequest;)Lorg/apache/http/HttpResponse; from com/cleanmaster/kinfoc/q.b(Lcom/cleanmaster/kinfoc/m;Ljava/lang/String;Lcom/cleanmaster/kinfoc/g;)Z
I/block   ( 9086): com.cleanmaster.mguard ** BLOCKED java/net/URL.openConnection()Ljava/net/URLConnection; from com/cleanmaster/kinfoc/base/i.b(Lcom/cleanmaster/kinfoc/k;Ljava/lang/String;Lcom/cleanmaster/kinfoc/f;)Z
I/block   ( 9086): com.cleanmaster.mguard ** BLOCKED java/net/URL.openConnection()Ljava/net/URLConnection; from com/cleanmaster/kinfoc/base/i.b(Lcom/cleanmaster/kinfoc/k;Ljava/lang/String;Lcom/cleanmaster/kinfoc/f;)Z
I/block   ( 1789): com.cmcm.locker ** BLOCKED org/apache/http/client/HttpClient.execute(Lorg/apache/http/client/methods/HttpUriRequest;)Lorg/apache/http/HttpResponse; from com/cleanmaster/kinfoc/q.b(Lcom/cleanmaster/kinfoc/m;Ljava/lang/String;Lcom/cleanmaster/kinfoc/g;)Z
I/block   ( 9773): com.dianxinos.optimizer.duplay ** BLOCKED org/apache/http/impl/client/DefaultHttpClient.execute(Lorg/apache/http/client/methods/HttpUriRequest;)Lorg/apache/http/HttpResponse; from dxoptimizer/abl.a(Ljava/util/List;Ljava/util/List;)Z
I/block   ( 9773): com.dianxinos.optimizer.duplay ** BLOCKED org/apache/http/impl/client/DefaultHttpClient.execute(Lorg/apache/http/client/methods/HttpUriRequest;)Lorg/apache/http/HttpResponse; from dxoptimizer/abl.a(Ljava/util/List;Ljava/util/List;)Z
I/block   ( 9773): com.dianxinos.optimizer.duplay ** BLOCKED org/apache/http/impl/client/DefaultHttpClient.execute(Lorg/apache/http/client/methods/HttpUriRequest;)Lorg/apache/http/HttpResponse; from dxoptimizer/abl.a(Ljava/util/List;Ljava/util/List;)Z
I/block   ( 9086): com.cleanmaster.mguard ** BLOCKED java/net/URL.openConnection()Ljava/net/URLConnection; from com/cleanmaster/kinfoc/base/i.b(Lcom/cleanmaster/kinfoc/k;Ljava/lang/String;Lcom/cleanmaster/kinfoc/f;)Z
I/block   ( 1789): com.cmcm.locker ** BLOCKED org/apache/http/client/HttpClient.execute(Lorg/apache/http/client/methods/HttpUriRequest;)Lorg/apache/http/HttpResponse; from com/cleanmaster/kinfoc/q.b(Lcom/cleanmaster/kinfoc/m;Ljava/lang/String;Lcom/cleanmaster/kinfoc/g;)Z
I/block   ( 1789): com.cmcm.locker ** BLOCKED org/apache/http/client/HttpClient.execute(Lorg/apache/http/client/methods/HttpUriRequest;)Lorg/apache/http/HttpResponse; from com/cleanmaster/kinfoc/q.b(Lcom/cleanmaster/kinfoc/m;Ljava/lang/String;Lcom/cleanmaster/kinfoc/g;)Z
I/block   ( 9864): com.dianxinos.dxbs ** BLOCKED org/apache/http/impl/client/DefaultHttpClient.execute(Lorg/apache/http/client/methods/HttpUriRequest;)Lorg/apache/http/HttpResponse; from vs.a(Ljava/util/List;Ljava/util/List;)Z
I/block   ( 7516): org.mozilla.firefox ** BLOCKED android/net/http/AndroidHttpClient.execute(Lorg/apache/http/client/methods/HttpUriRequest;)Lorg/apache/http/HttpResponse; from org/mozilla/gecko/favicons/LoadFaviconTask.tryDownloadRecurse(Ljava/net/URI;Ljava/util/HashSet;)Lorg/apache/http/HttpResponse;
I/block   ( 7516): org.mozilla.firefox ** BLOCKED android/net/http/AndroidHttpClient.execute(Lorg/apache/http/client/methods/HttpUriRequest;)Lorg/apache/http/HttpResponse; from org/mozilla/gecko/favicons/LoadFaviconTask.tryDownloadRecurse(Ljava/net/URI;Ljava/util/HashSet;)Lorg/apache/http/HttpResponse;
I/block   ( 9926): com.dianxinos.optimizer.duplay ** BLOCKED org/apache/http/impl/client/DefaultHttpClient.execute(Lorg/apache/http/client/methods/HttpUriRequest;)Lorg/apache/http/HttpResponse; from dxoptimizer/abl.a(Ljava/util/List;Ljava/util/List;)Z
I/block   ( 9926): com.dianxinos.optimizer.duplay ** BLOCKED org/apache/http/impl/client/DefaultHttpClient.execute(Lorg/apache/http/client/methods/HttpUriRequest;)Lorg/apache/http/HttpResponse; from dxoptimizer/abl.a(Ljava/util/List;Ljava/util/List;)Z
I/block   ( 9926): com.dianxinos.optimizer.duplay ** BLOCKED org/apache/http/impl/client/DefaultHttpClient.execute(Lorg/apache/http/client/methods/HttpUriRequest;)Lorg/apache/http/HttpResponse; from dxoptimizer/abl.a(Ljava/util/List;Ljava/util/List;)Z
I/block   ( 1789): com.cmcm.locker ** BLOCKED org/apache/http/client/HttpClient.execute(Lorg/apache/http/client/methods/HttpUriRequest;)Lorg/apache/http/HttpResponse; from com/cleanmaster/kinfoc/q.b(Lcom/cleanmaster/kinfoc/m;Ljava/lang/String;Lcom/cleanmaster/kinfoc/g;)Z
I/block   (10084): com.dianxinos.dxbs ** BLOCKED org/apache/http/impl/client/DefaultHttpClient.execute(Lorg/apache/http/client/methods/HttpUriRequest;)Lorg/apache/http/HttpResponse; from vs.a(Ljava/util/List;Ljava/util/List;)Z
I/block   (10265): com.dianxinos.dxbs ** BLOCKED org/apache/http/impl/client/DefaultHttpClient.execute(Lorg/apache/http/client/methods/HttpUriRequest;)Lorg/apache/http/HttpResponse; from vs.a(Ljava/util/List;Ljava/util/List;)Z
I/block   ( 3090): com.cleanmaster.security ** BLOCKED java/net/URL.openConnection()Ljava/net/URLConnection; from com/ijinshan/krcmd/util/c.a(Ljava/lang/String;II)Ljava/lang/String;
I/block   ( 3090): com.cleanmaster.security ** BLOCKED java/net/URL.openConnection()Ljava/net/URLConnection; from com/ijinshan/krcmd/util/c.a(Ljava/lang/String;II)Ljava/lang/String;
I/block   ( 3090): com.cleanmaster.security ** BLOCKED java/net/URL.openConnection()Ljava/net/URLConnection; from com/ijinshan/krcmd/util/c.a(Ljava/lang/String;II)Ljava/lang/String;
I/block   ( 3090): com.cleanmaster.security ** BLOCKED java/net/URL.openConnection()Ljava/net/URLConnection; from com/ijinshan/krcmd/util/c.a(Ljava/lang/String;II)Ljava/lang/String;
I/block   ( 3090): com.cleanmaster.security ** BLOCKED java/net/URL.openConnection()Ljava/net/URLConnection; from com/ijinshan/krcmd/util/c.a(Ljava/lang/String;II)Ljava/lang/String;
I/block   ( 3090): com.cleanmaster.security ** BLOCKED java/net/URL.openConnection()Ljava/net/URLConnection; from com/ijinshan/krcmd/util/c.a(Ljava/lang/String;II)Ljava/lang/String;
I/block   ( 3090): com.cleanmaster.security ** BLOCKED java/net/URL.openConnection()Ljava/net/URLConnection; from com/ijinshan/krcmd/util/c.a(Ljava/lang/String;II)Ljava/lang/String;
I/block   ( 3090): com.cleanmaster.security ** BLOCKED java/net/URL.openConnection()Ljava/net/URLConnection; from com/ijinshan/krcmd/util/c.a(Ljava/lang/String;II)Ljava/lang/String;
I/block   ( 3090): com.cleanmaster.security ** BLOCKED java/net/URL.openConnection()Ljava/net/URLConnection; from com/ijinshan/krcmd/util/c.a(Ljava/lang/String;II)Ljava/lang/String;
I/block   ( 3090): com.cleanmaster.security ** BLOCKED java/net/URL.openConnection()Ljava/net/URLConnection; from com/ijinshan/krcmd/util/c.a(Ljava/lang/String;II)Ljava/lang/String;
I/block   ( 3090): com.cleanmaster.security ** BLOCKED java/net/URL.openConnection()Ljava/net/URLConnection; from com/ijinshan/krcmd/util/c.a(Ljava/lang/String;II)Ljava/lang/String;
I/block   ( 3090): com.cleanmaster.security ** BLOCKED java/net/URL.openConnection()Ljava/net/URLConnection; from com/ijinshan/krcmd/util/c.a(Ljava/lang/String;II)Ljava/lang/String;
I/block   ( 3090): com.cleanmaster.security ** BLOCKED java/net/URL.openConnection()Ljava/net/URLConnection; from com/ijinshan/krcmd/util/c.a(Ljava/lang/String;II)Ljava/lang/String;
I/block   ( 3090): com.cleanmaster.security ** BLOCKED java/net/URL.openConnection()Ljava/net/URLConnection; from com/ijinshan/krcmd/util/c.a(Ljava/lang/String;II)Ljava/lang/String;
I/block   ( 3090): com.cleanmaster.security ** BLOCKED java/net/URL.openConnection()Ljava/net/URLConnection; from com/ijinshan/krcmd/util/c.a(Ljava/lang/String;II)Ljava/lang/String;
I/block   ( 3090): com.cleanmaster.security ** BLOCKED java/net/URL.openConnection()Ljava/net/URLConnection; from com/ijinshan/krcmd/util/c.a(Ljava/lang/String;II)Ljava/lang/String;
I/block   ( 3090): com.cleanmaster.security ** BLOCKED java/net/URL.openConnection()Ljava/net/URLConnection; from com/ijinshan/krcmd/util/c.a(Ljava/lang/String;II)Ljava/lang/String;
I/block   ( 3090): com.cleanmaster.security ** BLOCKED java/net/URL.openConnection()Ljava/net/URLConnection; from com/ijinshan/krcmd/util/c.a(Ljava/lang/String;II)Ljava/lang/String;
I/block   ( 3090): com.cleanmaster.security ** BLOCKED java/net/URL.openConnection()Ljava/net/URLConnection; from com/ijinshan/krcmd/util/c.a(Ljava/lang/String;II)Ljava/lang/String;
I/block   ( 3090): com.cleanmaster.security ** BLOCKED java/net/URL.openConnection()Ljava/net/URLConnection; from com/ijinshan/krcmd/util/c.a(Ljava/lang/String;II)Ljava/lang/String;
I/block   ( 5727): com.ijinshan.kbatterydoctor_en ** BLOCKED java/net/URL.openConnection()Ljava/net/URLConnection; from biv.a(Ljava/lang/String;II)Ljava/lang/String;
I/block   ( 5727): com.ijinshan.kbatterydoctor_en ** BLOCKED java/net/URL.openConnection()Ljava/net/URLConnection; from biv.a(Ljava/lang/String;II)Ljava/lang/String;
I/block   ( 5727): com.ijinshan.kbatterydoctor_en ** BLOCKED java/net/URL.openConnection()Ljava/net/URLConnection; from bda.a(Ljava/lang/String;IILjava/util/HashMap;Ljava/lang/String;)Ljava/lang/String;
I/block   ( 5727): com.ijinshan.kbatterydoctor_en ** BLOCKED java/net/URL.openConnection()Ljava/net/URLConnection; from bda.a(Ljava/lang/String;IILjava/util/HashMap;Ljava/lang/String;)Ljava/lang/String;
I/block   ( 5727): com.ijinshan.kbatterydoctor_en ** BLOCKED java/net/URL.openConnection()Ljava/net/URLConnection; from biv.a(Ljava/lang/String;II)Ljava/lang/String;
I/block   ( 5727): com.ijinshan.kbatterydoctor_en ** BLOCKED java/net/URL.openConnection()Ljava/net/URLConnection; from bda.a(Ljava/lang/String;IILjava/util/HashMap;Ljava/lang/String;)Ljava/lang/String;
I/block   ( 5727): com.ijinshan.kbatterydoctor_en ** BLOCKED java/net/URL.openConnection()Ljava/net/URLConnection; from biv.a(Ljava/lang/String;II)Ljava/lang/String;
I/block   ( 5727): com.ijinshan.kbatterydoctor_en ** BLOCKED java/net/URL.openConnection()Ljava/net/URLConnection; from biv.a(Ljava/lang/String;II)Ljava/lang/String;
I/block   ( 5727): com.ijinshan.kbatterydoctor_en ** BLOCKED java/net/URL.openConnection()Ljava/net/URLConnection; from biv.a(Ljava/lang/String;II)Ljava/lang/String;
I/block   ( 5727): com.ijinshan.kbatterydoctor_en ** BLOCKED java/net/URL.openConnection()Ljava/net/URLConnection; from biv.a(Ljava/lang/String;II)Ljava/lang/String;
I/block   ( 5727): com.ijinshan.kbatterydoctor_en ** BLOCKED java/net/URL.openConnection()Ljava/net/URLConnection; from biv.a(Ljava/lang/String;II)Ljava/lang/String;
I/block   ( 5727): com.ijinshan.kbatterydoctor_en ** BLOCKED java/net/URL.openConnection()Ljava/net/URLConnection; from biv.a(Ljava/lang/String;II)Ljava/lang/String;
I/block   ( 5727): com.ijinshan.kbatterydoctor_en ** BLOCKED java/net/URL.openConnection()Ljava/net/URLConnection; from biv.a(Ljava/lang/String;II)Ljava/lang/String;
I/block   ( 5727): com.ijinshan.kbatterydoctor_en ** BLOCKED java/net/URL.openConnection()Ljava/net/URLConnection; from bda.a(Ljava/lang/String;IILjava/util/HashMap;Ljava/lang/String;)Ljava/lang/String;
I/block   ( 5727): com.ijinshan.kbatterydoctor_en ** BLOCKED java/net/URL.openConnection()Ljava/net/URLConnection; from bda.a(Ljava/lang/String;IILjava/util/HashMap;Ljava/lang/String;)Ljava/lang/String;
I/block   ( 5727): com.ijinshan.kbatterydoctor_en ** BLOCKED java/net/URL.openConnection()Ljava/net/URLConnection; from bda.a(Ljava/lang/String;IILjava/util/HashMap;Ljava/lang/String;)Ljava/lang/String;
I/block   ( 5727): com.ijinshan.kbatterydoctor_en ** BLOCKED java/net/URL.openConnection()Ljava/net/URLConnection; from biv.a(Ljava/lang/String;II)Ljava/lang/String;
I/block   ( 5727): com.ijinshan.kbatterydoctor_en ** BLOCKED java/net/URL.openConnection()Ljava/net/URLConnection; from biv.a(Ljava/lang/String;II)Ljava/lang/String;
I/block   ( 5727): com.ijinshan.kbatterydoctor_en ** BLOCKED java/net/URL.openConnection()Ljava/net/URLConnection; from biv.a(Ljava/lang/String;II)Ljava/lang/String;
I/block   ( 5727): com.ijinshan.kbatterydoctor_en ** BLOCKED java/net/URL.openConnection()Ljava/net/URLConnection; from biv.a(Ljava/lang/String;II)Ljava/lang/String;
I/block   ( 5727): com.ijinshan.kbatterydoctor_en ** BLOCKED java/net/URL.openConnection()Ljava/net/URLConnection; from biv.a(Ljava/lang/String;II)Ljava/lang/String;
I/block   ( 5727): com.ijinshan.kbatterydoctor_en ** BLOCKED java/net/URL.openConnection()Ljava/net/URLConnection; from biv.a(Ljava/lang/String;II)Ljava/lang/String;
I/block   ( 5727): com.ijinshan.kbatterydoctor_en ** BLOCKED java/net/URL.openConnection()Ljava/net/URLConnection; from biv.a(Ljava/lang/String;II)Ljava/lang/String;
I/block   ( 5727): com.ijinshan.kbatterydoctor_en ** BLOCKED java/net/URL.openConnection()Ljava/net/URLConnection; from biv.a(Ljava/lang/String;II)Ljava/lang/String;
I/block   ( 5727): com.ijinshan.kbatterydoctor_en ** BLOCKED java/net/URL.openConnection()Ljava/net/URLConnection; from biv.a(Ljava/lang/String;II)Ljava/lang/String;
I/block   ( 5727): com.ijinshan.kbatterydoctor_en ** BLOCKED java/net/URL.openConnection()Ljava/net/URLConnection; from biv.a(Ljava/lang/String;II)Ljava/lang/String;
I/block   (10424): com.antivirus ** BLOCKED java/net/URL.openConnection()Ljava/net/URLConnection; from com/avg/toolkit/b/j.a(Landroid/content/Context;Lorg/json/JSONObject;Lorg/json/JSONArray;Lorg/json/JSONObject;Ljava/lang/String;)I
I/block   (10344): com.dianxinos.optimizer.duplay ** BLOCKED org/apache/http/impl/client/DefaultHttpClient.execute(Lorg/apache/http/client/methods/HttpUriRequest;)Lorg/apache/http/HttpResponse; from dxoptimizer/abl.a(Ljava/util/List;Ljava/util/List;)Z
I/block   (10344): com.dianxinos.optimizer.duplay ** BLOCKED org/apache/http/impl/client/DefaultHttpClient.execute(Lorg/apache/http/client/methods/HttpUriRequest;)Lorg/apache/http/HttpResponse; from dxoptimizer/abl.a(Ljava/util/List;Ljava/util/List;)Z
I/block   (10344): com.dianxinos.optimizer.duplay ** BLOCKED org/apache/http/impl/client/DefaultHttpClient.execute(Lorg/apache/http/client/methods/HttpUriRequest;)Lorg/apache/http/HttpResponse; from dxoptimizer/abl.a(Ljava/util/List;Ljava/util/List;)Z
I/block   (10743): com.cleanmaster.mguard ** BLOCKED java/net/URL.openConnection()Ljava/net/URLConnection; from com/ijinshan/krcmd/util/c.a(Ljava/lang/String;II)Ljava/lang/String;
I/block   (10743): com.cleanmaster.mguard ** BLOCKED java/net/URL.openConnection()Ljava/net/URLConnection; from com/ijinshan/krcmd/util/c.a(Ljava/lang/String;II)Ljava/lang/String;
I/block   (10743): com.cleanmaster.mguard ** BLOCKED java/net/URL.openConnection()Ljava/net/URLConnection; from com/ijinshan/krcmd/util/c.a(Ljava/lang/String;II)Ljava/lang/String;
I/block   (10743): com.cleanmaster.mguard ** BLOCKED java/net/URL.openConnection()Ljava/net/URLConnection; from com/ijinshan/krcmd/util/c.a(Ljava/lang/String;II)Ljava/lang/String;
I/block   (10743): com.cleanmaster.mguard ** BLOCKED java/net/URL.openConnection()Ljava/net/URLConnection; from com/ijinshan/krcmd/util/c.a(Ljava/lang/String;II)Ljava/lang/String;
I/block   (10743): com.cleanmaster.mguard ** BLOCKED java/net/URL.openConnection()Ljava/net/URLConnection; from com/keniu/security/update/b/g.a(Ljava/lang/String;Ljava/lang/Object;)I
I/block   (10743): com.cleanmaster.mguard ** BLOCKED java/net/URL.openConnection()Ljava/net/URLConnection; from com/keniu/security/update/b/g.a(Ljava/lang/String;Ljava/lang/Object;)I
I/block   (10768): com.cleanmaster.mguard ** BLOCKED org/apache/http/client/HttpClient.execute(Lorg/apache/http/client/methods/HttpUriRequest;)Lorg/apache/http/HttpResponse; from com/cleanmaster/net/i.a(Lcom/cleanmaster/net/Request;Lcom/cleanmaster/net/m;)Lcom/cleanmaster/net/Response;
I/block   (10768): com.cleanmaster.mguard ** BLOCKED org/apache/http/client/HttpClient.execute(Lorg/apache/http/client/methods/HttpUriRequest;)Lorg/apache/http/HttpResponse; from com/cleanmaster/net/i.a(Lcom/cleanmaster/net/Request;Lcom/cleanmaster/net/m;)Lcom/cleanmaster/net/Response;
I/block   (10768): com.cleanmaster.mguard ** BLOCKED org/apache/http/client/HttpClient.execute(Lorg/apache/http/client/methods/HttpUriRequest;)Lorg/apache/http/HttpResponse; from com/cleanmaster/net/i.a(Lcom/cleanmaster/net/Request;Lcom/cleanmaster/net/m;)Lcom/cleanmaster/net/Response;
I/block   (10768): com.cleanmaster.mguard ** BLOCKED org/apache/http/client/HttpClient.execute(Lorg/apache/http/client/methods/HttpUriRequest;)Lorg/apache/http/HttpResponse; from com/cleanmaster/net/i.a(Lcom/cleanmaster/net/Request;Lcom/cleanmaster/net/m;)Lcom/cleanmaster/net/Response;
I/block   (10785): com.dianxinos.dxbs ** BLOCKED org/apache/http/impl/client/DefaultHttpClient.execute(Lorg/apache/http/client/methods/HttpUriRequest;)Lorg/apache/http/HttpResponse; from vs.a(Ljava/util/List;Ljava/util/List;)Z
I/block   (10963): com.domobile.applock ** BLOCKED org/apache/http/impl/client/DefaultHttpClient.execute(Lorg/apache/http/client/methods/HttpUriRequest;)Lorg/apache/http/HttpResponse; from com/domobile/frame/a/b.a(Lcom/domobile/frame/a/c;)Ljava/lang/String;
I/block   (11086): com.lazyswipe ** BLOCKED java/net/URL.openConnection()Ljava/net/URLConnection; from com/lazyswipe/d/h.a(Landroid/content/Context;Ljava/net/URL;)Ljava/net/URLConnection;
I/block   (11086): com.lazyswipe ** BLOCKED java/net/URL.openConnection()Ljava/net/URLConnection; from com/lazyswipe/d/h.a(Landroid/content/Context;Ljava/net/URL;)Ljava/net/URLConnection;
I/block   (10903): com.dianxinos.optimizer.duplay ** BLOCKED org/apache/http/impl/client/DefaultHttpClient.execute(Lorg/apache/http/client/methods/HttpUriRequest;)Lorg/apache/http/HttpResponse; from dxoptimizer/abl.a(Ljava/util/List;Ljava/util/List;)Z
I/block   (10903): com.dianxinos.optimizer.duplay ** BLOCKED org/apache/http/impl/client/DefaultHttpClient.execute(Lorg/apache/http/client/methods/HttpUriRequest;)Lorg/apache/http/HttpResponse; from dxoptimizer/abl.a(Ljava/util/List;Ljava/util/List;)Z
I/block   (10903): com.dianxinos.optimizer.duplay ** BLOCKED org/apache/http/impl/client/DefaultHttpClient.execute(Lorg/apache/http/client/methods/HttpUriRequest;)Lorg/apache/http/HttpResponse; from dxoptimizer/abl.a(Ljava/util/List;Ljava/util/List;)Z
I/block   (11164): com.cleanmaster.mguard ** BLOCKED java/net/URL.openConnection()Ljava/net/URLConnection; from com/keniu/security/update/b/g.a(Ljava/lang/String;Ljava/lang/Object;)I
I/block   (11164): com.cleanmaster.mguard ** BLOCKED java/net/URL.openConnection()Ljava/net/URLConnection; from com/keniu/security/update/b/g.a(Ljava/lang/String;Ljava/lang/Object;)I
I/block   (11296): com.cleanmaster.mguard ** BLOCKED org/apache/http/client/HttpClient.execute(Lorg/apache/http/client/methods/HttpUriRequest;)Lorg/apache/http/HttpResponse; from com/cleanmaster/net/i.a(Lcom/cleanmaster/net/Request;Lcom/cleanmaster/net/m;)Lcom/cleanmaster/net/Response;
I/block   (11383): com.cleanmaster.mguard ** BLOCKED java/net/URL.openConnection()Ljava/net/URLConnection; from com/keniu/security/update/b/g.a(Ljava/lang/String;Ljava/lang/Object;)I
I/block   (11383): com.cleanmaster.mguard ** BLOCKED java/net/URL.openConnection()Ljava/net/URLConnection; from com/keniu/security/update/b/g.a(Ljava/lang/String;Ljava/lang/Object;)I
I/block   (11296): com.cleanmaster.mguard ** BLOCKED org/apache/http/client/HttpClient.execute(Lorg/apache/http/client/methods/HttpUriRequest;)Lorg/apache/http/HttpResponse; from com/cleanmaster/net/i.a(Lcom/cleanmaster/net/Request;Lcom/cleanmaster/net/m;)Lcom/cleanmaster/net/Response;
I/block   (11296): com.cleanmaster.mguard ** BLOCKED org/apache/http/client/HttpClient.execute(Lorg/apache/http/client/methods/HttpUriRequest;)Lorg/apache/http/HttpResponse; from com/cleanmaster/net/i.a(Lcom/cleanmaster/net/Request;Lcom/cleanmaster/net/m;)Lcom/cleanmaster/net/Response;
I/block   (11296): com.cleanmaster.mguard ** BLOCKED org/apache/http/client/HttpClient.execute(Lorg/apache/http/client/methods/HttpUriRequest;)Lorg/apache/http/HttpResponse; from com/cleanmaster/net/i.a(Lcom/cleanmaster/net/Request;Lcom/cleanmaster/net/m;)Lcom/cleanmaster/net/Response;
I/block   (11296): com.cleanmaster.mguard ** BLOCKED org/apache/http/client/HttpClient.execute(Lorg/apache/http/client/methods/HttpUriRequest;)Lorg/apache/http/HttpResponse; from com/cleanmaster/net/i.a(Lcom/cleanmaster/net/Request;Lcom/cleanmaster/net/m;)Lcom/cleanmaster/net/Response;
I/block   ( 1789): com.cmcm.locker ** BLOCKED org/apache/http/client/HttpClient.execute(Lorg/apache/http/client/methods/HttpUriRequest;)Lorg/apache/http/HttpResponse; from com/cleanmaster/kinfoc/q.b(Lcom/cleanmaster/kinfoc/m;Ljava/lang/String;Lcom/cleanmaster/kinfoc/g;)Z
I/block   ( 1789): com.cmcm.locker ** BLOCKED org/apache/http/client/HttpClient.execute(Lorg/apache/http/client/methods/HttpUriRequest;)Lorg/apache/http/HttpResponse; from com/cleanmaster/kinfoc/q.b(Lcom/cleanmaster/kinfoc/m;Ljava/lang/String;Lcom/cleanmaster/kinfoc/g;)Z
I/block   (11511): com.antivirus ** BLOCKED java/net/URL.openConnection()Ljava/net/URLConnection; from com/avg/toolkit/b/j.a(Landroid/content/Context;Lorg/json/JSONObject;Lorg/json/JSONArray;Lorg/json/JSONObject;Ljava/lang/String;)I
I/block   ( 7516): org.mozilla.firefox ** BLOCKED android/net/http/AndroidHttpClient.execute(Lorg/apache/http/client/methods/HttpUriRequest;)Lorg/apache/http/HttpResponse; from org/mozilla/gecko/favicons/LoadFaviconTask.tryDownloadRecurse(Ljava/net/URI;Ljava/util/HashSet;)Lorg/apache/http/HttpResponse;
I/block   ( 7516): org.mozilla.firefox ** BLOCKED android/net/http/AndroidHttpClient.execute(Lorg/apache/http/client/methods/HttpUriRequest;)Lorg/apache/http/HttpResponse; from org/mozilla/gecko/favicons/LoadFaviconTask.tryDownloadRecurse(Ljava/net/URI;Ljava/util/HashSet;)Lorg/apache/http/HttpResponse;
I/block   ( 1789): com.cmcm.locker ** BLOCKED org/apache/http/client/HttpClient.execute(Lorg/apache/http/client/methods/HttpUriRequest;)Lorg/apache/http/HttpResponse; from com/cleanmaster/kinfoc/q.b(Lcom/cleanmaster/kinfoc/m;Ljava/lang/String;Lcom/cleanmaster/kinfoc/g;)Z
I/block   (11370): com.dianxinos.optimizer.duplay ** BLOCKED org/apache/http/impl/client/DefaultHttpClient.execute(Lorg/apache/http/client/methods/HttpUriRequest;)Lorg/apache/http/HttpResponse; from dxoptimizer/abl.a(Ljava/util/List;Ljava/util/List;)Z
I/block   ( 1789): com.cmcm.locker ** BLOCKED org/apache/http/client/HttpClient.execute(Lorg/apache/http/client/methods/HttpUriRequest;)Lorg/apache/http/HttpResponse; from com/cleanmaster/kinfoc/q.b(Lcom/cleanmaster/kinfoc/m;Ljava/lang/String;Lcom/cleanmaster/kinfoc/g;)Z
I/block   (11370): com.dianxinos.optimizer.duplay ** BLOCKED org/apache/http/impl/client/DefaultHttpClient.execute(Lorg/apache/http/client/methods/HttpUriRequest;)Lorg/apache/http/HttpResponse; from dxoptimizer/abl.a(Ljava/util/List;Ljava/util/List;)Z
I/block   (11370): com.dianxinos.optimizer.duplay ** BLOCKED org/apache/http/impl/client/DefaultHttpClient.execute(Lorg/apache/http/client/methods/HttpUriRequest;)Lorg/apache/http/HttpResponse; from dxoptimizer/abl.a(Ljava/util/List;Ljava/util/List;)Z
I/block   (11383): com.cleanmaster.mguard ** BLOCKED java/net/URL.openConnection()Ljava/net/URLConnection; from com/ijinshan/krcmd/util/c.a(Ljava/lang/String;II)Ljava/lang/String;
I/block   (11383): com.cleanmaster.mguard ** BLOCKED java/net/URL.openConnection()Ljava/net/URLConnection; from com/ijinshan/krcmd/util/c.a(Ljava/lang/String;II)Ljava/lang/String;
I/block   (11383): com.cleanmaster.mguard ** BLOCKED java/net/URL.openConnection()Ljava/net/URLConnection; from com/ijinshan/krcmd/util/c.a(Ljava/lang/String;II)Ljava/lang/String;
I/block   (11383): com.cleanmaster.mguard ** BLOCKED java/net/URL.openConnection()Ljava/net/URLConnection; from com/ijinshan/krcmd/util/c.a(Ljava/lang/String;II)Ljava/lang/String;
I/block   (11383): com.cleanmaster.mguard ** BLOCKED java/net/URL.openConnection()Ljava/net/URLConnection; from com/ijinshan/krcmd/util/c.a(Ljava/lang/String;II)Ljava/lang/String;
I/block   ( 1789): com.cmcm.locker ** BLOCKED org/apache/http/client/HttpClient.execute(Lorg/apache/http/client/methods/HttpUriRequest;)Lorg/apache/http/HttpResponse; from com/cleanmaster/kinfoc/q.b(Lcom/cleanmaster/kinfoc/m;Ljava/lang/String;Lcom/cleanmaster/kinfoc/g;)Z
I/block   (11383): com.cleanmaster.mguard ** BLOCKED java/net/URL.openConnection()Ljava/net/URLConnection; from com/cleanmaster/cleancloud/core/base/ai.a([BI)Lcom/cleanmaster/cleancloud/core/base/aj;
I/block   (11383): com.cleanmaster.mguard ** BLOCKED java/net/URL.openConnection()Ljava/net/URLConnection; from com/cleanmaster/cleancloud/core/base/ai.a([BI)Lcom/cleanmaster/cleancloud/core/base/aj;
I/block   (11383): com.cleanmaster.mguard ** BLOCKED java/net/URL.openConnection()Ljava/net/URLConnection; from com/cleanmaster/cleancloud/core/base/ai.a([BI)Lcom/cleanmaster/cleancloud/core/base/aj;
I/block   (11383): com.cleanmaster.mguard ** BLOCKED java/net/URL.openConnection()Ljava/net/URLConnection; from com/cleanmaster/cleancloud/core/base/ai.a([BI)Lcom/cleanmaster/cleancloud/core/base/aj;
I/block   ( 1789): com.cmcm.locker ** BLOCKED org/apache/http/client/HttpClient.execute(Lorg/apache/http/client/methods/HttpUriRequest;)Lorg/apache/http/HttpResponse; from com/cleanmaster/kinfoc/q.b(Lcom/cleanmaster/kinfoc/m;Ljava/lang/String;Lcom/cleanmaster/kinfoc/g;)Z
I/block   (11383): com.cleanmaster.mguard ** BLOCKED java/net/URL.openConnection()Ljava/net/URLConnection; from com/ijinshan/krcmd/util/c.a(Ljava/lang/String;II)Ljava/lang/String;
I/block   (11383): com.cleanmaster.mguard ** BLOCKED java/net/URL.openConnection()Ljava/net/URLConnection; from com/ijinshan/krcmd/util/c.a(Ljava/lang/String;II)Ljava/lang/String;
I/block   (11383): com.cleanmaster.mguard ** BLOCKED java/net/URL.openConnection()Ljava/net/URLConnection; from com/ijinshan/krcmd/util/c.a(Ljava/lang/String;II)Ljava/lang/String;
I/block   (11383): com.cleanmaster.mguard ** BLOCKED java/net/URL.openConnection()Ljava/net/URLConnection; from com/ijinshan/krcmd/util/c.a(Ljava/lang/String;II)Ljava/lang/String;
I/block   (11383): com.cleanmaster.mguard ** BLOCKED java/net/URL.openConnection()Ljava/net/URLConnection; from com/ijinshan/krcmd/util/c.a(Ljava/lang/String;II)Ljava/lang/String;
I/block   ( 1789): com.cmcm.locker ** BLOCKED org/apache/http/client/HttpClient.execute(Lorg/apache/http/client/methods/HttpUriRequest;)Lorg/apache/http/HttpResponse; from com/cleanmaster/kinfoc/q.b(Lcom/cleanmaster/kinfoc/m;Ljava/lang/String;Lcom/cleanmaster/kinfoc/g;)Z
I/block   ( 1789): com.cmcm.locker ** BLOCKED org/apache/http/client/HttpClient.execute(Lorg/apache/http/client/methods/HttpUriRequest;)Lorg/apache/http/HttpResponse; from com/cleanmaster/kinfoc/q.b(Lcom/cleanmaster/kinfoc/m;Ljava/lang/String;Lcom/cleanmaster/kinfoc/g;)Z
I/block   (11866): com.dianxinos.dxbs ** BLOCKED org/apache/http/impl/client/DefaultHttpClient.execute(Lorg/apache/http/client/methods/HttpUriRequest;)Lorg/apache/http/HttpResponse; from vs.a(Ljava/util/List;Ljava/util/List;)Z
I/block   (11929): com.domobile.applock ** BLOCKED org/apache/http/impl/client/DefaultHttpClient.execute(Lorg/apache/http/client/methods/HttpUriRequest;)Lorg/apache/http/HttpResponse; from com/domobile/frame/a/b.a(Lcom/domobile/frame/a/c;)Ljava/lang/String;
I/block   ( 1789): com.cmcm.locker ** BLOCKED org/apache/http/client/HttpClient.execute(Lorg/apache/http/client/methods/HttpUriRequest;)Lorg/apache/http/HttpResponse; from com/cleanmaster/kinfoc/q.b(Lcom/cleanmaster/kinfoc/m;Ljava/lang/String;Lcom/cleanmaster/kinfoc/g;)Z
I/block   (12042): com.lazyswipe ** BLOCKED java/net/URL.openConnection()Ljava/net/URLConnection; from com/lazyswipe/d/h.a(Landroid/content/Context;Ljava/net/URL;)Ljava/net/URLConnection;
I/block   (12042): com.lazyswipe ** BLOCKED java/net/URL.openConnection()Ljava/net/URLConnection; from com/lazyswipe/d/h.a(Landroid/content/Context;Ljava/net/URL;)Ljava/net/URLConnection;
I/block   ( 1789): com.cmcm.locker ** BLOCKED org/apache/http/client/HttpClient.execute(Lorg/apache/http/client/methods/HttpUriRequest;)Lorg/apache/http/HttpResponse; from com/cleanmaster/kinfoc/q.b(Lcom/cleanmaster/kinfoc/m;Ljava/lang/String;Lcom/cleanmaster/kinfoc/g;)