I/block   ( 1789): com.cmcm.locker ** BLOCKED org/apache/http/client/HttpClient.execute(Lorg/apache/http/client/methods/HttpUriRequest;)Lorg/apache/http/HttpResponse; from com/cleanmaster/kinfoc/q.b(Lcom/cleanmaster/kinfoc/m;Ljava/lang/String;Lcom/cleanmaster/kinfoc/g;)Z
I/block   (27853): com.cleanmaster.mguard ** BLOCKED java/net/URL.openConnection()Ljava/net/URLConnection; from com/cleanmaster/kinfoc/base/i.b(Lcom/cleanmaster/kinfoc/k;Ljava/lang/String;Lcom/cleanmaster/kinfoc/f;)Z
I/block   (27853): com.cleanmaster.mguard ** BLOCKED java/net/URL.openConnection()Ljava/net/URLConnection; from com/cleanmaster/kinfoc/base/i.b(Lcom/cleanmaster/kinfoc/k;Ljava/lang/String;Lcom/cleanmaster/kinfoc/f;)Z
I/block   ( 1789): com.cmcm.locker ** BLOCKED org/apache/http/client/HttpClient.execute(Lorg/apache/http/client/methods/HttpUriRequest;)Lorg/apache/http/HttpResponse; from com/cleanmaster/kinfoc/q.b(Lcom/cleanmaster/kinfoc/m;Ljava/lang/String;Lcom/cleanmaster/kinfoc/g;)Z
I/block   (27853): com.cleanmaster.mguard ** BLOCKED java/net/URL.openConnection()Ljava/net/URLConnection; from com/cleanmaster/kinfoc/base/i.b(Lcom/cleanmaster/kinfoc/k;Ljava/lang/String;Lcom/cleanmaster/kinfoc/f;)Z
I/block   (27853): com.cleanmaster.mguard ** BLOCKED java/net/URL.openConnection()Ljava/net/URLConnection; from com/cleanmaster/kinfoc/base/i.b(Lcom/cleanmaster/kinfoc/k;Ljava/lang/String;Lcom/cleanmaster/kinfoc/f;)Z
I/block   ( 1789): com.cmcm.locker ** BLOCKED org/apache/http/client/HttpClient.execute(Lorg/apache/http/client/methods/HttpUriRequest;)Lorg/apache/http/HttpResponse; from com/cleanmaster/kinfoc/q.b(Lcom/cleanmaster/kinfoc/m;Ljava/lang/String;Lcom/cleanmaster/kinfoc/g;)Z
I/block   (27853): com.cleanmaster.mguard ** BLOCKED java/net/URL.openConnection()Ljava/net/URLConnection; from com/cleanmaster/kinfoc/base/i.b(Lcom/cleanmaster/kinfoc/k;Ljava/lang/String;Lcom/cleanmaster/kinfoc/f;)Z
I/block   (27853): com.cleanmaster.mguard ** BLOCKED java/net/URL.openConnection()Ljava/net/URLConnection; from com/cleanmaster/kinfoc/base/i.b(Lcom/cleanmaster/kinfoc/k;Ljava/lang/String;Lcom/cleanmaster/kinfoc/f;)Z
I/block   ( 1789): com.cmcm.locker ** BLOCKED org/apache/http/client/HttpClient.execute(Lorg/apache/http/client/methods/HttpUriRequest;)Lorg/apache/http/HttpResponse; from com/cleanmaster/kinfoc/q.b(Lcom/cleanmaster/kinfoc/m;Ljava/lang/String;Lcom/cleanmaster/kinfoc/g;)Z
I/block   ( 1195): com.dianxinos.optimizer.duplay ** BLOCKED org/apache/http/impl/client/DefaultHttpClient.execute(Lorg/apache/http/client/methods/HttpUriRequest;)Lorg/apache/http/HttpResponse; from dxoptimizer/abl.a(Ljava/util/List;Ljava/util/List;)Z
I/block   ( 1195): com.dianxinos.optimizer.duplay ** BLOCKED org/apache/http/impl/client/DefaultHttpClient.execute(Lorg/apache/http/client/methods/HttpUriRequest;)Lorg/apache/http/HttpResponse; from dxoptimizer/abl.a(Ljava/util/List;Ljava/util/List;)Z
I/block   ( 1195): com.dianxinos.optimizer.duplay ** BLOCKED org/apache/http/impl/client/DefaultHttpClient.execute(Lorg/apache/http/client/methods/HttpUriRequest;)Lorg/apache/http/HttpResponse; from dxoptimizer/abl.a(Ljava/util/List;Ljava/util/List;)Z
I/block   (27853): com.cleanmaster.mguard ** BLOCKED java/net/URL.openConnection()Ljava/net/URLConnection; from com/cleanmaster/kinfoc/base/i.b(Lcom/cleanmaster/kinfoc/k;Ljava/lang/String;Lcom/cleanmaster/kinfoc/f;)Z
I/block   (27853): com.cleanmaster.mguard ** BLOCKED java/net/URL.openConnection()Ljava/net/URLConnection; from com/cleanmaster/kinfoc/base/i.b(Lcom/cleanmaster/kinfoc/k;Ljava/lang/String;Lcom/cleanmaster/kinfoc/f;)Z
I/block   ( 1789): com.cmcm.locker ** BLOCKED org/apache/http/client/HttpClient.execute(Lorg/apache/http/client/methods/HttpUriRequest;)Lorg/apache/http/HttpResponse; from com/cleanmaster/kinfoc/q.b(Lcom/cleanmaster/kinfoc/m;Ljava/lang/String;Lcom/cleanmaster/kinfoc/g;)Z
I/block   (29821): com.antivirus ** BLOCKED java/net/URL.openConnection()Ljava/net/URLConnection; from com/avg/toolkit/b/j.a(Landroid/content/Context;Lorg/json/JSONObject;Lorg/json/JSONArray;Lorg/json/JSONObject;Ljava/lang/String;)I
I/block   (29821): com.antivirus ** BLOCKED java/net/URL.openConnection()Ljava/net/URLConnection; from com/avg/toolkit/b/j.a(Landroid/content/Context;Lorg/json/JSONObject;Lorg/json/JSONArray;Lorg/json/JSONObject;Ljava/lang/String;)I
I/block   (30108): com.ksmobile.launcher ** BLOCKED org/apache/http/client/HttpClient.execute(Lorg/apache/http/client/methods/HttpUriRequest;)Lorg/apache/http/HttpResponse; from com/cm/kinfoc/l.b(Lcom/cm/kinfoc/k;Ljava/lang/String;Lcom/cm/kinfoc/e;)Z
I/block   (30108): com.ksmobile.launcher ** BLOCKED org/apache/http/client/HttpClient.execute(Lorg/apache/http/client/methods/HttpUriRequest;)Lorg/apache/http/HttpResponse; from com/cm/kinfoc/l.b(Lcom/cm/kinfoc/k;Ljava/lang/String;Lcom/cm/kinfoc/e;)Z
I/block   (30240): com.dianxinos.dxbs ** BLOCKED org/apache/http/impl/client/DefaultHttpClient.execute(Lorg/apache/http/client/methods/HttpUriRequest;)Lorg/apache/http/HttpResponse; from vs.a(Ljava/util/List;Ljava/util/List;)Z
I/block   ( 1195): com.dianxinos.optimizer.duplay ** BLOCKED org/apache/http/impl/client/DefaultHttpClient.execute(Lorg/apache/http/client/methods/HttpUriRequest;)Lorg/apache/http/HttpResponse; from dxoptimizer/abl.a(Ljava/util/List;Ljava/util/List;)Z
I/block   ( 1195): com.dianxinos.optimizer.duplay ** BLOCKED org/apache/http/impl/client/DefaultHttpClient.execute(Lorg/apache/http/client/methods/HttpUriRequest;)Lorg/apache/http/HttpResponse; from dxoptimizer/abl.a(Ljava/util/List;Ljava/util/List;)Z
I/block   ( 1195): com.dianxinos.optimizer.duplay ** BLOCKED org/apache/http/impl/client/DefaultHttpClient.execute(Lorg/apache/http/client/methods/HttpUriRequest;)Lorg/apache/http/HttpResponse; from dxoptimizer/abl.a(Ljava/util/List;Ljava/util/List;)Z
I/block   (30240): com.dianxinos.dxbs ** BLOCKED org/apache/http/impl/client/DefaultHttpClient.execute(Lorg/apache/http/client/methods/HttpUriRequest;)Lorg/apache/http/HttpResponse; from vs.a(Ljava/util/List;Ljava/util/List;)Z
I/block   (30240): com.dianxinos.dxbs ** BLOCKED org/apache/http/impl/client/DefaultHttpClient.execute(Lorg/apache/http/client/methods/HttpUriRequest;)Lorg/apache/http/HttpResponse; from vs.a(Ljava/util/List;Ljava/util/List;)Z
I/block   (30240): com.dianxinos.dxbs ** BLOCKED org/apache/http/impl/client/DefaultHttpClient.execute(Lorg/apache/http/client/methods/HttpUriRequest;)Lorg/apache/http/HttpResponse; from vs.a(Ljava/util/List;Ljava/util/List;)Z
I/block   (30240): com.dianxinos.dxbs ** BLOCKED org/apache/http/impl/client/DefaultHttpClient.execute(Lorg/apache/http/client/methods/HttpUriRequest;)Lorg/apache/http/HttpResponse; from vs.a(Ljava/util/List;Ljava/util/List;)Z
I/block   (30240): com.dianxinos.dxbs ** BLOCKED org/apache/http/impl/client/DefaultHttpClient.execute(Lorg/apache/http/client/methods/HttpUriRequest;)Lorg/apache/http/HttpResponse; from vs.a(Ljava/util/List;Ljava/util/List;)Z
I/block   (30240): com.dianxinos.dxbs ** BLOCKED org/apache/http/impl/client/DefaultHttpClient.execute(Lorg/apache/http/client/methods/HttpUriRequest;)Lorg/apache/http/HttpResponse; from vs.a(Ljava/util/List;Ljava/util/List;)Z
I/block   (30240): com.dianxinos.dxbs ** BLOCKED org/apache/http/impl/client/DefaultHttpClient.execute(Lorg/apache/http/client/methods/HttpUriRequest;)Lorg/apache/http/HttpResponse; from vs.a(Ljava/util/List;Ljava/util/List;)Z
I/block   (30240): com.dianxinos.dxbs ** BLOCKED org/apache/http/impl/client/DefaultHttpClient.execute(Lorg/apache/http/client/methods/HttpUriRequest;)Lorg/apache/http/HttpResponse; from vs.a(Ljava/util/List;Ljava/util/List;)Z
I/block   (30240): com.dianxinos.dxbs ** BLOCKED org/apache/http/impl/client/DefaultHttpClient.execute(Lorg/apache/http/client/methods/HttpUriRequest;)Lorg/apache/http/HttpResponse; from vs.a(Ljava/util/List;Ljava/util/List;)Z
I/block   (30240): com.dianxinos.dxbs ** BLOCKED org/apache/http/impl/client/DefaultHttpClient.execute(Lorg/apache/http/client/methods/HttpUriRequest;)Lorg/apache/http/HttpResponse; from vs.a(Ljava/util/List;Ljava/util/List;)Z
I/block   (30240): com.dianxinos.dxbs ** BLOCKED org/apache/http/impl/client/DefaultHttpClient.execute(Lorg/apache/http/client/methods/HttpUriRequest;)Lorg/apache/http/HttpResponse; from vs.a(Ljava/util/List;Ljava/util/List;)Z
I/block   (30240): com.dianxinos.dxbs ** BLOCKED org/apache/http/impl/client/DefaultHttpClient.execute(Lorg/apache/http/client/methods/HttpUriRequest;)Lorg/apache/http/HttpResponse; from vs.a(Ljava/util/List;Ljava/util/List;)Z
I/block   (30240): com.dianxinos.dxbs ** BLOCKED org/apache/http/impl/client/DefaultHttpClient.execute(Lorg/apache/http/client/methods/HttpUriRequest;)Lorg/apache/http/HttpResponse; from vs.a(Ljava/util/List;Ljava/util/List;)Z
I/block   ( 1195): com.dianxinos.optimizer.duplay ** BLOCKED org/apache/http/impl/client/DefaultHttpClient.execute(Lorg/apache/http/client/methods/HttpUriRequest;)Lorg/apache/http/HttpResponse; from dxoptimizer/abl.a(Ljava/util/List;Ljava/util/List;)Z
I/block   (30240): com.dianxinos.dxbs ** BLOCKED org/apache/http/impl/client/DefaultHttpClient.execute(Lorg/apache/http/client/methods/HttpUriRequest;)Lorg/apache/http/HttpResponse; from vs.a(Ljava/util/List;Ljava/util/List;)Z
I/block   ( 1195): com.dianxinos.optimizer.duplay ** BLOCKED org/apache/http/impl/client/DefaultHttpClient.execute(Lorg/apache/http/client/methods/HttpUriRequest;)Lorg/apache/http/HttpResponse; from dxoptimizer/abl.a(Ljava/util/List;Ljava/util/List;)Z
I/block   ( 1195): com.dianxinos.optimizer.duplay ** BLOCKED org/apache/http/impl/client/DefaultHttpClient.execute(Lorg/apache/http/client/methods/HttpUriRequest;)Lorg/apache/http/HttpResponse; from dxoptimizer/abl.a(Ljava/util/List;Ljava/util/List;)Z
I/block   (30240): com.dianxinos.dxbs ** BLOCKED org/apache/http/impl/client/DefaultHttpClient.execute(Lorg/apache/http/client/methods/HttpUriRequest;)Lorg/apache/http/HttpResponse; from vs.a(Ljava/util/List;Ljava/util/List;)Z
I/block   (30240): com.dianxinos.dxbs ** BLOCKED org/apache/http/impl/client/DefaultHttpClient.execute(Lorg/apache/http/client/methods/HttpUriRequest;)Lorg/apache/http/HttpResponse; from vs.a(Ljava/util/List;Ljava/util/List;)Z
I/block   (30240): com.dianxinos.dxbs ** BLOCKED org/apache/http/impl/client/DefaultHttpClient.execute(Lorg/apache/http/client/methods/HttpUriRequest;)Lorg/apache/http/HttpResponse; from vs.a(Ljava/util/List;Ljava/util/List;)Z
I/block   (30240): com.dianxinos.dxbs ** BLOCKED org/apache/http/impl/client/DefaultHttpClient.execute(Lorg/apache/http/client/methods/HttpUriRequest;)Lorg/apache/http/HttpResponse; from vs.a(Ljava/util/List;Ljava/util/List;)Z
I/block   (30240): com.dianxinos.dxbs ** BLOCKED org/apache/http/impl/client/DefaultHttpClient.execute(Lorg/apache/http/client/methods/HttpUriRequest;)Lorg/apache/http/HttpResponse; from vs.a(Ljava/util/List;Ljava/util/List;)Z
I/block   (30240): com.dianxinos.dxbs ** BLOCKED org/apache/http/impl/client/DefaultHttpClient.execute(Lorg/apache/http/client/methods/HttpUriRequest;)Lorg/apache/http/HttpResponse; from vs.a(Ljava/util/List;Ljava/util/List;)Z
I/block   (30240): com.dianxinos.dxbs ** BLOCKED org/apache/http/impl/client/DefaultHttpClient.execute(Lorg/apache/http/client/methods/HttpUriRequest;)Lorg/apache/http/HttpResponse; from vs.a(Ljava/util/List;Ljava/util/List;)Z
I/block   (30503): com.walmart.android ** BLOCKED org/apache/http/client/HttpClient.execute(Lorg/apache/http/client/methods/HttpUriRequest;)Lorg/apache/http/HttpResponse; from RLSDK/b$a.a([Ljava/util/ArrayList;)Ljava/lang/Void;
I/block   (30240): com.dianxinos.dxbs ** BLOCKED org/apache/http/impl/client/DefaultHttpClient.execute(Lorg/apache/http/client/methods/HttpUriRequest;)Lorg/apache/http/HttpResponse; from vs.a(Ljava/util/List;Ljava/util/List;)Z
I/block   (30240): com.dianxinos.dxbs ** BLOCKED org/apache/http/impl/client/DefaultHttpClient.execute(Lorg/apache/http/client/methods/HttpUriRequest;)Lorg/apache/http/HttpResponse; from vs.a(Ljava/util/List;Ljava/util/List;)Z
I/block   (30240): com.dianxinos.dxbs ** BLOCKED org/apache/http/impl/client/DefaultHttpClient.execute(Lorg/apache/http/client/methods/HttpUriRequest;)Lorg/apache/http/HttpResponse; from vs.a(Ljava/util/List;Ljava/util/List;)Z
I/block   (27853): com.cleanmaster.mguard ** BLOCKED java/net/URL.openConnection()Ljava/net/URLConnection; from com/cleanmaster/kinfoc/base/i.b(Lcom/cleanmaster/kinfoc/k;Ljava/lang/String;Lcom/cleanmaster/kinfoc/f;)Z
I/block   ( 1789): com.cmcm.locker ** BLOCKED org/apache/http/client/HttpClient.execute(Lorg/apache/http/client/methods/HttpUriRequest;)Lorg/apache/http/HttpResponse; from com/cleanmaster/kinfoc/q.b(Lcom/cleanmaster/kinfoc/m;Ljava/lang/String;Lcom/cleanmaster/kinfoc/g;)Z
I/block   (27853): com.cleanmaster.mguard ** BLOCKED java/net/URL.openConnection()Ljava/net/URLConnection; from com/cleanmaster/kinfoc/base/i.b(Lcom/cleanmaster/kinfoc/k;Ljava/lang/String;Lcom/cleanmaster/kinfoc/f;)Z
I/block   ( 1789): com.cmcm.locker ** BLOCKED org/apache/http/client/HttpClient.execute(Lorg/apache/http/client/methods/HttpUriRequest;)Lorg/apache/http/HttpResponse; from com/cleanmaster/kinfoc/q.b(Lcom/cleanmaster/kinfoc/m;Ljava/lang/String;Lcom/cleanmaster/kinfoc/g;)Z
I/block   (30240): com.dianxinos.dxbs ** BLOCKED org/apache/http/impl/client/DefaultHttpClient.execute(Lorg/apache/http/client/methods/HttpUriRequest;)Lorg/apache/http/HttpResponse; from vs.a(Ljava/util/List;Ljava/util/List;)Z
I/block   (30240): com.dianxinos.dxbs ** BLOCKED org/apache/http/impl/client/DefaultHttpClient.execute(Lorg/apache/http/client/methods/HttpUriRequest;)Lorg/apache/http/HttpResponse; from vs.a(Ljava/util/List;Ljava/util/List;)Z
I/block   (30240): com.dianxinos.dxbs ** BLOCKED org/apache/http/impl/client/DefaultHttpClient.execute(Lorg/apache/http/client/methods/HttpUriRequest;)Lorg/apache/http/HttpResponse; from vs.a(Ljava/util/List;Ljava/util/List;)Z
I/block   (27853): com.cleanmaster.mguard ** BLOCKED java/net/URL.openConnection()Ljava/net/URLConnection; from com/cleanmaster/kinfoc/base/i.b(Lcom/cleanmaster/kinfoc/k;Ljava/lang/String;Lcom/cleanmaster/kinfoc/f;)Z
I/block   ( 1789): com.cmcm.locker ** BLOCKED org/apache/http/client/HttpClient.execute(Lorg/apache/http/client/methods/HttpUriRequest;)Lorg/apache/http/HttpResponse; from com/cleanmaster/kinfoc/q.b(Lcom/cleanmaster/kinfoc/m;Ljava/lang/String;Lcom/cleanmaster/kinfoc/g;)Z
I/block   (30240): com.dianxinos.dxbs ** BLOCKED org/apache/http/impl/client/DefaultHttpClient.execute(Lorg/apache/http/client/methods/HttpUriRequest;)Lorg/apache/http/HttpResponse; from vs.a(Ljava/util/List;Ljava/util/List;)Z
I/block   (30240): com.dianxinos.dxbs ** BLOCKED org/apache/http/impl/client/DefaultHttpClient.execute(Lorg/apache/http/client/methods/HttpUriRequest;)Lorg/apache/http/HttpResponse; from vs.a(Ljava/util/List;Ljava/util/List;)Z
I/block   (30240): com.dianxinos.dxbs ** BLOCKED org/apache/http/impl/client/DefaultHttpClient.execute(Lorg/apache/http/client/methods/HttpUriRequest;)Lorg/apache/http/HttpResponse; from vs.a(Ljava/util/List;Ljava/util/List;)Z
I/block   (27853): com.cleanmaster.mguard ** BLOCKED java/net/URL.openConnection()Ljava/net/URLConnection; from com/cleanmaster/kinfoc/base/i.b(Lcom/cleanmaster/kinfoc/k;Ljava/lang/String;Lcom/cleanmaster/kinfoc/f;)Z
I/block   ( 1789): com.cmcm.locker ** BLOCKED org/apache/http/client/HttpClient.execute(Lorg/apache/http/client/methods/HttpUriRequest;)Lorg/apache/http/HttpResponse; from com/cleanmaster/kinfoc/q.b(Lcom/cleanmaster/kinfoc/m;Ljava/lang/String;Lcom/cleanmaster/kinfoc/g;)Z
I/block   (30240): com.dianxinos.dxbs ** BLOCKED org/apache/http/impl/client/DefaultHttpClient.execute(Lorg/apache/http/client/methods/HttpUriRequest;)Lorg/apache/http/HttpResponse; from vs.a(Ljava/util/List;Ljava/util/List;)Z
I/block   (30240): com.dianxinos.dxbs ** BLOCKED org/apache/http/impl/client/DefaultHttpClient.execute(Lorg/apache/http/client/methods/HttpUriRequest;)Lorg/apache/http/HttpResponse; from vs.a(Ljava/util/List;Ljava/util/List;)Z
I/block   (30240): com.dianxinos.dxbs ** BLOCKED org/apache/http/impl/client/DefaultHttpClient.execute(Lorg/apache/http/client/methods/HttpUriRequest;)Lorg/apache/http/HttpResponse; from vs.a(Ljava/util/List;Ljava/util/List;)Z
I/block   (30240): com.dianxinos.dxbs ** BLOCKED org/apache/http/impl/client/DefaultHttpClient.execute(Lorg/apache/http/client/methods/HttpUriRequest;)Lorg/apache/http/HttpResponse; from vs.a(Ljava/util/List;Ljava/util/List;)Z
I/block   (30240): com.dianxinos.dxbs ** BLOCKED org/apache/http/impl/client/DefaultHttpClient.execute(Lorg/apache/http/client/methods/HttpUriRequest;)Lorg/apache/http/HttpResponse; from vs.a(Ljava/util/List;Ljava/util/List;)Z
I/block   (30240): com.dianxinos.dxbs ** BLOCKED org/apache/http/impl/client/DefaultHttpClient.execute(Lorg/apache/http/client/methods/HttpUriRequest;)Lorg/apache/http/HttpResponse; from vs.a(Ljava/util/List;Ljava/util/List;)Z
I/block   (27853): com.cleanmaster.mguard ** BLOCKED java/net/URL.openConnection()Ljava/net/URLConnection; from com/cleanmaster/kinfoc/base/i.b(Lcom/cleanmaster/kinfoc/k;Ljava/lang/String;Lcom/cleanmaster/kinfoc/f;)Z
I/block   ( 1789): com.cmcm.locker ** BLOCKED org/apache/http/client/HttpClient.execute(Lorg/apache/http/client/methods/HttpUriRequest;)Lorg/apache/http/HttpResponse; from com/cleanmaster/kinfoc/q.b(Lcom/cleanmaster/kinfoc/m;Ljava/lang/String;Lcom/cleanmaster/kinfoc/g;)Z
I/block   (27853): com.cleanmaster.mguard ** BLOCKED java/net/URL.openConnection()Ljava/net/URLConnection; from com/cleanmaster/kinfoc/base/i.b(Lcom/cleanmaster/kinfoc/k;Ljava/lang/String;Lcom/cleanmaster/kinfoc/f;)Z
I/block   ( 1789): com.cmcm.locker ** BLOCKED org/apache/http/client/HttpClient.execute(Lorg/apache/http/client/methods/HttpUriRequest;)Lorg/apache/http/HttpResponse; from com/cleanmaster/kinfoc/q.b(Lcom/cleanmaster/kinfoc/m;Ljava/lang/String;Lcom/cleanmaster/kinfoc/g;)Z
I/block   (27853): com.cleanmaster.mguard ** BLOCKED java/net/URL.openConnection()Ljava/net/URLConnection; from com/cleanmaster/kinfoc/base/i.b(Lcom/cleanmaster/kinfoc/k;Ljava/lang/String;Lcom/cleanmaster/kinfoc/f;)Z
I/block   ( 1789): com.cmcm.locker ** BLOCKED org/apache/http/client/HttpClient.execute(Lorg/apache/http/client/methods/HttpUriRequest;)Lorg/apache/http/HttpResponse; from com/cleanmaster/kinfoc/q.b(Lcom/cleanmaster/kinfoc/m;Ljava/lang/String;Lcom/cleanmaster/kinfoc/g;)Z
I/block   (27853): com.cleanmaster.mguard ** BLOCKED java/net/URL.openConnection()Ljava/net/URLConnection; from com/cleanmaster/kinfoc/base/i.b(Lcom/cleanmaster/kinfoc/k;Ljava/lang/String;Lcom/cleanmaster/kinfoc/f;)Z
I/block   (27853): com.cleanmaster.mguard ** BLOCKED java/net/URL.openConnection()Ljava/net/URLConnection; from com/cleanmaster/kinfoc/base/i.b(Lcom/cleanmaster/kinfoc/k;Ljava/lang/String;Lcom/cleanmaster/kinfoc/f;)Z
I/block   ( 1789): com.cmcm.locker ** BLOCKED org/apache/http/client/HttpClient.execute(Lorg/apache/http/client/methods/HttpUriRequest;)Lorg/apache/http/HttpResponse; from com/cleanmaster/kinfoc/q.b(Lcom/cleanmaster/kinfoc/m;Ljava/lang/String;Lcom/cleanmaster/kinfoc/g;)Z
I/block   (27853): com.cleanmaster.mguard ** BLOCKED java/net/URL.openConnection()Ljava/net/URLConnection; from com/cleanmaster/kinfoc/base/i.b(Lcom/cleanmaster/kinfoc/k;Ljava/lang/String;Lcom/cleanmaster/kinfoc/f;)Z
I/block   (27853): com.cleanmaster.mguard ** BLOCKED java/net/URL.openConnection()Ljava/net/URLConnection; from com/cleanmaster/kinfoc/base/i.b(Lcom/cleanmaster/kinfoc/k;Ljava/lang/String;Lcom/cleanmaster/kinfoc/f;)Z
I/block   ( 1789): com.cmcm.locker ** BLOCKED org/apache/http/client/HttpClient.execute(Lorg/apache/http/client/methods/HttpUriRequest;)Lorg/apache/http/HttpResponse; from com/cleanmaster/kinfoc/q.b(Lcom/cleanmaster/kinfoc/m;Ljava/lang/String;Lcom/cleanmaster/kinfoc/g;)Z
I/block   (27853): com.cleanmaster.mguard ** BLOCKED java/net/URL.openConnection()Ljava/net/URLConnection; from com/cleanmaster/kinfoc/base/i.b(Lcom/cleanmaster/kinfoc/k;Ljava/lang/String;Lcom/cleanmaster/kinfoc/f;)Z
I/block   (27853): com.cleanmaster.mguard ** BLOCKED java/net/URL.openConnection()Ljava/net/URLConnection; from com/cleanmaster/kinfoc/base/i.b(Lcom/cleanmaster/kinfoc/k;Ljava/lang/String;Lcom/cleanmaster/kinfoc/f;)Z
I/block   ( 1789): com.cmcm.locker ** BLOCKED org/apache/http/client/HttpClient.execute(Lorg/apache/http/client/methods/HttpUriRequest;)Lorg/apache/http/HttpResponse; from com/cleanmaster/kinfoc/q.b(Lcom/cleanmaster/kinfoc/m;Ljava/lang/String;Lcom/cleanmaster/kinfoc/g;)Z
I/block   (27853): com.cleanmaster.mguard ** BLOCKED java/net/URL.openConnection()Ljava/net/URLConnection; from com/cleanmaster/kinfoc/base/i.b(Lcom/cleanmaster/kinfoc/k;Ljava/lang/String;Lcom/cleanmaster/kinfoc/f;)Z
I/block   (27853): com.cleanmaster.mguard ** BLOCKED java/net/URL.openConnection()Ljava/net/URLConnection; from com/cleanmaster/kinfoc/base/i.b(Lcom/cleanmaster/kinfoc/k;Ljava/lang/String;Lcom/cleanmaster/kinfoc/f;)Z
I/block   ( 1789): com.cmcm.locker ** BLOCKED org/apache/http/client/HttpClient.execute(Lorg/apache/http/client/methods/HttpUriRequest;)Lorg/apache/http/HttpResponse; from com/cleanmaster/kinfoc/q.b(Lcom/cleanmaster/kinfoc/m;Ljava/lang/String;Lcom/cleanmaster/kinfoc/g;)Z
I/block   (27853): com.cleanmaster.mguard ** BLOCKED java/net/URL.openConnection()Ljava/net/URLConnection; from com/cleanmaster/kinfoc/base/i.b(Lcom/cleanmaster/kinfoc/k;Ljava/lang/String;Lcom/cleanmaster/kinfoc/f;)Z
I/block   (27853): com.cleanmaster.mguard ** BLOCKED java/net/URL.openConnection()Ljava/net/URLConnection; from com/cleanmaster/kinfoc/base/i.b(Lcom/cleanmaster/kinfoc/k;Ljava/lang/String;Lcom/cleanmaster/kinfoc/f;)Z
I/block   ( 1789): com.cmcm.locker ** BLOCKED org/apache/http/client/HttpClient.execute(Lorg/apache/http/client/methods/HttpUriRequest;)Lorg/apache/http/HttpResponse; from com/cleanmaster/kinfoc/q.b(Lcom/cleanmaster/kinfoc/m;Ljava/lang/String;Lcom/cleanmaster/kinfoc/g;)Z
I/block   (27853): com.cleanmaster.mguard ** BLOCKED java/net/URL.openConnection()Ljava/net/URLConnection; from com/cleanmaster/kinfoc/base/i.b(Lcom/cleanmaster/kinfoc/k;Ljava/lang/String;Lcom/cleanmaster/kinfoc/f;)Z
I/block   ( 1789): com.cmcm.locker ** BLOCKED org/apache/http/client/HttpClient.execute(Lorg/apache/http/client/methods/HttpUriRequest;)Lorg/apache/http/HttpResponse; from com/cleanmaster/kinfoc/q.b(Lcom/cleanmaster/kinfoc/m;Ljava/lang/String;Lcom/cleanmaster/kinfoc/g;)Z
I/block   ( 1789): com.cmcm.locker ** BLOCKED org/apache/http/client/HttpClient.execute(Lorg/apache/http/client/methods/HttpUriRequest;)Lorg/apache/http/HttpResponse; from com/cleanmaster/kinfoc/q.b(Lcom/cleanmaster/kinfoc/m;Ljava/lang/String;Lcom/cleanmaster/kinfoc/g;)Z
I/block   (27584): net.wargaming.wot.blitz ** BLOCKED org/apache/http/client/HttpClient.execute(Lorg/apache/http/client/methods/HttpUriRequest;)Lorg/apache/http/HttpResponse; from com/mobileapptracker/d.a(Ljava/lang/String;Lorg/json/JSONObject;Z)Lorg/json/JSONObject;
I/block   ( 1789): com.cmcm.locker ** BLOCKED org/apache/http/client/HttpClient.execute(Lorg/apache/http/client/methods/HttpUriRequest;)Lorg/apache/http/HttpResponse; from com/cleanmaster/kinfoc/q.b(Lcom/cleanmaster/kinfoc/m;Ljava/lang/String;Lcom/cleanmaster/kinfoc/g;)Z
I/block   (27853): com.cleanmaster.mguard ** BLOCKED java/net/URL.openConnection()Ljava/net/URLConnection; from com/cleanmaster/kinfoc/base/i.b(Lcom/cleanmaster/kinfoc/k;Ljava/lang/String;Lcom/cleanmaster/kinfoc/f;)Z
I/block   (30240): com.dianxinos.dxbs ** BLOCKED org/apache/http/impl/client/DefaultHttpClient.execute(Lorg/apache/http/client/methods/HttpUriRequest;)Lorg/apache/http/HttpResponse; from vs.a(Ljava/util/List;Ljava/util/List;)Z
I/block   (30240): com.dianxinos.dxbs ** BLOCKED org/apache/http/impl/client/DefaultHttpClient.execute(Lorg/apache/http/client/methods/HttpUriRequest;)Lorg/apache/http/HttpResponse; from vs.a(Ljava/util/List;Ljava/util/List;)Z
I/block   ( 1195): com.dianxinos.optimizer.duplay ** BLOCKED org/apache/http/impl/client/DefaultHttpClient.execute(Lorg/apache/http/client/methods/HttpUriRequest;)Lorg/apache/http/HttpResponse; from dxoptimizer/abl.a(Ljava/util/List;Ljava/util/List;)Z
I/block   (30240): com.dianxinos.dxbs ** BLOCKED org/apache/http/impl/client/DefaultHttpClient.execute(Lorg/apache/http/client/methods/HttpUriRequest;)Lorg/apache/http/HttpResponse; from vs.a(Ljava/util/List;Ljava/util/List;)Z
I/block   ( 1195): com.dianxinos.optimizer.duplay ** BLOCKED org/apache/http/impl/client/DefaultHttpClient.execute(Lorg/apache/http/client/methods/HttpUriRequest;)Lorg/apache/http/HttpResponse; from dxoptimizer/abl.a(Ljava/util/List;Ljava/util/List;)Z
I/block   ( 1195): com.dianxinos.optimizer.duplay ** BLOCKED org/apache/http/impl/client/DefaultHttpClient.execute(Lorg/apache/http/client/methods/HttpUriRequest;)Lorg/apache/http/HttpResponse; from dxoptimizer/abl.a(Ljava/util/List;Ljava/util/List;)Z
I/block   ( 1789): com.cmcm.locker ** BLOCKED org/apache/http/client/HttpClient.execute(Lorg/apache/http/client/methods/HttpUriRequest;)Lorg/apache/http/HttpResponse; from com/cleanmaster/kinfoc/q.b(Lcom/cleanmaster/kinfoc/m;Ljava/lang/String;Lcom/cleanmaster/kinfoc/g;)Z
I/block   (27853): com.cleanmaster.mguard ** BLOCKED java/net/URL.openConnection()Ljava/net/URLConnection; from com/cleanmaster/kinfoc/base/i.b(Lcom/cleanmaster/kinfoc/k;Ljava/lang/String;Lcom/cleanmaster/kinfoc/f;)Z
I/block   ( 1789): com.cmcm.locker ** BLOCKED org/apache/http/client/HttpClient.execute(Lorg/apache/http/client/methods/HttpUriRequest;)Lorg/apache/http/HttpResponse; from com/cleanmaster/kinfoc/q.b(Lcom/cleanmaster/kinfoc/m;Ljava/lang/String;Lcom/cleanmaster/kinfoc/g;)Z
I/block   (27853): com.cleanmaster.mguard ** BLOCKED java/net/URL.openConnection()Ljava/net/URLConnection; from com/cleanmaster/kinfoc/base/i.b(Lcom/cleanmaster/kinfoc/k;Ljava/lang/String;Lcom/cleanmaster/kinfoc/f;)Z
I/block   ( 1789): com.cmcm.locker ** BLOCKED org/apache/http/client/HttpClient.execute(Lorg/apache/http/client/methods/HttpUriRequest;)Lorg/apache/http/HttpResponse; from com/cleanmaster/kinfoc/q.b(Lcom/cleanmaster/kinfoc/m;Ljava/lang/String;Lcom/cleanmaster/kinfoc/g;)Z
I/block   (27853): com.cleanmaster.mguard ** BLOCKED java/net/URL.openConnection()Ljava/net/URLConnection; from com/cleanmaster/kinfoc/base/i.b(Lcom/cleanmaster/kinfoc/k;Ljava/lang/String;Lcom/cleanmaster/kinfoc/f;)Z
I/block   ( 1789): com.cmcm.locker ** BLOCKED org/apache/http/client/HttpClient.execute(Lorg/apache/http/client/methods/HttpUriRequest;)Lorg/apache/http/HttpResponse; from com/cleanmaster/kinfoc/q.b(Lcom/cleanmaster/kinfoc/m;Ljava/lang/String;Lcom/cleanmaster/kinfoc/g;)Z
I/block   (27853): com.cleanmaster.mguard ** BLOCKED java/net/URL.openConnection()Ljava/net/URLConnection; from com/cleanmaster/kinfoc/base/i.b(Lcom/cleanmaster/kinfoc/k;Ljava/lang/String;Lcom/cleanmaster/kinfoc/f;)Z
I/block   ( 1789): com.cmcm.locker ** BLOCKED org/apache/http/client/HttpClient.execute(Lorg/apache/http/client/methods/HttpUriRequest;)Lorg/apache/http/HttpResponse; from com/cleanmaster/kinfoc/q.b(Lcom/cleanmaster/kinfoc/m;Ljava/lang/String;Lcom/cleanmaster/kinfoc/g;)Z
I/block   (27853): com.cleanmaster.mguard ** BLOCKED java/net/URL.openConnection()Ljava/net/URLConnection; from com/cleanmaster/kinfoc/base/i.b(Lcom/cleanmaster/kinfoc/k;Ljava/lang/String;Lcom/cleanmaster/kinfoc/f;)Z
I/block   (27853): com.cleanmaster.mguard ** BLOCKED java/net/URL.openConnection()Ljava/net/URLConnection; from com/cleanmaster/kinfoc/base/i.b(Lcom/cleanmaster/kinfoc/k;Ljava/lang/String;Lcom/cleanmaster/kinfoc/f;)Z
I/block   ( 1789): com.cmcm.locker ** BLOCKED org/apache/http/client/HttpClient.execute(Lorg/apache/http/client/methods/HttpUriRequest;)Lorg/apache/http/HttpResponse; from com/cleanmaster/kinfoc/q.b(Lcom/cleanmaster/kinfoc/m;Ljava/lang/String;Lcom/cleanmaster/kinfoc/g;)Z
I/block   (27853): com.cleanmaster.mguard ** BLOCKED java/net/URL.openConnection()Ljava/net/URLConnection; from com/cleanmaster/kinfoc/base/i.b(Lcom/cleanmaster/kinfoc/k;Ljava/lang/String;Lcom/cleanmaster/kinfoc/f;)Z
I/block   (27853): com.cleanmaster.mguard ** BLOCKED java/net/URL.openConnection()Ljava/net/URLConnection; from com/cleanmaster/kinfoc/base/i.b(Lcom/cleanmaster/kinfoc/k;Ljava/lang/String;Lcom/cleanmaster/kinfoc/f;)Z
I/block   ( 1789): com.cmcm.locker ** BLOCKED org/apache/http/client/HttpClient.execute(Lorg/apache/http/client/methods/HttpUriRequest;)Lorg/apache/http/HttpResponse; from com/cleanmaster/kinfoc/q.b(Lcom/cleanmaster/kinfoc/m;Ljava/lang/String;Lcom/cleanmaster/kinfoc/g;)Z
I/block   (27853): com.cleanmaster.mguard ** BLOCKED java/net/URL.openConnection()Ljava/net/URLConnection; from com/cleanmaster/kinfoc/base/i.b(Lcom/cleanmaster/kinfoc/k;Ljava/lang/String;Lcom/cleanmaster/kinfoc/f;)Z
I/block   ( 1789): com.cmcm.locker ** BLOCKED org/apache/http/client/HttpClient.execute(Lorg/apache/http/client/methods/HttpUriRequest;)Lorg/apache/http/HttpResponse; from com/cleanmaster/kinfoc/q.b(Lcom/cleanmaster/kinfoc/m;Ljava/lang/String;Lcom/cleanmaster/kinfoc/g;)Z
I/block   (27853): com.cleanmaster.mguard ** BLOCKED java/net/URL.openConnection()Ljava/net/URLConnection; from com/cleanmaster/kinfoc/base/i.b(Lcom/cleanmaster/kinfoc/k;Ljava/lang/String;Lcom/cleanmaster/kinfoc/f;)Z
I/block   (30240): com.dianxinos.dxbs ** BLOCKED org/apache/http/impl/client/DefaultHttpClient.execute(Lorg/apache/http/client/methods/HttpUriRequest;)Lorg/apache/http/HttpResponse; from vs.a(Ljava/util/List;Ljava/util/List;)Z
I/block   (30240): com.dianxinos.dxbs ** BLOCKED org/apache/http/impl/client/DefaultHttpClient.execute(Lorg/apache/http/client/methods/HttpUriRequest;)Lorg/apache/http/HttpResponse; from vs.a(Ljava/util/List;Ljava/util/List;)Z
I/block   (30240): com.dianxinos.dxbs ** BLOCKED org/apache/http/impl/client/DefaultHttpClient.execute(Lorg/apache/http/client/methods/HttpUriRequest;)Lorg/apache/http/HttpResponse; from vs.a(Ljava/util/List;Ljava/util/List;)Z
I/block   ( 1195): com.dianxinos.optimizer.duplay ** BLOCKED org/apache/http/impl/client/DefaultHttpClient.execute(Lorg/apache/http/client/methods/HttpUriRequest;)Lorg/apache/http/HttpResponse; from dxoptimizer/abl.a(Ljava/util/List;Ljava/util/List;)Z
I/block   ( 1195): com.dianxinos.optimizer.duplay ** BLOCKED org/apache/http/impl/client/DefaultHttpClient.execute(Lorg/apache/http/client/methods/HttpUriRequest;)Lorg/apache/http/HttpResponse; from dxoptimizer/abl.a(Ljava/util/List;Ljava/util/List;)Z
I/block   ( 1195): com.dianxinos.optimizer.duplay ** BLOCKED org/apache/http/impl/client/DefaultHttpClient.execute(Lorg/apache/http/client/methods/HttpUriRequest;)Lorg/apache/http/HttpResponse; from dxoptimizer/abl.a(Ljava/util/List;Ljava/util/List;)Z
I/block   (27853): com.cleanmaster.mguard ** BLOCKED java/net/URL.openConnection()Ljava/net/URLConnection; from com/cleanmaster/kinfoc/base/i.b(Lcom/cleanmaster/kinfoc/k;Ljava/lang/String;Lcom/cleanmaster/kinfoc/f;)Z
I/block   ( 1789): com.cmcm.locker ** BLOCKED org/apache/http/client/HttpClient.execute(Lorg/apache/http/client/methods/HttpUriRequest;)Lorg/apache/http/HttpResponse; from com/cleanmaster/kinfoc/q.b(Lcom/cleanmaster/kinfoc/m;Ljava/lang/String;Lcom/cleanmaster/kinfoc/g;)Z
I/block   (27853): com.cleanmaster.mguard ** BLOCKED java/net/URL.openConnection()Ljava/net/URLConnection; from com/cleanmaster/kinfoc/base/i.b(Lcom/cleanmaster/kinfoc/k;Ljava/lang/String;Lcom/cleanmaster/kinfoc/f;)Z
I/block   (27853): com.cleanmaster.mguard ** BLOCKED java/net/URL.openConnection()Ljava/net/URLConnection; from com/cleanmaster/kinfoc/base/i.b(Lcom/cleanmaster/kinfoc/k;Ljava/lang/String;Lcom/cleanmaster/kinfoc/f;)Z
I/block   (27853): com.cleanmaster.mguard ** BLOCKED java/net/URL.openConnection()Ljava/net/URLConnection; from com/cleanmaster/kinfoc/base/i.b(Lcom/cleanmaster/kinfoc/k;Ljava/lang/String;Lcom/cleanmaster/kinfoc/f;)Z
I/block   ( 1789): com.cmcm.locker ** BLOCKED org/apache/http/client/HttpClient.execute(Lorg/apache/http/client/methods/HttpUriRequest;)Lorg/apache/http/HttpResponse; from com/cleanmaster/kinfoc/q.b(Lcom/cleanmaster/kinfoc/m;Ljava/lang/String;Lcom/cleanmaster/kinfoc/g;)Z
I/block   (27853): com.cleanmaster.mguard ** BLOCKED java/net/URL.openConnection()Ljava/net/URLConnection; from com/cleanmaster/kinfoc/base/i.b(Lcom/cleanmaster/kinfoc/k;Ljava/lang/String;Lcom/cleanmaster/kinfoc/f;)Z
I/block   ( 1789): com.cmcm.locker ** BLOCKED org/apache/http/client/HttpClient.execute(Lorg/apache/http/client/methods/HttpUriRequest;)Lorg/apache/http/HttpResponse; from com/cleanmaster/kinfoc/q.b(Lcom/cleanmaster/kinfoc/m;Ljava/lang/String;Lcom/cleanmaster/kinfoc/g;)Z
I/block   (27853): com.cleanmaster.mguard ** BLOCKED java/net/URL.openConnection()Ljava/net/URLConnection; from com/cleanmaster/kinfoc/base/i.b(Lcom/cleanmaster/kinfoc/k;Ljava/lang/String;Lcom/cleanmaster/kinfoc/f;)Z
I/block   (27853): com.cleanmaster.mguard ** BLOCKED java/net/URL.openConnection()Ljava/net/URLConnection; from com/cleanmaster/kinfoc/base/i.b(Lcom/cleanmaster/kinfoc/k;Ljava/lang/String;Lcom/cleanmaster/kinfoc/f;)Z
I/block   ( 1789): com.cmcm.locker ** BLOCKED org/apache/http/client/HttpClient.execute(Lorg/apache/http/client/methods/HttpUriRequest;)Lorg/apache/http/HttpResponse; from com/cleanmaster/kinfoc/q.b(Lcom/cleanmaster/kinfoc/m;Ljava/lang/String;Lcom/cleanmaster/kinfoc/g;)Z
I/block   ( 1789): com.cmcm.locker ** BLOCKED org/apache/http/client/HttpClient.execute(Lorg/apache/http/client/methods/HttpUriRequest;)Lorg/apache/http/HttpResponse; from com/cleanmaster/kinfoc/q.b(Lcom/cleanmaster/kinfoc/m;Ljava/lang/String;Lcom/cleanmaster/kinfoc/g;)Z
I/block   (27584): net.wargaming.wot.blitz ** BLOCKED org/apache/http/client/HttpClient.execute(Lorg/apache/http/client/methods/HttpUriRequest;)Lorg/apache/http/HttpResponse; from com/mobileapptracker/d.a(Ljava/lang/String;Lorg/json/JSONObject;Z)Lorg/json/JSONObject;
I/block   ( 3090): com.cleanmaster.security ** BLOCKED java/net/URL.openConnection()Ljava/net/URLConnection; from com/ijinshan/krcmd/util/c.a(Ljava/lang/String;II)Ljava/lang/String;
I/block   ( 3090): com.cleanmaster.security ** BLOCKED java/net/URL.openConnection()Ljava/net/URLConnection; from com/ijinshan/krcmd/util/c.a(Ljava/lang/String;II)Ljava/lang/String;
I/block   ( 3090): com.cleanmaster.security ** BLOCKED java/net/URL.openConnection()Ljava/net/URLConnection; from com/ijinshan/krcmd/util/c.a(Ljava/lang/String;II)Ljava/lang/String;
I/block   ( 3090): com.cleanmaster.security ** BLOCKED java/net/URL.openConnection()Ljava/net/URLConnection; from com/ijinshan/krcmd/util/c.a(Ljava/lang/String;II)Ljava/lang/String;
I/block   ( 3090): com.cleanmaster.security ** BLOCKED java/net/URL.openConnection()Ljava/net/URLConnection; from com/ijinshan/krcmd/util/c.a(Ljava/lang/String;II)Ljava/lang/String;
I/block   ( 3090): com.cleanmaster.security ** BLOCKED java/net/URL.openConnection()Ljava/net/URLConnection; from com/ijinshan/krcmd/util/c.a(Ljava/lang/String;II)Ljava/lang/String;
I/block   ( 3090): com.cleanmaster.security ** BLOCKED java/net/URL.openConnection()Ljava/net/URLConnection; from com/ijinshan/krcmd/util/c.a(Ljava/lang/String;II)Ljava/lang/String;
I/block   ( 3090): com.cleanmaster.security ** BLOCKED java/net/URL.openConnection()Ljava/net/URLConnection; from com/ijinshan/krcmd/util/c.a(Ljava/lang/String;II)Ljava/lang/String;
I/block   ( 3090): com.cleanmaster.security ** BLOCKED java/net/URL.openConnection()Ljava/net/URLConnection; from com/ijinshan/krcmd/util/c.a(Ljava/lang/String;II)Ljava/lang/String;
I/block   ( 3090): com.cleanmaster.security ** BLOCKED java/net/URL.openConnection()Ljava/net/URLConnection; from com/ijinshan/krcmd/util/c.a(Ljava/lang/String;II)Ljava/lang/String;
I/block   ( 3090): com.cleanmaster.security ** BLOCKED java/net/URL.openConnection()Ljava/net/URLConnection; from com/ijinshan/krcmd/util/c.a(Ljava/lang/String;II)Ljava/lang/String;
I/block   ( 3090): com.cleanmaster.security ** BLOCKED java/net/URL.openConnection()Ljava/net/URLConnection; from com/ijinshan/krcmd/util/c.a(Ljava/lang/String;II)Ljava/lang/String;
I/block   ( 3090): com.cleanmaster.security ** BLOCKED java/net/URL.openConnection()Ljava/net/URLConnection; from com/ijinshan/krcmd/util/c.a(Ljava/lang/String;II)Ljava/lang/String;
I/block   ( 3090): com.cleanmaster.security ** BLOCKED java/net/URL.openConnection()Ljava/net/URLConnection; from com/ijinshan/krcmd/util/c.a(Ljava/lang/String;II)Ljava/lang/String;
I/block   ( 3090): com.cleanmaster.security ** BLOCKED java/net/URL.openConnection()Ljava/net/URLConnection; from com/ijinshan/krcmd/util/c.a(Ljava/lang/String;II)Ljava/lang/String;
I/block   ( 3090): com.cleanmaster.security ** BLOCKED java/net/URL.openConnection()Ljava/net/URLConnection; from com/ijinshan/krcmd/util/c.a(Ljava/lang/String;II)Ljava/lang/String;
I/block   ( 3090): com.cleanmaster.security ** BLOCKED java/net/URL.openConnection()Ljava/net/URLConnection; from com/ijinshan/krcmd/util/c.a(Ljava/lang/String;II)Ljava/lang/String;
I/block   ( 3090): com.cleanmaster.security ** BLOCKED java/net/URL.openConnection()Ljava/net/URLConnection; from com/ijinshan/krcmd/util/c.a(Ljava/lang/String;II)Ljava/lang/String;
I/block   ( 3090): com.cleanmaster.security ** BLOCKED java/net/URL.openConnection()Ljava/net/URLConnection; from com/ijinshan/krcmd/util/c.a(Ljava/lang/String;II)Ljava/lang/String;
I/block   ( 3090): com.cleanmaster.security ** BLOCKED java/net/URL.openConnection()Ljava/net/URLConnection; from com/ijinshan/krcmd/util/c.a(Ljava/lang/String;II)Ljava/lang/String;
I/block   ( 3090): com.cleanmaster.security ** BLOCKED java/net/URL.openConnection()Ljava/net/URLConnection; from com/ijinshan/krcmd/util/c.a(Ljava/lang/String;II)Ljava/lang/String;
I/block   ( 5727): com.ijinshan.kbatterydoctor_en ** BLOCKED java/net/URL.openConnection()Ljava/net/URLConnection; from biv.a(Ljava/lang/String;II)Ljava/lang/String;
I/block   ( 5727): com.ijinshan.kbatterydoctor_en ** BLOCKED java/net/URL.openConnection()Ljava/net/URLConnection; from biv.a(Ljava/lang/String;II)Ljava/lang/String;
I/block   ( 5727): com.ijinshan.kbatterydoctor_en ** BLOCKED java/net/URL.openConnection()Ljava/net/URLConnection; from biv.a(Ljava/lang/String;II)Ljava/lang/String;
I/block   ( 5727): com.ijinshan.kbatterydoctor_en ** BLOCKED java/net/URL.openConnection()Ljava/net/URLConnection; from biv.a(Ljava/lang/String;II)Ljava/lang/String;
I/block   ( 5727): com.ijinshan.kbatterydoctor_en ** BLOCKED java/net/URL.openConnection()Ljava/net/URLConnection; from biv.a(Ljava/lang/String;II)Ljava/lang/String;
I/block   ( 5727): com.ijinshan.kbatterydoctor_en ** BLOCKED java/net/URL.openConnection()Ljava/net/URLConnection; from biv.a(Ljava/lang/String;II)Ljava/lang/String;
I/block   ( 5727): com.ijinshan.kbatterydoctor_en ** BLOCKED java/net/URL.openConnection()Ljava/net/URLConnection; from biv.a(Ljava/lang/String;II)Ljava/lang/String;
I/block   ( 5727): com.ijinshan.kbatterydoctor_en ** BLOCKED java/net/URL.openConnection()Ljava/net/URLConnection; from biv.a(Ljava/lang/String;II)Ljava/lang/String;
I/block   ( 5727): com.ijinshan.kbatterydoctor_en ** BLOCKED java/net/URL.openConnection()Ljava/net/URLConnection; from biv.a(Ljava/lang/String;II)Ljava/lang/String;
I/block   ( 5727): com.ijinshan.kbatterydoctor_en ** BLOCKED java/net/URL.openConnection()Ljava/net/URLConnection; from biv.a(Ljava/lang/String;II)Ljava/lang/String;
I/block   ( 5727): com.ijinshan.kbatterydoctor_en ** BLOCKED java/net/URL.openConnection()Ljava/net/URLConnection; from biv.a(Ljava/lang/String;II)Ljava/lang/String;
I/block   ( 5727): com.ijinshan.kbatterydoctor_en ** BLOCKED java/net/URL.openConnection()Ljava/net/URLConnection; from biv.a(Ljava/lang/String;II)Ljava/lang/String;
I/block   ( 5727): com.ijinshan.kbatterydoctor_en ** BLOCKED java/net/URL.openConnection()Ljava/net/URLConnection; from biv.a(Ljava/lang/String;II)Ljava/lang/String;
I/block   ( 5727): com.ijinshan.kbatterydoctor_en ** BLOCKED java/net/URL.openConnection()Ljava/net/URLConnection; from biv.a(Ljava/lang/String;II)Ljava/lang/String;
I/block   ( 5727): com.ijinshan.kbatterydoctor_en ** BLOCKED java/net/URL.openConnection()Ljava/net/URLConnection; from biv.a(Ljava/lang/String;II)Ljava/lang/String;
I/block   (27853): com.cleanmaster.mguard ** BLOCKED java/net/URL.openConnection()Ljava/net/URLConnection; from com/ijinshan/krcmd/util/c.a(Ljava/lang/String;II)Ljava/lang/String;
I/block   (27853): com.cleanmaster.mguard ** BLOCKED java/net/URL.openConnection()Ljava/net/URLConnection; from com/ijinshan/krcmd/util/c.a(Ljava/lang/String;II)Ljava/lang/String;
I/block   (27853): com.cleanmaster.mguard ** BLOCKED java/net/URL.openConnection()Ljava/net/URLConnection; from com/ijinshan/krcmd/util/c.a(Ljava/lang/String;II)Ljava/lang/String;
I/block   (27853): com.cleanmaster.mguard ** BLOCKED java/net/URL.openConnection()Ljava/net/URLConnection; from com/ijinshan/krcmd/util/c.a(Ljava/lang/String;II)Ljava/lang/String;
I/block   (27853): com.cleanmaster.mguard ** BLOCKED java/net/URL.openConnection()Ljava/net/URLConnection; from com/ijinshan/krcmd/util/c.a(Ljava/lang/String;II)Ljava/lang/String;
I/block   (27853): com.cleanmaster.mguard ** BLOCKED java/net/URL.openConnection()Ljava/net/URLConnection; from com/ijinshan/krcmd/util/c.a(Ljava/lang/String;II)Ljava/lang/String;
I/block   (27853): com.cleanmaster.mguard ** BLOCKED java/net/URL.openConnection()Ljava/net/URLConnection; from com/ijinshan/krcmd/util/c.a(Ljava/lang/String;II)Ljava/lang/String;
I/block   (27853): com.cleanmaster.mguard ** BLOCKED java/net/URL.openConnection()Ljava/net/URLConnection; from com/ijinshan/krcmd/util/c.a(Ljava/lang/String;II)Ljava/lang/String;
I/block   (27853): com.cleanmaster.mguard ** BLOCKED java/net/URL.openConnection()Ljava/net/URLConnection; from com/ijinshan/krcmd/util/c.a(Ljava/lang/String;II)Ljava/lang/String;
I/block   (27853): com.cleanmaster.mguard ** BLOCKED java/net/URL.openConnection()Ljava/net/URLConnection; from com/ijinshan/krcmd/util/c.a(Ljava/lang/String;II)Ljava/lang/String;
I/block   (31904): com.cleanmaster.mguard ** BLOCKED java/net/URL.openConnection()Ljava/net/URLConnection; from com/keniu/security/update/b/g.a(Ljava/lang/String;Ljava/lang/Object;)I
I/block   (31904): com.cleanmaster.mguard ** BLOCKED java/net/URL.openConnection()Ljava/net/URLConnection; from com/keniu/security/update/b/g.a(Ljava/lang/String;Ljava/lang/Object;)I
I/block   (31904): com.cleanmaster.mguard ** BLOCKED java/net/URL.openConnection()Ljava/net/URLConnection; from com/ijinshan/krcmd/util/c.a(Ljava/lang/String;II)Ljava/lang/String;
I/block   (31904): com.cleanmaster.mguard ** BLOCKED java/net/URL.openConnection()Ljava/net/URLConnection; from com/ijinshan/krcmd/util/c.a(Ljava/lang/String;II)Ljava/lang/String;
I/block   (31904): com.cleanmaster.mguard ** BLOCKED java/net/URL.openConnection()Ljava/net/URLConnection; from com/ijinshan/krcmd/util/c.a(Ljava/lang/String;II)Ljava/lang/String;
I/block   (31904): com.cleanmaster.mguard ** BLOCKED java/net/URL.openConnection()Ljava/net/URLConnection; from com/ijinshan/krcmd/util/c.a(Ljava/lang/String;II)Ljava/lang/String;
I/block   (31904): com.cleanmaster.mguard ** BLOCKED java/net/URL.openConnection()Ljava/net/URLConnection; from com/ijinshan/krcmd/util/c.a(Ljava/lang/String;II)Ljava/lang/String;
I/block   (31904): com.cleanmaster.mguard ** BLOCKED java/net/URL.openConnection()Ljava/net/URLConnection; from com/cleanmaster/cleancloud/core/base/ai.a([BI)Lcom/cleanmaster/cleancloud/core/base/aj;
I/block   (31904): com.cleanmaster.mguard ** BLOCKED java/net/URL.openConnection()Ljava/net/URLConnection; from com/cleanmaster/cleancloud/core/base/ai.a([BI)Lcom/cleanmaster/cleancloud/core/base/aj;
I/block   (31904): com.cleanmaster.mguard ** BLOCKED java/net/URL.openConnection()Ljava/net/URLConnection; from com/cleanmaster/cleancloud/core/base/ai.a([BI)Lcom/cleanmaster/cleancloud/core/base/aj;
I/block   (31904): com.cleanmaster.mguard ** BLOCKED java/net/URL.openConnection()Ljava/net/URLConnection; from com/cleanmaster/cleancloud/core/base/ai.a([BI)Lcom/cleanmaster/cleancloud/core/base/aj;
I/block   ( 1789): com.cmcm.locker ** BLOCKED org/apache/http/client/HttpClient.execute(Lorg/apache/http/client/methods/HttpUriRequest;)Lorg/apache/http/HttpResponse; from com/cleanmaster/kinfoc/q.b(Lcom/cleanmaster/kinfoc/m;Ljava/lang/String;Lcom/cleanmaster/kinfoc/g;)Z
I/block   (31904): com.cleanmaster.mguard ** BLOCKED java/net/URL.openConnection()Ljava/net/URLConnection; from com/cleanmaster/kinfoc/base/i.b(Lcom/cleanmaster/kinfoc/k;Ljava/lang/String;Lcom/cleanmaster/kinfoc/f;)Z
I/block   ( 1789): com.cmcm.locker ** BLOCKED org/apache/http/client/HttpClient.execute(Lorg/apache/http/client/methods/HttpUriRequest;)Lorg/apache/http/HttpResponse; from com/cleanmaster/kinfoc/q.b(Lcom/cleanmaster/kinfoc/m;Ljava/lang/String;Lcom/cleanmaster/kinfoc/g;)Z
I/block   (31904): com.cleanmaster.mguard ** BLOCKED java/net/URL.openConnection()Ljava/net/URLConnection; from com/cleanmaster/kinfoc/base/i.b(Lcom/cleanmaster/kinfoc/k;Ljava/lang/String;Lcom/cleanmaster/kinfoc/f;)Z
I/block   ( 1789): com.cmcm.locker ** BLOCKED org/apache/http/client/HttpClient.execute(Lorg/apache/http/client/methods/HttpUriRequest;)Lorg/apache/http/HttpResponse; from com/cleanmaster/kinfoc/q.b(Lcom/cleanmaster/kinfoc/m;Ljava/lang/String;Lcom/cleanmaster/kinfoc/g;)Z
I/block   (31904): com.cleanmaster.mguard ** BLOCKED java/net/URL.openConnection()Ljava/net/URLConnection; from com/cleanmaster/kinfoc/base/i.b(Lcom/cleanmaster/kinfoc/k;Ljava/lang/String;Lcom/cleanmaster/kinfoc/f;)Z
I/block   ( 1789): com.cmcm.locker ** BLOCKED org/apache/http/client/HttpClient.execute(Lorg/apache/http/client/methods/HttpUriRequest;)Lorg/apache/http/HttpResponse; from com/cleanmaster/kinfoc/q.b(Lcom/cleanmaster/kinfoc/m;Ljava/lang/String;Lcom/cleanmaster/kinfoc/g;)Z
I/block   (31904): com.cleanmaster.mguard ** BLOCKED java/net/URL.openConnection()Ljava/net/URLConnection; from com/cleanmaster/kinfoc/base/i.b(Lcom/cleanmaster/kinfoc/k;Ljava/lang/String;Lcom/cleanmaster/kinfoc/f;)Z
I/block   ( 1789): com.cmcm.locker ** BLOCKED org/apache/http/client/HttpClient.execute(Lorg/apache/http/client/methods/HttpUriRequest;)Lorg/apache/http/HttpResponse; from com/cleanmaster/kinfoc/q.b(Lcom/cleanmaster/kinfoc/m;Ljava/lang/String;Lcom/cleanmaster/kinfoc/g;)Z
I/block   (31904): com.cleanmaster.mguard ** BLOCKED java/net/URL.openConnection()Ljava/net/URLConnection; from com/cleanmaster/kinfoc/base/i.b(Lcom/cleanmaster/kinfoc/k;Ljava/lang/String;Lcom/cleanmaster/kinfoc/f;)Z
I/block   ( 1789): com.cmcm.locker ** BLOCKED org/apache/http/client/HttpClient.execute(Lorg/apache/http/client/methods/HttpUriRequest;)Lorg/apache/http/HttpResponse; from com/cleanmaster/kinfoc/q.b(Lcom/cleanmaster/kinfoc/m;Ljava/lang/String;Lcom/cleanmaster/kinfoc/g;)Z
I/block   (31904): com.cleanmaster.mguard ** BLOCKED java/net/URL.openConnection()Ljava/net/URLConnection; from com/cleanmaster/kinfoc/base/i.b(Lcom/cleanmaster/kinfoc/k;Ljava/lang/String;Lcom/cleanmaster/kinfoc/f;)Z
I/block   (31904): com.cleanmaster.mguard ** BLOCKED java/net/URL.openConnection()Ljava/net/URLConnection; from com/cleanmaster/kinfoc/base/i.b(Lcom/cleanmaster/kinfoc/k;Ljava/lang/String;Lcom/cleanmaster/kinfoc/f;)Z
I/block   ( 1789): com.cmcm.locker ** BLOCKED org/apache/http/client/HttpClient.execute(Lorg/apache/http/client/methods/HttpUriRequest;)Lorg/apache/http/HttpResponse; from com/cleanmaster/kinfoc/q.b(Lcom/cleanmaster/kinfoc/m;Ljava/lang/String;Lcom/cleanmaster/kinfoc/g;)Z
I/block   (31904): com.cleanmaster.mguard ** BLOCKED java/net/URL.openConnection()Ljava/net/URLConnection; from com/cleanmaster/kinfoc/base/i.b(Lcom/cleanmaster/kinfoc/k;Ljava/lang/String;Lcom/cleanmaster/kinfoc/f;)Z
I/block   ( 1789): com.cmcm.locker ** BLOCKED org/apache/http/client/HttpClient.execute(Lorg/apache/http/client/methods/HttpUriRequest;)Lorg/apache/http/HttpResponse; from com/cleanmaster/kinfoc/q.b(Lcom/cleanmaster/kinfoc/m;Ljava/lang/String;Lcom/cleanmaster/kinfoc/g;)Z
I/block   (31904): com.cleanmaster.mguard ** BLOCKED java/net/URL.openConnection()Ljava/net/URLConnection; from com/cleanmaster/kinfoc/base/i.b(Lcom/cleanmaster/kinfoc/k;Ljava/lang/String;Lcom/cleanmaster/kinfoc/f;)Z
I/block   (31904): com.cleanmaster.mguard ** BLOCKED java/net/URL.openConnection()Ljava/net/URLConnection; from com/cleanmaster/kinfoc/base/i.b(Lcom/cleanmaster/kinfoc/k;Ljava/lang/String;Lcom/cleanmaster/kinfoc/f;)Z
I/block   ( 1789): com.cmcm.locker ** BLOCKED org/apache/http/client/HttpClient.execute(Lorg/apache/http/client/methods/HttpUriRequest;)Lorg/apache/http/HttpResponse; from com/cleanmaster/kinfoc/q.b(Lcom/cleanmaster/kinfoc/m;Ljava/lang/String;Lcom/cleanmaster/kinfoc/g;)Z
I/block   (31904): com.cleanmaster.mguard ** BLOCKED java/net/URL.openConnection()Ljava/net/URLConnection; from com/cleanmaster/kinfoc/base/i.b(Lcom/cleanmaster/kinfoc/k;Ljava/lang/String;Lcom/cleanmaster/kinfoc/f;)Z
I/block   (31904): com.cleanmaster.mguard ** BLOCKED java/net/URL.openConnection()Ljava/net/URLConnection; from com/cleanmaster/kinfoc/base/i.b(Lcom/cleanmaster/kinfoc/k;Ljava/lang/String;Lcom/cleanmaster/kinfoc/f;)Z
I/block   ( 1789): com.cmcm.locker ** BLOCKED org/apache/http/client/HttpClient.execute(Lorg/apache/http/client/methods/HttpUriRequest;)Lorg/apache/http/HttpResponse; from com/cleanmaster/kinfoc/q.b(Lcom/cleanmaster/kinfoc/m;Ljava/lang/String;Lcom/cleanmaster/kinfoc/g;)Z
I/block   (31904): com.cleanmaster.mguard ** BLOCKED java/net/URL.openConnection()Ljava/net/URLConnection; from com/cleanmaster/kinfoc/base/i.b(Lcom/cleanmaster/kinfoc/k;Ljava/lang/String;Lcom/cleanmaster/kinfoc/f;)Z
I/block   (31904): com.cleanmaster.mguard ** BLOCKED java/net/URL.openConnection()Ljava/net/URLConnection; from com/cleanmaster/kinfoc/base/i.b(Lcom/cleanmaster/kinfoc/k;Ljava/lang/String;Lcom/cleanmaster/kinfoc/f;)Z
